[49664]  LOG:  starting PostgreSQL 18.6 on x86_64-windows, compiled by msvc-19.44.35228, 64-bit
[49664]  LOG:  listening on IPv4 address "127.0.0.1", port 62378
[49664]  LOG:  listening on IPv6 address "::1", port 62378
[44324]  LOG:  database system was shut down at 2026-10-04 02:47:00 EEST
[49664]  LOG:  database system is ready to accept connections
[52216] [unknown] LOG:  connection received: host=127.0.0.1 port=62386
[52216] [unknown] LOG:  connection authenticated: identity="fv_gate_bootstrap" method=scram-sha-256 (C:/ProgramData/FluxVault.Tests/NEXT002/46f18bb76fce45feb5773c7b90921512/data/pg_hba.conf:1)
[52216] [unknown] LOG:  connection authorized: user=fv_gate_bootstrap database=postgres application_name=psql
[52216] psql LOG:  connection ready: setup total=40.723 ms, fork=17.867 ms, authentication=9.907 ms
[49664]  LOG:  received SIGHUP, reloading configuration files
[51208] [unknown] LOG:  connection received: host=127.0.0.1 port=62394
[51208] [unknown] LOG:  connection authenticated: identity="NT AUTHORITY\SYSTEM" method=sspi (C:/ProgramData/FluxVault.Tests/NEXT002/46f18bb76fce45feb5773c7b90921512/data/pg_hba.conf:1)
[51208] [unknown] LOG:  no match in usermap "fv_gate_system" for user "fv_gate_service" authenticated as "SYSTEM@NT AUTHORITY"
[51208] [unknown] FATAL:  SSPI authentication failed for user "fv_gate_service"
[51208] [unknown] DETAIL:  Connection matched file "C:/ProgramData/FluxVault.Tests/NEXT002/46f18bb76fce45feb5773c7b90921512/data/pg_hba.conf" line 1: "host fv_gate_261003 fv_gate_service 127.0.0.1/32 sspi map=fv_gate_system include_realm=1"
[34996] [unknown] LOG:  connection received: host=127.0.0.1 port=62395
[34996] [unknown] LOG:  connection authenticated: identity="NT AUTHORITY\SYSTEM" method=sspi (C:/ProgramData/FluxVault.Tests/NEXT002/46f18bb76fce45feb5773c7b90921512/data/pg_hba.conf:1)
[34996] [unknown] LOG:  no match in usermap "fv_gate_system" for user "fv_gate_service" authenticated as "SYSTEM@NT AUTHORITY"
[34996] [unknown] FATAL:  SSPI authentication failed for user "fv_gate_service"
[34996] [unknown] DETAIL:  Connection matched file "C:/ProgramData/FluxVault.Tests/NEXT002/46f18bb76fce45feb5773c7b90921512/data/pg_hba.conf" line 1: "host fv_gate_261003 fv_gate_service 127.0.0.1/32 sspi map=fv_gate_system include_realm=1"
[17424] [unknown] LOG:  connection received: host=127.0.0.1 port=62397
[17424] [unknown] LOG:  connection authenticated: identity="NT AUTHORITY\SYSTEM" method=sspi (C:/ProgramData/FluxVault.Tests/NEXT002/46f18bb76fce45feb5773c7b90921512/data/pg_hba.conf:1)
[17424] [unknown] LOG:  no match in usermap "fv_gate_system" for user "fv_gate_service" authenticated as "SYSTEM@NT AUTHORITY"
[17424] [unknown] FATAL:  SSPI authentication failed for user "fv_gate_service"
[17424] [unknown] DETAIL:  Connection matched file "C:/ProgramData/FluxVault.Tests/NEXT002/46f18bb76fce45feb5773c7b90921512/data/pg_hba.conf" line 1: "host fv_gate_261003 fv_gate_service 127.0.0.1/32 sspi map=fv_gate_system include_realm=1"
[52544] [unknown] LOG:  connection received: host=::1 port=62398
[52544] [unknown] LOG:  connection authenticated: identity="NT AUTHORITY\SYSTEM" method=sspi (C:/ProgramData/FluxVault.Tests/NEXT002/46f18bb76fce45feb5773c7b90921512/data/pg_hba.conf:2)
[52544] [unknown] LOG:  no match in usermap "fv_gate_system" for user "fv_gate_service" authenticated as "SYSTEM@NT AUTHORITY"
[52544] [unknown] FATAL:  SSPI authentication failed for user "fv_gate_service"
[52544] [unknown] DETAIL:  Connection matched file "C:/ProgramData/FluxVault.Tests/NEXT002/46f18bb76fce45feb5773c7b90921512/data/pg_hba.conf" line 2: "host fv_gate_261003 fv_gate_service ::1/128 sspi map=fv_gate_system include_realm=1"
[12880] [unknown] LOG:  connection received: host=::1 port=62399
[12880] [unknown] LOG:  connection authenticated: identity="NT AUTHORITY\SYSTEM" method=sspi (C:/ProgramData/FluxVault.Tests/NEXT002/46f18bb76fce45feb5773c7b90921512/data/pg_hba.conf:2)
[12880] [unknown] LOG:  no match in usermap "fv_gate_system" for user "fv_gate_service" authenticated as "SYSTEM@NT AUTHORITY"
[12880] [unknown] FATAL:  SSPI authentication failed for user "fv_gate_service"
[12880] [unknown] DETAIL:  Connection matched file "C:/ProgramData/FluxVault.Tests/NEXT002/46f18bb76fce45feb5773c7b90921512/data/pg_hba.conf" line 2: "host fv_gate_261003 fv_gate_service ::1/128 sspi map=fv_gate_system include_realm=1"
[32788] [unknown] LOG:  connection received: host=::1 port=62400
[32788] [unknown] LOG:  connection authenticated: identity="NT AUTHORITY\SYSTEM" method=sspi (C:/ProgramData/FluxVault.Tests/NEXT002/46f18bb76fce45feb5773c7b90921512/data/pg_hba.conf:2)
[32788] [unknown] LOG:  no match in usermap "fv_gate_system" for user "fv_gate_service" authenticated as "SYSTEM@NT AUTHORITY"
[32788] [unknown] FATAL:  SSPI authentication failed for user "fv_gate_service"
[32788] [unknown] DETAIL:  Connection matched file "C:/ProgramData/FluxVault.Tests/NEXT002/46f18bb76fce45feb5773c7b90921512/data/pg_hba.conf" line 2: "host fv_gate_261003 fv_gate_service ::1/128 sspi map=fv_gate_system include_realm=1"
[49664]  LOG:  received fast shutdown request
[49664]  LOG:  aborting any active transactions
[49664]  LOG:  background worker "logical replication launcher" (PID 35256) exited with exit code 1
[47856]  LOG:  shutting down
[47856]  LOG:  checkpoint starting: shutdown immediate
[47856]  LOG:  checkpoint complete: wrote 994 buffers (24.3%), wrote 3 SLRU buffers; 0 WAL file(s) added, 0 removed, 0 recycled; write=0.026 s, sync=0.263 s, total=0.296 s; sync files=310, longest=0.005 s, average=0.001 s; distance=4677 kB, estimate=4677 kB; lsn=0/1C84C58, redo lsn=0/1C84C58
[49664]  LOG:  database system is shut down
