[30800]  LOG:  starting PostgreSQL 18.6 on x86_64-windows, compiled by msvc-19.44.35228, 64-bit
[30800]  LOG:  listening on IPv4 address "127.0.0.1", port 54434
[30800]  LOG:  listening on IPv6 address "::1", port 54434
[57108]  LOG:  database system was shut down at 2026-10-04 03:36:07 EEST
[30800]  LOG:  database system is ready to accept connections
[36584] [unknown] LOG:  connection received: host=127.0.0.1 port=54441
[36584] [unknown] LOG:  connection authenticated: identity="fv_gate_bootstrap" method=scram-sha-256 (C:/ProgramData/FluxVault.Tests/NEXT002/da900f87d1014fb98717462ba39b5ae5/data/pg_hba.conf:1)
[36584] [unknown] LOG:  connection authorized: user=fv_gate_bootstrap database=postgres application_name=psql
[36584] psql LOG:  connection ready: setup total=48.480 ms, fork=21.330 ms, authentication=11.516 ms
[30800]  LOG:  received SIGHUP, reloading configuration files
[56012] [unknown] LOG:  connection received: host=127.0.0.1 port=54453
[56012] [unknown] LOG:  connection authenticated: identity="NT AUTHORITY\SYSTEM" method=sspi (C:/ProgramData/FluxVault.Tests/NEXT002/da900f87d1014fb98717462ba39b5ae5/data/pg_hba.conf:1)
[56012] [unknown] LOG:  no match in usermap "fv_gate_system" for user "fv_gate_service" authenticated as "SYSTEM@NT AUTHORITY"
[56012] [unknown] FATAL:  SSPI authentication failed for user "fv_gate_service"
[56012] [unknown] DETAIL:  Connection matched file "C:/ProgramData/FluxVault.Tests/NEXT002/da900f87d1014fb98717462ba39b5ae5/data/pg_hba.conf" line 1: "host fv_gate_261003 fv_gate_service 127.0.0.1/32 sspi map=fv_gate_system include_realm=1"
[56992] [unknown] LOG:  connection received: host=127.0.0.1 port=54454
[56992] [unknown] LOG:  connection authenticated: identity="NT AUTHORITY\SYSTEM" method=sspi (C:/ProgramData/FluxVault.Tests/NEXT002/da900f87d1014fb98717462ba39b5ae5/data/pg_hba.conf:1)
[56992] [unknown] LOG:  no match in usermap "fv_gate_system" for user "fv_gate_service" authenticated as "SYSTEM@NT AUTHORITY"
[56992] [unknown] FATAL:  SSPI authentication failed for user "fv_gate_service"
[56992] [unknown] DETAIL:  Connection matched file "C:/ProgramData/FluxVault.Tests/NEXT002/da900f87d1014fb98717462ba39b5ae5/data/pg_hba.conf" line 1: "host fv_gate_261003 fv_gate_service 127.0.0.1/32 sspi map=fv_gate_system include_realm=1"
[17044] [unknown] LOG:  connection received: host=127.0.0.1 port=54459
[17044] [unknown] LOG:  connection authenticated: identity="NT AUTHORITY\SYSTEM" method=sspi (C:/ProgramData/FluxVault.Tests/NEXT002/da900f87d1014fb98717462ba39b5ae5/data/pg_hba.conf:1)
[17044] [unknown] LOG:  no match in usermap "fv_gate_system" for user "fv_gate_service" authenticated as "SYSTEM@NT AUTHORITY"
[17044] [unknown] FATAL:  SSPI authentication failed for user "fv_gate_service"
[17044] [unknown] DETAIL:  Connection matched file "C:/ProgramData/FluxVault.Tests/NEXT002/da900f87d1014fb98717462ba39b5ae5/data/pg_hba.conf" line 1: "host fv_gate_261003 fv_gate_service 127.0.0.1/32 sspi map=fv_gate_system include_realm=1"
[35216] [unknown] LOG:  connection received: host=::1 port=54462
[35216] [unknown] LOG:  connection authenticated: identity="NT AUTHORITY\SYSTEM" method=sspi (C:/ProgramData/FluxVault.Tests/NEXT002/da900f87d1014fb98717462ba39b5ae5/data/pg_hba.conf:2)
[35216] [unknown] LOG:  no match in usermap "fv_gate_system" for user "fv_gate_service" authenticated as "SYSTEM@NT AUTHORITY"
[35216] [unknown] FATAL:  SSPI authentication failed for user "fv_gate_service"
[35216] [unknown] DETAIL:  Connection matched file "C:/ProgramData/FluxVault.Tests/NEXT002/da900f87d1014fb98717462ba39b5ae5/data/pg_hba.conf" line 2: "host fv_gate_261003 fv_gate_service ::1/128 sspi map=fv_gate_system include_realm=1"
[7568] [unknown] LOG:  connection received: host=::1 port=54463
[7568] [unknown] LOG:  connection authenticated: identity="NT AUTHORITY\SYSTEM" method=sspi (C:/ProgramData/FluxVault.Tests/NEXT002/da900f87d1014fb98717462ba39b5ae5/data/pg_hba.conf:2)
[7568] [unknown] LOG:  no match in usermap "fv_gate_system" for user "fv_gate_service" authenticated as "SYSTEM@NT AUTHORITY"
[7568] [unknown] FATAL:  SSPI authentication failed for user "fv_gate_service"
[7568] [unknown] DETAIL:  Connection matched file "C:/ProgramData/FluxVault.Tests/NEXT002/da900f87d1014fb98717462ba39b5ae5/data/pg_hba.conf" line 2: "host fv_gate_261003 fv_gate_service ::1/128 sspi map=fv_gate_system include_realm=1"
[53176] [unknown] LOG:  connection received: host=::1 port=54467
[53176] [unknown] LOG:  connection authenticated: identity="NT AUTHORITY\SYSTEM" method=sspi (C:/ProgramData/FluxVault.Tests/NEXT002/da900f87d1014fb98717462ba39b5ae5/data/pg_hba.conf:2)
[53176] [unknown] LOG:  no match in usermap "fv_gate_system" for user "fv_gate_service" authenticated as "SYSTEM@NT AUTHORITY"
[53176] [unknown] FATAL:  SSPI authentication failed for user "fv_gate_service"
[53176] [unknown] DETAIL:  Connection matched file "C:/ProgramData/FluxVault.Tests/NEXT002/da900f87d1014fb98717462ba39b5ae5/data/pg_hba.conf" line 2: "host fv_gate_261003 fv_gate_service ::1/128 sspi map=fv_gate_system include_realm=1"
[30800]  LOG:  received SIGHUP, reloading configuration files
[10364] [unknown] LOG:  connection received: host=127.0.0.1 port=54473
[10364] [unknown] LOG:  connection authenticated: identity="NT AUTHORITY\SYSTEM" method=sspi (C:/ProgramData/FluxVault.Tests/NEXT002/da900f87d1014fb98717462ba39b5ae5/data/pg_hba.conf:1)
[10364] [unknown] LOG:  connection authorized: user=fv_gate_service database=fv_gate_261003 application_name=FVGate.c716a43b61f44bac8f50654882826e44.System
[10364] FVGate.c716a43b61f44bac8f50654882826e44.System LOG:  connection ready: setup total=43.301 ms, fork=19.198 ms, authentication=8.174 ms
[20896] [unknown] LOG:  connection received: host=127.0.0.1 port=54476
[20896] [unknown] LOG:  connection authenticated: identity="NT AUTHORITY\SYSTEM" method=sspi (C:/ProgramData/FluxVault.Tests/NEXT002/da900f87d1014fb98717462ba39b5ae5/data/pg_hba.conf:1)
[20896] [unknown] LOG:  connection authorized: user=fv_gate_service database=fv_gate_261003 application_name=FVGate.34b50e477cd84e758540934c26944244.libpq
[20896] FVGate.34b50e477cd84e758540934c26944244.libpq LOG:  connection ready: setup total=32.928 ms, fork=18.817 ms, authentication=5.446 ms
[27984] [unknown] LOG:  connection received: host=::1 port=55633
[27984] [unknown] LOG:  connection authenticated: identity="NT AUTHORITY\SYSTEM" method=sspi (C:/ProgramData/FluxVault.Tests/NEXT002/da900f87d1014fb98717462ba39b5ae5/data/pg_hba.conf:2)
[27984] [unknown] LOG:  connection authorized: user=fv_gate_service database=fv_gate_261003 application_name=FVGate.dcbc93c2e7ee4f4fac32c38ce9552593.System
[27984] FVGate.dcbc93c2e7ee4f4fac32c38ce9552593.System LOG:  connection ready: setup total=42.409 ms, fork=20.492 ms, authentication=8.549 ms
[54660] [unknown] LOG:  connection received: host=::1 port=55636
[54660] [unknown] LOG:  connection authenticated: identity="NT AUTHORITY\SYSTEM" method=sspi (C:/ProgramData/FluxVault.Tests/NEXT002/da900f87d1014fb98717462ba39b5ae5/data/pg_hba.conf:2)
[54660] [unknown] LOG:  connection authorized: user=fv_gate_service database=fv_gate_261003 application_name=FVGate.6a0df2e777744f6eac01d927c7871b48.libpq
[54660] FVGate.6a0df2e777744f6eac01d927c7871b48.libpq LOG:  connection ready: setup total=34.340 ms, fork=20.576 ms, authentication=5.363 ms
[30800]  LOG:  received fast shutdown request
[30800]  LOG:  aborting any active transactions
[30800]  LOG:  background worker "logical replication launcher" (PID 43600) exited with exit code 1
[32404]  LOG:  shutting down
[32404]  LOG:  checkpoint starting: shutdown immediate
[32404]  LOG:  checkpoint complete: wrote 994 buffers (24.3%), wrote 3 SLRU buffers; 0 WAL file(s) added, 0 removed, 0 recycled; write=0.028 s, sync=0.258 s, total=0.292 s; sync files=310, longest=0.005 s, average=0.001 s; distance=4677 kB, estimate=4677 kB; lsn=0/1C84C90, redo lsn=0/1C84C90
[30800]  LOG:  database system is shut down
