build-test	Ordinary tests (excludes required native PostgreSQL gate)	﻿2026-10-08T06:25:13.7708289Z ##[group]Run dotnet test --configuration Release --no-build --filter "Category!=RequiresPostgreSql"
build-test	Ordinary tests (excludes required native PostgreSQL gate)	2026-10-08T06:25:13.7709108Z ^[[36;1mdotnet test --configuration Release --no-build --filter "Category!=RequiresPostgreSql"^[[0m
build-test	Ordinary tests (excludes required native PostgreSQL gate)	2026-10-08T06:25:13.7783831Z shell: C:\Program Files\PowerShell\7\pwsh.EXE -command ". '{0}'"
build-test	Ordinary tests (excludes required native PostgreSQL gate)	2026-10-08T06:25:13.7784193Z env:
build-test	Ordinary tests (excludes required native PostgreSQL gate)	2026-10-08T06:25:13.7784396Z   DOTNET_ROOT: C:\Program Files\dotnet
build-test	Ordinary tests (excludes required native PostgreSQL gate)	2026-10-08T06:25:13.7784659Z ##[endgroup]
build-test	Ordinary tests (excludes required native PostgreSQL gate)	2026-10-08T06:25:16.1133359Z Test run for D:\a\FluxVault\FluxVault\tests\FluxVault.Core.Tests\bin\Release\net10.0\FluxVault.Core.Tests.dll (.NETCoreApp,Version=v10.0)
build-test	Ordinary tests (excludes required native PostgreSQL gate)	2026-10-08T06:25:16.1202953Z Test run for D:\a\FluxVault\FluxVault\tests\FluxVault.App.Tests\bin\Release\net10.0-windows\FluxVault.App.Tests.dll (.NETCoreApp,Version=v10.0)
build-test	Ordinary tests (excludes required native PostgreSQL gate)	2026-10-08T06:25:16.2389880Z Test run for D:\a\FluxVault\FluxVault\tests\FluxVault.Integration.Tests\bin\Release\net10.0-windows\FluxVault.Integration.Tests.dll (.NETCoreApp,Version=v10.0)
build-test	Ordinary tests (excludes required native PostgreSQL gate)	2026-10-08T06:25:16.6361628Z Test run for D:\a\FluxVault\FluxVault\tests\FluxVault.Windows.Tests\bin\Release\net10.0\FluxVault.Windows.Tests.dll (.NETCoreApp,Version=v10.0)
build-test	Ordinary tests (excludes required native PostgreSQL gate)	2026-10-08T06:25:16.9810411Z A total of 1 test files matched the specified pattern.
build-test	Ordinary tests (excludes required native PostgreSQL gate)	2026-10-08T06:25:17.1399790Z A total of 1 test files matched the specified pattern.
build-test	Ordinary tests (excludes required native PostgreSQL gate)	2026-10-08T06:25:17.1609534Z A total of 1 test files matched the specified pattern.
build-test	Ordinary tests (excludes required native PostgreSQL gate)	2026-10-08T06:25:19.0278058Z A total of 1 test files matched the specified pattern.
build-test	Ordinary tests (excludes required native PostgreSQL gate)	2026-10-08T06:25:24.3170232Z [xUnit.net 00:00:04.48]     FluxVault.Integration.Tests.WindowsFixtureToolingTests.Pre_admission_reset_preserves_failed_evidence_and_blocks_interrupted_recovery(scenario: "intent-only", accepted: False) [FAIL]
build-test	Ordinary tests (excludes required native PostgreSQL gate)	2026-10-08T06:25:24.3173232Z   Failed FluxVault.Integration.Tests.WindowsFixtureToolingTests.Pre_admission_reset_preserves_failed_evidence_and_blocks_interrupted_recovery(scenario: "intent-only", accepted: False) [3 s]
build-test	Ordinary tests (excludes required native PostgreSQL gate)	2026-10-08T06:25:24.3436622Z   Error Message:
build-test	Ordinary tests (excludes required native PostgreSQL gate)	2026-10-08T06:25:24.3841650Z    ^[[31;1mException: ^[[31;1mAdditional fixture owner is not a direct local administrator.^[[0m
build-test	Ordinary tests (excludes required native PostgreSQL gate)	2026-10-08T06:25:24.4255657Z 
build-test	Ordinary tests (excludes required native PostgreSQL gate)	2026-10-08T06:25:24.4338215Z   Stack Trace:
build-test	Ordinary tests (excludes required native PostgreSQL gate)	2026-10-08T06:25:24.4407353Z      at FluxVault.Integration.Tests.WindowsFixtureToolingTests.ScriptFixture.RunAsync(String body) in /_/tests/FluxVault.Integration.Tests/WindowsFixtureToolingTests.cs:line 2567
build-test	Ordinary tests (excludes required native PostgreSQL gate)	2026-10-08T06:25:24.5762919Z    at FluxVault.Integration.Tests.WindowsFixtureToolingTests.ScriptFixture.RunAsync(String body) in /_/tests/FluxVault.Integration.Tests/WindowsFixtureToolingTests.cs:line 2575
build-test	Ordinary tests (excludes required native PostgreSQL gate)	2026-10-08T06:25:24.5771296Z    at FluxVault.Integration.Tests.WindowsFixtureToolingTests.Pre_admission_reset_preserves_failed_evidence_and_blocks_interrupted_recovery(String scenario, Boolean accepted) in /_/tests/FluxVault.Integration.Tests/WindowsFixtureToolingTests.cs:line 59
build-test	Ordinary tests (excludes required native PostgreSQL gate)	2026-10-08T06:25:24.5775053Z --- End of stack trace from previous location ---
build-test	Ordinary tests (excludes required native PostgreSQL gate)	2026-10-08T06:25:24.7124518Z [xUnit.net 00:00:06.56]     FluxVault.Integration.Tests.WindowsFixtureToolingTests.Pre_admission_reset_preserves_failed_evidence_and_blocks_interrupted_recovery(scenario: "after-context", accepted: False) [FAIL]
build-test	Ordinary tests (excludes required native PostgreSQL gate)	2026-10-08T06:25:24.7127540Z   Failed FluxVault.Integration.Tests.WindowsFixtureToolingTests.Pre_admission_reset_preserves_failed_evidence_and_blocks_interrupted_recovery(scenario: "after-context", accepted: False) [2 s]
build-test	Ordinary tests (excludes required native PostgreSQL gate)	2026-10-08T06:25:24.8532736Z   Error Message:
build-test	Ordinary tests (excludes required native PostgreSQL gate)	2026-10-08T06:25:24.8583641Z    ^[[31;1mException: ^[[31;1mAdditional fixture owner is not a direct local administrator.^[[0m
build-test	Ordinary tests (excludes required native PostgreSQL gate)	2026-10-08T06:25:24.8617071Z 
build-test	Ordinary tests (excludes required native PostgreSQL gate)	2026-10-08T06:25:24.8704479Z   Stack Trace:
build-test	Ordinary tests (excludes required native PostgreSQL gate)	2026-10-08T06:25:24.8748652Z      at FluxVault.Integration.Tests.WindowsFixtureToolingTests.ScriptFixture.RunAsync(String body) in /_/tests/FluxVault.Integration.Tests/WindowsFixtureToolingTests.cs:line 2567
build-test	Ordinary tests (excludes required native PostgreSQL gate)	2026-10-08T06:25:25.9962124Z    at FluxVault.Integration.Tests.WindowsFixtureToolingTests.ScriptFixture.RunAsync(String body) in /_/tests/FluxVault.Integration.Tests/WindowsFixtureToolingTests.cs:line 2575
build-test	Ordinary tests (excludes required native PostgreSQL gate)	2026-10-08T06:25:26.0197482Z    at FluxVault.Integration.Tests.WindowsFixtureToolingTests.Pre_admission_reset_preserves_failed_evidence_and_blocks_interrupted_recovery(String scenario, Boolean accepted) in /_/tests/FluxVault.Integration.Tests/WindowsFixtureToolingTests.cs:line 59
build-test	Ordinary tests (excludes required native PostgreSQL gate)	2026-10-08T06:25:26.0374176Z --- End of stack trace from previous location ---
build-test	Ordinary tests (excludes required native PostgreSQL gate)	2026-10-08T06:25:26.7604158Z [xUnit.net 00:00:08.60]     FluxVault.Integration.Tests.WindowsFixtureToolingTests.Pre_admission_reset_preserves_failed_evidence_and_blocks_interrupted_recovery(scenario: "changed-archive", accepted: False) [FAIL]
build-test	Ordinary tests (excludes required native PostgreSQL gate)	2026-10-08T06:25:27.7254272Z   Failed FluxVault.Integration.Tests.WindowsFixtureToolingTests.Pre_admission_reset_preserves_failed_evidence_and_blocks_interrupted_recovery(scenario: "changed-archive", accepted: False) [2 s]
build-test	Ordinary tests (excludes required native PostgreSQL gate)	2026-10-08T06:25:27.7443154Z   Error Message:
build-test	Ordinary tests (excludes required native PostgreSQL gate)	2026-10-08T06:25:27.7491236Z    ^[[31;1mException: ^[[31;1mAdditional fixture owner is not a direct local administrator.^[[0m
build-test	Ordinary tests (excludes required native PostgreSQL gate)	2026-10-08T06:25:27.7648505Z 
build-test	Ordinary tests (excludes required native PostgreSQL gate)	2026-10-08T06:25:28.1842692Z   Stack Trace:
build-test	Ordinary tests (excludes required native PostgreSQL gate)	2026-10-08T06:25:28.1967182Z      at FluxVault.Integration.Tests.WindowsFixtureToolingTests.ScriptFixture.RunAsync(String body) in /_/tests/FluxVault.Integration.Tests/WindowsFixtureToolingTests.cs:line 2567
build-test	Ordinary tests (excludes required native PostgreSQL gate)	2026-10-08T06:25:28.7019861Z [xUnit.net 00:00:10.54]     FluxVault.Integration.Tests.WindowsFixtureToolingTests.Pre_admission_reset_preserves_failed_evidence_and_blocks_interrupted_recovery(scenario: "before-completion", accepted: False) [FAIL]
build-test	Ordinary tests (excludes required native PostgreSQL gate)	2026-10-08T06:25:28.7022816Z    at FluxVault.Integration.Tests.WindowsFixtureToolingTests.ScriptFixture.RunAsync(String body) in /_/tests/FluxVault.Integration.Tests/WindowsFixtureToolingTests.cs:line 2575
build-test	Ordinary tests (excludes required native PostgreSQL gate)	2026-10-08T06:25:28.7104848Z    at FluxVault.Integration.Tests.WindowsFixtureToolingTests.Pre_admission_reset_preserves_failed_evidence_and_blocks_interrupted_recovery(String scenario, Boolean accepted) in /_/tests/FluxVault.Integration.Tests/WindowsFixtureToolingTests.cs:line 59
build-test	Ordinary tests (excludes required native PostgreSQL gate)	2026-10-08T06:25:28.7137943Z --- End of stack trace from previous location ---
build-test	Ordinary tests (excludes required native PostgreSQL gate)	2026-10-08T06:25:30.5822944Z [xUnit.net 00:00:12.43]     FluxVault.Integration.Tests.WindowsFixtureToolingTests.Pre_admission_reset_preserves_failed_evidence_and_blocks_interrupted_recovery(scenario: "after-receipts", accepted: False) [FAIL]
build-test	Ordinary tests (excludes required native PostgreSQL gate)	2026-10-08T06:25:30.5825926Z   Failed FluxVault.Integration.Tests.WindowsFixtureToolingTests.Pre_admission_reset_preserves_failed_evidence_and_blocks_interrupted_recovery(scenario: "before-completion", accepted: False) [1 s]
build-test	Ordinary tests (excludes required native PostgreSQL gate)	2026-10-08T06:25:30.5867353Z   Error Message:
build-test	Ordinary tests (excludes required native PostgreSQL gate)	2026-10-08T06:25:30.6213254Z    ^[[31;1mException: ^[[31;1mAdditional fixture owner is not a direct local administrator.^[[0m
build-test	Ordinary tests (excludes required native PostgreSQL gate)	2026-10-08T06:25:30.6278100Z 
build-test	Ordinary tests (excludes required native PostgreSQL gate)	2026-10-08T06:25:30.6454147Z   Stack Trace:
build-test	Ordinary tests (excludes required native PostgreSQL gate)	2026-10-08T06:25:30.6506418Z      at FluxVault.Integration.Tests.WindowsFixtureToolingTests.ScriptFixture.RunAsync(String body) in /_/tests/FluxVault.Integration.Tests/WindowsFixtureToolingTests.cs:line 2567
build-test	Ordinary tests (excludes required native PostgreSQL gate)	2026-10-08T06:25:30.6905022Z    at FluxVault.Integration.Tests.WindowsFixtureToolingTests.ScriptFixture.RunAsync(String body) in /_/tests/FluxVault.Integration.Tests/WindowsFixtureToolingTests.cs:line 2575
build-test	Ordinary tests (excludes required native PostgreSQL gate)	2026-10-08T06:25:31.9842228Z    at FluxVault.Integration.Tests.WindowsFixtureToolingTests.Pre_admission_reset_preserves_failed_evidence_and_blocks_interrupted_recovery(String scenario, Boolean accepted) in /_/tests/FluxVault.Integration.Tests/WindowsFixtureToolingTests.cs:line 59
build-test	Ordinary tests (excludes required native PostgreSQL gate)	2026-10-08T06:25:31.9999007Z --- End of stack trace from previous location ---
build-test	Ordinary tests (excludes required native PostgreSQL gate)	2026-10-08T06:25:32.2080498Z   Failed FluxVault.Integration.Tests.WindowsFixtureToolingTests.Pre_admission_reset_preserves_failed_evidence_and_blocks_interrupted_recovery(scenario: "after-receipts", accepted: False) [1 s]
build-test	Ordinary tests (excludes required native PostgreSQL gate)	2026-10-08T06:25:32.2258574Z   Error Message:
build-test	Ordinary tests (excludes required native PostgreSQL gate)	2026-10-08T06:25:32.2429242Z    ^[[31;1mException: ^[[31;1mAdditional fixture owner is not a direct local administrator.^[[0m
build-test	Ordinary tests (excludes required native PostgreSQL gate)	2026-10-08T06:25:32.2505962Z 
build-test	Ordinary tests (excludes required native PostgreSQL gate)	2026-10-08T06:25:32.2557111Z   Stack Trace:
build-test	Ordinary tests (excludes required native PostgreSQL gate)	2026-10-08T06:25:32.2648753Z      at FluxVault.Integration.Tests.WindowsFixtureToolingTests.ScriptFixture.RunAsync(String body) in /_/tests/FluxVault.Integration.Tests/WindowsFixtureToolingTests.cs:line 2567
build-test	Ordinary tests (excludes required native PostgreSQL gate)	2026-10-08T06:25:32.2750560Z    at FluxVault.Integration.Tests.WindowsFixtureToolingTests.ScriptFixture.RunAsync(String body) in /_/tests/FluxVault.Integration.Tests/WindowsFixtureToolingTests.cs:line 2575
build-test	Ordinary tests (excludes required native PostgreSQL gate)	2026-10-08T06:25:32.2930031Z    at FluxVault.Integration.Tests.WindowsFixtureToolingTests.Pre_admission_reset_preserves_failed_evidence_and_blocks_interrupted_recovery(String scenario, Boolean accepted) in /_/tests/FluxVault.Integration.Tests/WindowsFixtureToolingTests.cs:line 59
build-test	Ordinary tests (excludes required native PostgreSQL gate)	2026-10-08T06:25:32.2982942Z --- End of stack trace from previous location ---
build-test	Ordinary tests (excludes required native PostgreSQL gate)	2026-10-08T06:25:32.8159027Z [xUnit.net 00:00:14.67]     FluxVault.Integration.Tests.WindowsFixtureToolingTests.Pre_admission_reset_preserves_failed_evidence_and_blocks_interrupted_recovery(scenario: "complete", accepted: True) [FAIL]
build-test	Ordinary tests (excludes required native PostgreSQL gate)	2026-10-08T06:25:33.3385858Z   Failed FluxVault.Integration.Tests.WindowsFixtureToolingTests.Pre_admission_reset_preserves_failed_evidence_and_blocks_interrupted_recovery(scenario: "complete", accepted: True) [2 s]
build-test	Ordinary tests (excludes required native PostgreSQL gate)	2026-10-08T06:25:34.2776174Z   Error Message:
build-test	Ordinary tests (excludes required native PostgreSQL gate)	2026-10-08T06:25:34.2847080Z    ^[[31;1mException: ^[[31;1mAdditional fixture owner is not a direct local administrator.^[[0m
build-test	Ordinary tests (excludes required native PostgreSQL gate)	2026-10-08T06:25:34.3754493Z 
build-test	Ordinary tests (excludes required native PostgreSQL gate)	2026-10-08T06:25:34.5058658Z   Stack Trace:
build-test	Ordinary tests (excludes required native PostgreSQL gate)	2026-10-08T06:25:35.0114185Z      at FluxVault.Integration.Tests.WindowsFixtureToolingTests.ScriptFixture.RunAsync(String body) in /_/tests/FluxVault.Integration.Tests/WindowsFixtureToolingTests.cs:line 2567
build-test	Ordinary tests (excludes required native PostgreSQL gate)	2026-10-08T06:25:35.4363590Z    at FluxVault.Integration.Tests.WindowsFixtureToolingTests.ScriptFixture.RunAsync(String body) in /_/tests/FluxVault.Integration.Tests/WindowsFixtureToolingTests.cs:line 2575
build-test	Ordinary tests (excludes required native PostgreSQL gate)	2026-10-08T06:25:35.5150023Z    at FluxVault.Integration.Tests.WindowsFixtureToolingTests.Pre_admission_reset_preserves_failed_evidence_and_blocks_interrupted_recovery(String scenario, Boolean accepted) in /_/tests/FluxVault.Integration.Tests/WindowsFixtureToolingTests.cs:line 59
build-test	Ordinary tests (excludes required native PostgreSQL gate)	2026-10-08T06:25:35.5355262Z --- End of stack trace from previous location ---
build-test	Ordinary tests (excludes required native PostgreSQL gate)	2026-10-08T06:25:37.8690566Z [xUnit.net 00:00:19.72]     FluxVault.Integration.Tests.SetupConfirmationCliTests.Explicit_deadline_bounds_a_live_request_and_joins_it [FAIL]
build-test	Ordinary tests (excludes required native PostgreSQL gate)	2026-10-08T06:25:37.8692955Z   Failed FluxVault.Integration.Tests.SetupConfirmationCliTests.Explicit_deadline_bounds_a_live_request_and_joins_it [5 s]
build-test	Ordinary tests (excludes required native PostgreSQL gate)	2026-10-08T06:25:37.8694629Z   Error Message:
build-test	Ordinary tests (excludes required native PostgreSQL gate)	2026-10-08T06:25:37.8695832Z    System.TimeoutException : The operation has timed out.
build-test	Ordinary tests (excludes required native PostgreSQL gate)	2026-10-08T06:25:37.8697366Z   Stack Trace:
build-test	Ordinary tests (excludes required native PostgreSQL gate)	2026-10-08T06:25:37.8699274Z      at FluxVault.Integration.Tests.SetupConfirmationCliTests.Explicit_deadline_bounds_a_live_request_and_joins_it() in /_/tests/FluxVault.Integration.Tests/SetupConfirmationCliTests.cs:line 141
build-test	Ordinary tests (excludes required native PostgreSQL gate)	2026-10-08T06:25:37.8701266Z --- End of stack trace from previous location ---
build-test	Ordinary tests (excludes required native PostgreSQL gate)	2026-10-08T06:25:38.7713092Z [xUnit.net 00:00:08.82]     FluxVault.Windows.Tests.NamedPipeResourceBoundaryTests.Stalled_response_or_missing_receipt_retires_native_token_and_allows_later_work(readFrame: True) [FAIL]
build-test	Ordinary tests (excludes required native PostgreSQL gate)	2026-10-08T06:25:39.4844754Z   Failed FluxVault.Windows.Tests.NamedPipeResourceBoundaryTests.Stalled_response_or_missing_receipt_retires_native_token_and_allows_later_work(readFrame: True) [4 s]
build-test	Ordinary tests (excludes required native PostgreSQL gate)	2026-10-08T06:25:39.4850861Z   Error Message:
build-test	Ordinary tests (excludes required native PostgreSQL gate)	2026-10-08T06:25:39.4851486Z    System.TimeoutException : The operation has timed out.
build-test	Ordinary tests (excludes required native PostgreSQL gate)	2026-10-08T06:25:39.4852312Z   Stack Trace:
build-test	Ordinary tests (excludes required native PostgreSQL gate)	2026-10-08T06:25:39.4855408Z      at FluxVault.Windows.Tests.NamedPipeResourceBoundaryTests.Stalled_response_or_missing_receipt_retires_native_token_and_allows_later_work(Boolean readFrame) in /_/tests/FluxVault.Windows.Tests/NamedPipeResourceBoundaryTests.cs:line 107
build-test	Ordinary tests (excludes required native PostgreSQL gate)	2026-10-08T06:25:39.4859237Z    at FluxVault.Windows.Tests.NamedPipeResourceBoundaryTests.Stalled_response_or_missing_receipt_retires_native_token_and_allows_later_work(Boolean readFrame) in /_/tests/FluxVault.Windows.Tests/NamedPipeResourceBoundaryTests.cs:line 119
build-test	Ordinary tests (excludes required native PostgreSQL gate)	2026-10-08T06:25:39.4862665Z --- End of stack trace from previous location ---
build-test	Ordinary tests (excludes required native PostgreSQL gate)	2026-10-08T06:25:43.8302102Z 
build-test	Ordinary tests (excludes required native PostgreSQL gate)	2026-10-08T06:25:43.8349536Z Failed!  - Failed:     1, Passed:   153, Skipped:     0, Total:   154, Duration: 9 s - FluxVault.Windows.Tests.dll (net10.0)
build-test	Ordinary tests (excludes required native PostgreSQL gate)	2026-10-08T06:25:53.4062470Z [xUnit.net 00:00:35.24]     FluxVault.Integration.Tests.WindowsFixtureToolingTests.Commission_readiness_uses_the_held_native_lifetime_and_refuses_changed_identity(scenario: "wrong-native-lifetime", accepted: False) [FAIL]
build-test	Ordinary tests (excludes required native PostgreSQL gate)	2026-10-08T06:25:55.1826068Z   Failed FluxVault.Integration.Tests.WindowsFixtureToolingTests.Commission_readiness_uses_the_held_native_lifetime_and_refuses_changed_identity(scenario: "wrong-native-lifetime", accepted: False) [20 s]
build-test	Ordinary tests (excludes required native PostgreSQL gate)	2026-10-08T06:25:55.1832611Z   Error Message:
build-test	Ordinary tests (excludes required native PostgreSQL gate)	2026-10-08T06:25:55.1837556Z    System.TimeoutException : The operation has timed out.
build-test	Ordinary tests (excludes required native PostgreSQL gate)	2026-10-08T06:25:55.1842499Z   Stack Trace:
build-test	Ordinary tests (excludes required native PostgreSQL gate)	2026-10-08T06:25:55.1845337Z      at FluxVault.Integration.Tests.WindowsFixtureToolingTests.ScriptFixture.RunAsync(String body) in /_/tests/FluxVault.Integration.Tests/WindowsFixtureToolingTests.cs:line 2566
build-test	Ordinary tests (excludes required native PostgreSQL gate)	2026-10-08T06:25:55.1878458Z    at FluxVault.Integration.Tests.WindowsFixtureToolingTests.ScriptFixture.RunAsync(String body) in /_/tests/FluxVault.Integration.Tests/WindowsFixtureToolingTests.cs:line 2575
build-test	Ordinary tests (excludes required native PostgreSQL gate)	2026-10-08T06:25:55.1904558Z    at FluxVault.Integration.Tests.WindowsFixtureToolingTests.Commission_readiness_uses_the_held_native_lifetime_and_refuses_changed_identity(String scenario, Boolean accepted) in /_/tests/FluxVault.Integration.Tests/WindowsFixtureToolingTests.cs:line 18
build-test	Ordinary tests (excludes required native PostgreSQL gate)	2026-10-08T06:25:55.1921994Z --- End of stack trace from previous location ---
build-test	Ordinary tests (excludes required native PostgreSQL gate)	2026-10-08T06:26:00.4428475Z 
build-test	Ordinary tests (excludes required native PostgreSQL gate)	2026-10-08T06:26:00.4491249Z Passed!  - Failed:     0, Passed:   489, Skipped:     0, Total:   489, Duration: 40 s - FluxVault.App.Tests.dll (net10.0)
build-test	Ordinary tests (excludes required native PostgreSQL gate)	2026-10-08T06:26:07.1743934Z [xUnit.net 00:00:49.03]     FluxVault.Integration.Tests.WindowsFixtureToolingTests.Commission_readiness_uses_the_held_native_lifetime_and_refuses_changed_identity(scenario: "wrong-image", accepted: False) [FAIL]
build-test	Ordinary tests (excludes required native PostgreSQL gate)	2026-10-08T06:26:07.5937941Z   Failed FluxVault.Integration.Tests.WindowsFixtureToolingTests.Commission_readiness_uses_the_held_native_lifetime_and_refuses_changed_identity(scenario: "wrong-image", accepted: False) [13 s]
build-test	Ordinary tests (excludes required native PostgreSQL gate)	2026-10-08T06:26:07.5938912Z   Error Message:
build-test	Ordinary tests (excludes required native PostgreSQL gate)	2026-10-08T06:26:07.5939207Z    Assert.Contains() Failure: Sub-string not found
build-test	Ordinary tests (excludes required native PostgreSQL gate)	2026-10-08T06:26:07.5939884Z String:    "Additional fixture owner is not a direct "···
build-test	Ordinary tests (excludes required native PostgreSQL gate)	2026-10-08T06:26:07.5940250Z Not found: "bound native SYSTEM process"
build-test	Ordinary tests (excludes required native PostgreSQL gate)	2026-10-08T06:26:07.5940805Z   Stack Trace:
build-test	Ordinary tests (excludes required native PostgreSQL gate)	2026-10-08T06:26:07.5941944Z      at FluxVault.Integration.Tests.WindowsFixtureToolingTests.Commission_readiness_uses_the_held_native_lifetime_and_refuses_changed_identity(String scenario, Boolean accepted) in /_/tests/FluxVault.Integration.Tests/WindowsFixtureToolingTests.cs:line 46
build-test	Ordinary tests (excludes required native PostgreSQL gate)	2026-10-08T06:26:07.5943141Z --- End of stack trace from previous location ---
build-test	Ordinary tests (excludes required native PostgreSQL gate)	2026-10-08T06:26:08.9123044Z [xUnit.net 00:00:50.75]     FluxVault.Integration.Tests.DesktopObservationFixtureTests.Actual_App_startup_uses_safe_presentation_without_a_harness_override_and_joins_reads [FAIL]
build-test	Ordinary tests (excludes required native PostgreSQL gate)	2026-10-08T06:26:08.9125986Z   Failed FluxVault.Integration.Tests.DesktopObservationFixtureTests.Actual_App_startup_uses_safe_presentation_without_a_harness_override_and_joins_reads [11 s]
build-test	Ordinary tests (excludes required native PostgreSQL gate)	2026-10-08T06:26:08.9127948Z   Error Message:
build-test	Ordinary tests (excludes required native PostgreSQL gate)	2026-10-08T06:26:08.9128770Z    Assert.True() Failure
build-test	Ordinary tests (excludes required native PostgreSQL gate)	2026-10-08T06:26:08.9129536Z Expected: True
build-test	Ordinary tests (excludes required native PostgreSQL gate)	2026-10-08T06:26:08.9130060Z Actual:   False
build-test	Ordinary tests (excludes required native PostgreSQL gate)	2026-10-08T06:26:08.9130525Z   Stack Trace:
build-test	Ordinary tests (excludes required native PostgreSQL gate)	2026-10-08T06:26:08.9133175Z      at FluxVault.Integration.Tests.DesktopObservationFixtureTests.Actual_App_startup_uses_safe_presentation_without_a_harness_override_and_joins_reads() in /_/tests/FluxVault.Integration.Tests/DesktopObservationFixtureTests.cs:line 26
build-test	Ordinary tests (excludes required native PostgreSQL gate)	2026-10-08T06:26:08.9136772Z    at FluxVault.Integration.Tests.DesktopObservationFixtureTests.Actual_App_startup_uses_safe_presentation_without_a_harness_override_and_joins_reads() in /_/tests/FluxVault.Integration.Tests/DesktopObservationFixtureTests.cs:line 32
build-test	Ordinary tests (excludes required native PostgreSQL gate)	2026-10-08T06:26:08.9185505Z --- End of stack trace from previous location ---
build-test	Ordinary tests (excludes required native PostgreSQL gate)	2026-10-08T06:26:08.9196441Z   Standard Output Messages:
build-test	Ordinary tests (excludes required native PostgreSQL gate)	2026-10-08T06:26:08.9202901Z  {"StartupObserved":true,"SoftwareRendering":false,"EffectiveRenderMode":"SoftwareOnly","Loaded":true,"ContentRendered":true,"ApplicationIdle":false,"RenderingEvents":5,"FirstRendering":"2026-10-08T06:26:02.7822324+00:00","LastRendering":"2026-10-08T06:26:08.7083417+00:00","Window":{"ActualWidth":1080,"ActualHeight":760,"Visibility":0,"IsVisible":true,"IsEnabled":true,"IsMeasureValid":true,"IsArrangeValid":true},"Root":{"ActualWidth":1020,"ActualHeight":677,"Visibility":0,"IsVisible":true,"IsEnabled":true,"IsMeasureValid":true,"IsArrangeValid":true},"Hwnd":1507352,"HasPresentationSource":true,"HasCompositionTarget":true,"NativeVisible":true,"Dpi":{"DpiScaleX":1,"DpiScaleY":1,"PixelsPerDip":1,"PixelsPerInchX":96,"PixelsPerInchY":96},"HasNativeRect":true,"NativeRect":{"Left":78,"Top":78,"Right":1158,"Bottom":838},"RepositoryTextBox":{"Bounds":"263,258,735,34","Offscreen":false}}
build-test	Ordinary tests (excludes required native PostgreSQL gate)	2026-10-08T06:26:08.9209130Z 
build-test	Ordinary tests (excludes required native PostgreSQL gate)	2026-10-08T06:26:08.9209291Z 
build-test	Ordinary tests (excludes required native PostgreSQL gate)	2026-10-08T06:26:09.2191581Z [xUnit.net 00:00:51.07]     FluxVault.Integration.Tests.WindowsFixtureToolingTests.Commission_readiness_uses_the_held_native_lifetime_and_refuses_changed_identity(scenario: "cim-precision", accepted: True) [FAIL]
build-test	Ordinary tests (excludes required native PostgreSQL gate)	2026-10-08T06:26:09.2830904Z   Failed FluxVault.Integration.Tests.WindowsFixtureToolingTests.Commission_readiness_uses_the_held_native_lifetime_and_refuses_changed_identity(scenario: "cim-precision", accepted: True) [2 s]
build-test	Ordinary tests (excludes required native PostgreSQL gate)	2026-10-08T06:26:09.2832896Z   Error Message:
build-test	Ordinary tests (excludes required native PostgreSQL gate)	2026-10-08T06:26:09.2833560Z    Assert.Equal() Failure: Values differ
build-test	Ordinary tests (excludes required native PostgreSQL gate)	2026-10-08T06:26:09.2834160Z Expected: Null
build-test	Ordinary tests (excludes required native PostgreSQL gate)	2026-10-08T06:26:09.2834609Z Actual:   String
build-test	Ordinary tests (excludes required native PostgreSQL gate)	2026-10-08T06:26:09.2835058Z   Stack Trace:
build-test	Ordinary tests (excludes required native PostgreSQL gate)	2026-10-08T06:26:09.2837174Z      at FluxVault.Integration.Tests.WindowsFixtureToolingTests.Commission_readiness_uses_the_held_native_lifetime_and_refuses_changed_identity(String scenario, Boolean accepted) in /_/tests/FluxVault.Integration.Tests/WindowsFixtureToolingTests.cs:line 45
build-test	Ordinary tests (excludes required native PostgreSQL gate)	2026-10-08T06:26:09.2839330Z --- End of stack trace from previous location ---
build-test	Ordinary tests (excludes required native PostgreSQL gate)	2026-10-08T06:26:11.2871778Z [xUnit.net 00:00:53.14]     FluxVault.Integration.Tests.WindowsFixtureToolingTests.Commission_readiness_uses_the_held_native_lifetime_and_refuses_changed_identity(scenario: "exited-during-owner", accepted: False) [FAIL]
build-test	Ordinary tests (excludes required native PostgreSQL gate)	2026-10-08T06:26:12.3220585Z   Failed FluxVault.Integration.Tests.WindowsFixtureToolingTests.Commission_readiness_uses_the_held_native_lifetime_and_refuses_changed_identity(scenario: "exited-during-owner", accepted: False) [2 s]
build-test	Ordinary tests (excludes required native PostgreSQL gate)	2026-10-08T06:26:12.3226899Z   Error Message:
build-test	Ordinary tests (excludes required native PostgreSQL gate)	2026-10-08T06:26:12.3227361Z    Assert.Contains() Failure: Sub-string not found
build-test	Ordinary tests (excludes required native PostgreSQL gate)	2026-10-08T06:26:12.3228315Z String:    "Additional fixture owner is not a direct "···
build-test	Ordinary tests (excludes required native PostgreSQL gate)	2026-10-08T06:26:12.3230007Z Not found: "bound native SYSTEM process"
build-test	Ordinary tests (excludes required native PostgreSQL gate)	2026-10-08T06:26:12.3230497Z   Stack Trace:
build-test	Ordinary tests (excludes required native PostgreSQL gate)	2026-10-08T06:26:12.3259038Z      at FluxVault.Integration.Tests.WindowsFixtureToolingTests.Commission_readiness_uses_the_held_native_lifetime_and_refuses_changed_identity(String scenario, Boolean accepted) in /_/tests/FluxVault.Integration.Tests/WindowsFixtureToolingTests.cs:line 46
build-test	Ordinary tests (excludes required native PostgreSQL gate)	2026-10-08T06:26:12.3275397Z --- End of stack trace from previous location ---
build-test	Ordinary tests (excludes required native PostgreSQL gate)	2026-10-08T06:26:13.2517498Z [xUnit.net 00:00:55.11]     FluxVault.Integration.Tests.WindowsFixtureToolingTests.Commission_readiness_uses_the_held_native_lifetime_and_refuses_changed_identity(scenario: "wrong-owner", accepted: False) [FAIL]
build-test	Ordinary tests (excludes required native PostgreSQL gate)	2026-10-08T06:26:13.8239906Z   Failed FluxVault.Integration.Tests.WindowsFixtureToolingTests.Commission_readiness_uses_the_held_native_lifetime_and_refuses_changed_identity(scenario: "wrong-owner", accepted: False) [1 s]
build-test	Ordinary tests (excludes required native PostgreSQL gate)	2026-10-08T06:26:13.8266705Z   Error Message:
build-test	Ordinary tests (excludes required native PostgreSQL gate)	2026-10-08T06:26:13.8289720Z    Assert.Contains() Failure: Sub-string not found
build-test	Ordinary tests (excludes required native PostgreSQL gate)	2026-10-08T06:26:13.8306333Z String:    "Additional fixture owner is not a direct "···
build-test	Ordinary tests (excludes required native PostgreSQL gate)	2026-10-08T06:26:13.8307279Z Not found: "bound native SYSTEM process"
build-test	Ordinary tests (excludes required native PostgreSQL gate)	2026-10-08T06:26:13.8307962Z   Stack Trace:
build-test	Ordinary tests (excludes required native PostgreSQL gate)	2026-10-08T06:26:13.8310318Z      at FluxVault.Integration.Tests.WindowsFixtureToolingTests.Commission_readiness_uses_the_held_native_lifetime_and_refuses_changed_identity(String scenario, Boolean accepted) in /_/tests/FluxVault.Integration.Tests/WindowsFixtureToolingTests.cs:line 46
build-test	Ordinary tests (excludes required native PostgreSQL gate)	2026-10-08T06:26:13.8312825Z --- End of stack trace from previous location ---
build-test	Ordinary tests (excludes required native PostgreSQL gate)	2026-10-08T06:26:27.3843145Z 
build-test	Ordinary tests (excludes required native PostgreSQL gate)	2026-10-08T06:26:27.3909253Z Passed!  - Failed:     0, Passed:   563, Skipped:     0, Total:   563, Duration: 1 m 8 s - FluxVault.Core.Tests.dll (net10.0)
build-test	Ordinary tests (excludes required native PostgreSQL gate)	2026-10-08T06:26:42.5243081Z [xUnit.net 00:01:24.38]     FluxVault.Integration.Tests.WindowsFixtureToolingTests.Reopened_installer_context_refuses_an_unmatched_intent_without_a_catch_marker(completed: True) [FAIL]
build-test	Ordinary tests (excludes required native PostgreSQL gate)	2026-10-08T06:26:43.3273630Z   Failed FluxVault.Integration.Tests.WindowsFixtureToolingTests.Reopened_installer_context_refuses_an_unmatched_intent_without_a_catch_marker(completed: True) [702 ms]
build-test	Ordinary tests (excludes required native PostgreSQL gate)	2026-10-08T06:26:43.3275071Z   Error Message:
build-test	Ordinary tests (excludes required native PostgreSQL gate)	2026-10-08T06:26:43.3275466Z    Assert.Equal() Failure: Values differ
build-test	Ordinary tests (excludes required native PostgreSQL gate)	2026-10-08T06:26:43.3275889Z Expected: Null
build-test	Ordinary tests (excludes required native PostgreSQL gate)	2026-10-08T06:26:43.3276193Z Actual:   String
build-test	Ordinary tests (excludes required native PostgreSQL gate)	2026-10-08T06:26:43.3276486Z   Stack Trace:
build-test	Ordinary tests (excludes required native PostgreSQL gate)	2026-10-08T06:26:43.3278349Z      at FluxVault.Integration.Tests.WindowsFixtureToolingTests.Reopened_installer_context_refuses_an_unmatched_intent_without_a_catch_marker(Boolean completed) in /_/tests/FluxVault.Integration.Tests/WindowsFixtureToolingTests.cs:line 198
build-test	Ordinary tests (excludes required native PostgreSQL gate)	2026-10-08T06:26:43.3280432Z --- End of stack trace from previous location ---
build-test	Ordinary tests (excludes required native PostgreSQL gate)	2026-10-08T06:26:47.8105270Z [xUnit.net 00:01:29.66]     FluxVault.Integration.Tests.WindowsFixtureToolingTests.Normal_PostgreSql_guard_checks_real_descriptors_without_broadening_other_paths(scenario: "protected-template", accepted: True) [FAIL]
build-test	Ordinary tests (excludes required native PostgreSQL gate)	2026-10-08T06:26:48.3505068Z   Failed FluxVault.Integration.Tests.WindowsFixtureToolingTests.Normal_PostgreSql_guard_checks_real_descriptors_without_broadening_other_paths(scenario: "protected-template", accepted: True) [1 s]
build-test	Ordinary tests (excludes required native PostgreSQL gate)	2026-10-08T06:26:48.3506753Z   Error Message:
build-test	Ordinary tests (excludes required native PostgreSQL gate)	2026-10-08T06:26:48.3507484Z    {"Accepted":false,"Failure":"Authentication ancestor lost its protected next component."}
build-test	Ordinary tests (excludes required native PostgreSQL gate)	2026-10-08T06:26:48.3508993Z   Stack Trace:
build-test	Ordinary tests (excludes required native PostgreSQL gate)	2026-10-08T06:26:48.3511481Z      at FluxVault.Integration.Tests.WindowsFixtureToolingTests.Normal_PostgreSql_guard_checks_real_descriptors_without_broadening_other_paths(String scenario, Boolean accepted) in /_/tests/FluxVault.Integration.Tests/WindowsFixtureToolingTests.cs:line 548
build-test	Ordinary tests (excludes required native PostgreSQL gate)	2026-10-08T06:26:48.3514770Z --- End of stack trace from previous location ---
build-test	Ordinary tests (excludes required native PostgreSQL gate)	2026-10-08T06:26:54.2421691Z [xUnit.net 00:01:36.10]     FluxVault.Integration.Tests.WindowsFixtureToolingTests.Normal_PostgreSql_guard_checks_real_descriptors_without_broadening_other_paths(scenario: "creator-owner", accepted: True) [FAIL]
build-test	Ordinary tests (excludes required native PostgreSQL gate)	2026-10-08T06:26:54.3594549Z   Failed FluxVault.Integration.Tests.WindowsFixtureToolingTests.Normal_PostgreSql_guard_checks_real_descriptors_without_broadening_other_paths(scenario: "creator-owner", accepted: True) [1 s]
build-test	Ordinary tests (excludes required native PostgreSQL gate)	2026-10-08T06:26:54.3596186Z   Error Message:
build-test	Ordinary tests (excludes required native PostgreSQL gate)	2026-10-08T06:26:54.3596674Z    {"Accepted":false,"Failure":"Authentication ancestor lost its protected next component."}
build-test	Ordinary tests (excludes required native PostgreSQL gate)	2026-10-08T06:26:54.3597163Z   Stack Trace:
build-test	Ordinary tests (excludes required native PostgreSQL gate)	2026-10-08T06:26:54.3598465Z      at FluxVault.Integration.Tests.WindowsFixtureToolingTests.Normal_PostgreSql_guard_checks_real_descriptors_without_broadening_other_paths(String scenario, Boolean accepted) in /_/tests/FluxVault.Integration.Tests/WindowsFixtureToolingTests.cs:line 548
build-test	Ordinary tests (excludes required native PostgreSQL gate)	2026-10-08T06:26:54.3599953Z --- End of stack trace from previous location ---
build-test	Ordinary tests (excludes required native PostgreSQL gate)	2026-10-08T06:26:55.5237870Z [xUnit.net 00:01:37.38]     FluxVault.Integration.Tests.WindowsFixtureToolingTests.Normal_PostgreSql_guard_checks_real_descriptors_without_broadening_other_paths(scenario: "volume-delete", accepted: True) [FAIL]
build-test	Ordinary tests (excludes required native PostgreSQL gate)	2026-10-08T06:26:55.8672499Z   Failed FluxVault.Integration.Tests.WindowsFixtureToolingTests.Normal_PostgreSql_guard_checks_real_descriptors_without_broadening_other_paths(scenario: "volume-delete", accepted: True) [1 s]
build-test	Ordinary tests (excludes required native PostgreSQL gate)	2026-10-08T06:26:55.8674661Z   Error Message:
build-test	Ordinary tests (excludes required native PostgreSQL gate)	2026-10-08T06:26:55.8675867Z    {"Failure":"Authentication ancestor lost its protected next component.","Accepted":false}
build-test	Ordinary tests (excludes required native PostgreSQL gate)	2026-10-08T06:26:55.8677019Z   Stack Trace:
build-test	Ordinary tests (excludes required native PostgreSQL gate)	2026-10-08T06:26:55.8679434Z      at FluxVault.Integration.Tests.WindowsFixtureToolingTests.Normal_PostgreSql_guard_checks_real_descriptors_without_broadening_other_paths(String scenario, Boolean accepted) in /_/tests/FluxVault.Integration.Tests/WindowsFixtureToolingTests.cs:line 548
build-test	Ordinary tests (excludes required native PostgreSQL gate)	2026-10-08T06:26:55.8682717Z --- End of stack trace from previous location ---
build-test	Ordinary tests (excludes required native PostgreSQL gate)	2026-10-08T06:26:57.0191633Z [xUnit.net 00:01:38.87]     FluxVault.Integration.Tests.WindowsFixtureToolingTests.Interrupted_native_key_import_is_recovered_without_deleting_an_unrelated_key [FAIL]
build-test	Ordinary tests (excludes required native PostgreSQL gate)	2026-10-08T06:26:57.3737235Z   Failed FluxVault.Integration.Tests.WindowsFixtureToolingTests.Interrupted_native_key_import_is_recovered_without_deleting_an_unrelated_key [1 s]
build-test	Ordinary tests (excludes required native PostgreSQL gate)	2026-10-08T06:26:57.3738610Z   Error Message:
build-test	Ordinary tests (excludes required native PostgreSQL gate)	2026-10-08T06:26:57.3739649Z    ^[[31;1mException: ^[[31;1mFixture component has an untrusted owner.^[[0m
build-test	Ordinary tests (excludes required native PostgreSQL gate)	2026-10-08T06:26:57.3740242Z 
build-test	Ordinary tests (excludes required native PostgreSQL gate)	2026-10-08T06:26:57.3740413Z   Stack Trace:
build-test	Ordinary tests (excludes required native PostgreSQL gate)	2026-10-08T06:26:57.3742089Z      at FluxVault.Integration.Tests.WindowsFixtureToolingTests.ScriptFixture.RunAsync(String body) in /_/tests/FluxVault.Integration.Tests/WindowsFixtureToolingTests.cs:line 2567
build-test	Ordinary tests (excludes required native PostgreSQL gate)	2026-10-08T06:26:57.3744963Z    at FluxVault.Integration.Tests.WindowsFixtureToolingTests.ScriptFixture.RunAsync(String body) in /_/tests/FluxVault.Integration.Tests/WindowsFixtureToolingTests.cs:line 2575
build-test	Ordinary tests (excludes required native PostgreSQL gate)	2026-10-08T06:26:57.3748436Z    at FluxVault.Integration.Tests.WindowsFixtureToolingTests.Interrupted_native_key_import_is_recovered_without_deleting_an_unrelated_key() in /_/tests/FluxVault.Integration.Tests/WindowsFixtureToolingTests.cs:line 1120
build-test	Ordinary tests (excludes required native PostgreSQL gate)	2026-10-08T06:26:57.3750484Z --- End of stack trace from previous location ---
build-test	Ordinary tests (excludes required native PostgreSQL gate)	2026-10-08T06:27:02.7658079Z [xUnit.net 00:01:44.62]     FluxVault.Integration.Tests.WindowsFixtureToolingTests.Acl_checkpoint_handoff_preserves_originals_and_refuses_partial_recovery(scenario: "before-context", accepted: False) [FAIL]
build-test	Ordinary tests (excludes required native PostgreSQL gate)	2026-10-08T06:27:03.3890355Z   Failed FluxVault.Integration.Tests.WindowsFixtureToolingTests.Acl_checkpoint_handoff_preserves_originals_and_refuses_partial_recovery(scenario: "before-context", accepted: False) [865 ms]
build-test	Ordinary tests (excludes required native PostgreSQL gate)	2026-10-08T06:27:03.3893208Z   Error Message:
build-test	Ordinary tests (excludes required native PostgreSQL gate)	2026-10-08T06:27:03.3894472Z    ^[[31;1mException: ^[[31;1mAdditional fixture owner is not a direct local administrator.^[[0m
build-test	Ordinary tests (excludes required native PostgreSQL gate)	2026-10-08T06:27:03.3895167Z 
build-test	Ordinary tests (excludes required native PostgreSQL gate)	2026-10-08T06:27:03.3895383Z   Stack Trace:
build-test	Ordinary tests (excludes required native PostgreSQL gate)	2026-10-08T06:27:03.3897037Z      at FluxVault.Integration.Tests.WindowsFixtureToolingTests.ScriptFixture.RunAsync(String body) in /_/tests/FluxVault.Integration.Tests/WindowsFixtureToolingTests.cs:line 2567
build-test	Ordinary tests (excludes required native PostgreSQL gate)	2026-10-08T06:27:03.3899788Z    at FluxVault.Integration.Tests.WindowsFixtureToolingTests.ScriptFixture.RunAsync(String body) in /_/tests/FluxVault.Integration.Tests/WindowsFixtureToolingTests.cs:line 2575
build-test	Ordinary tests (excludes required native PostgreSQL gate)	2026-10-08T06:27:03.3903029Z    at FluxVault.Integration.Tests.WindowsFixtureToolingTests.Acl_checkpoint_handoff_preserves_originals_and_refuses_partial_recovery(String scenario, Boolean accepted) in /_/tests/FluxVault.Integration.Tests/WindowsFixtureToolingTests.cs:line 129
build-test	Ordinary tests (excludes required native PostgreSQL gate)	2026-10-08T06:27:03.3905476Z --- End of stack trace from previous location ---
build-test	Ordinary tests (excludes required native PostgreSQL gate)	2026-10-08T06:27:03.6350634Z [xUnit.net 00:01:45.49]     FluxVault.Integration.Tests.WindowsFixtureToolingTests.Acl_checkpoint_handoff_preserves_originals_and_refuses_partial_recovery(scenario: "changed-original", accepted: False) [FAIL]
build-test	Ordinary tests (excludes required native PostgreSQL gate)	2026-10-08T06:27:04.5011636Z [xUnit.net 00:01:46.35]     FluxVault.Integration.Tests.WindowsFixtureToolingTests.Acl_checkpoint_handoff_preserves_originals_and_refuses_partial_recovery(scenario: "after-context", accepted: False) [FAIL]
build-test	Ordinary tests (excludes required native PostgreSQL gate)	2026-10-08T06:27:04.8968033Z   Failed FluxVault.Integration.Tests.WindowsFixtureToolingTests.Acl_checkpoint_handoff_preserves_originals_and_refuses_partial_recovery(scenario: "changed-original", accepted: False) [868 ms]
build-test	Ordinary tests (excludes required native PostgreSQL gate)	2026-10-08T06:27:04.8969334Z   Error Message:
build-test	Ordinary tests (excludes required native PostgreSQL gate)	2026-10-08T06:27:04.8970098Z    ^[[31;1mException: ^[[31;1mAdditional fixture owner is not a direct local administrator.^[[0m
build-test	Ordinary tests (excludes required native PostgreSQL gate)	2026-10-08T06:27:04.8970471Z 
build-test	Ordinary tests (excludes required native PostgreSQL gate)	2026-10-08T06:27:04.8970596Z   Stack Trace:
build-test	Ordinary tests (excludes required native PostgreSQL gate)	2026-10-08T06:27:04.8971482Z      at FluxVault.Integration.Tests.WindowsFixtureToolingTests.ScriptFixture.RunAsync(String body) in /_/tests/FluxVault.Integration.Tests/WindowsFixtureToolingTests.cs:line 2567
build-test	Ordinary tests (excludes required native PostgreSQL gate)	2026-10-08T06:27:04.8972979Z    at FluxVault.Integration.Tests.WindowsFixtureToolingTests.ScriptFixture.RunAsync(String body) in /_/tests/FluxVault.Integration.Tests/WindowsFixtureToolingTests.cs:line 2575
build-test	Ordinary tests (excludes required native PostgreSQL gate)	2026-10-08T06:27:04.8974705Z    at FluxVault.Integration.Tests.WindowsFixtureToolingTests.Acl_checkpoint_handoff_preserves_originals_and_refuses_partial_recovery(String scenario, Boolean accepted) in /_/tests/FluxVault.Integration.Tests/WindowsFixtureToolingTests.cs:line 129
build-test	Ordinary tests (excludes required native PostgreSQL gate)	2026-10-08T06:27:04.8975899Z --- End of stack trace from previous location ---
build-test	Ordinary tests (excludes required native PostgreSQL gate)	2026-10-08T06:27:04.8976915Z   Failed FluxVault.Integration.Tests.WindowsFixtureToolingTests.Acl_checkpoint_handoff_preserves_originals_and_refuses_partial_recovery(scenario: "after-context", accepted: False) [865 ms]
build-test	Ordinary tests (excludes required native PostgreSQL gate)	2026-10-08T06:27:04.8978160Z   Error Message:
build-test	Ordinary tests (excludes required native PostgreSQL gate)	2026-10-08T06:27:04.8978708Z    ^[[31;1mException: ^[[31;1mAdditional fixture owner is not a direct local administrator.^[[0m
build-test	Ordinary tests (excludes required native PostgreSQL gate)	2026-10-08T06:27:04.8979103Z 
build-test	Ordinary tests (excludes required native PostgreSQL gate)	2026-10-08T06:27:04.8979194Z   Stack Trace:
build-test	Ordinary tests (excludes required native PostgreSQL gate)	2026-10-08T06:27:04.8980065Z      at FluxVault.Integration.Tests.WindowsFixtureToolingTests.ScriptFixture.RunAsync(String body) in /_/tests/FluxVault.Integration.Tests/WindowsFixtureToolingTests.cs:line 2567
build-test	Ordinary tests (excludes required native PostgreSQL gate)	2026-10-08T06:27:04.8981571Z    at FluxVault.Integration.Tests.WindowsFixtureToolingTests.ScriptFixture.RunAsync(String body) in /_/tests/FluxVault.Integration.Tests/WindowsFixtureToolingTests.cs:line 2575
build-test	Ordinary tests (excludes required native PostgreSQL gate)	2026-10-08T06:27:04.8983284Z    at FluxVault.Integration.Tests.WindowsFixtureToolingTests.Acl_checkpoint_handoff_preserves_originals_and_refuses_partial_recovery(String scenario, Boolean accepted) in /_/tests/FluxVault.Integration.Tests/WindowsFixtureToolingTests.cs:line 129
build-test	Ordinary tests (excludes required native PostgreSQL gate)	2026-10-08T06:27:04.8984420Z --- End of stack trace from previous location ---
build-test	Ordinary tests (excludes required native PostgreSQL gate)	2026-10-08T06:27:05.3607924Z [xUnit.net 00:01:47.21]     FluxVault.Integration.Tests.WindowsFixtureToolingTests.Acl_checkpoint_handoff_preserves_originals_and_refuses_partial_recovery(scenario: "before-completion", accepted: False) [FAIL]
build-test	Ordinary tests (excludes required native PostgreSQL gate)	2026-10-08T06:27:06.2227653Z [xUnit.net 00:01:48.08]     FluxVault.Integration.Tests.WindowsFixtureToolingTests.Acl_checkpoint_handoff_preserves_originals_and_refuses_partial_recovery(scenario: "after-intent", accepted: False) [FAIL]
build-test	Ordinary tests (excludes required native PostgreSQL gate)	2026-10-08T06:27:06.4023025Z   Failed FluxVault.Integration.Tests.WindowsFixtureToolingTests.Acl_checkpoint_handoff_preserves_originals_and_refuses_partial_recovery(scenario: "before-completion", accepted: False) [858 ms]
build-test	Ordinary tests (excludes required native PostgreSQL gate)	2026-10-08T06:27:06.4025326Z   Error Message:
build-test	Ordinary tests (excludes required native PostgreSQL gate)	2026-10-08T06:27:06.4026475Z    ^[[31;1mException: ^[[31;1mAdditional fixture owner is not a direct local administrator.^[[0m
build-test	Ordinary tests (excludes required native PostgreSQL gate)	2026-10-08T06:27:06.4027130Z 
build-test	Ordinary tests (excludes required native PostgreSQL gate)	2026-10-08T06:27:06.4027335Z   Stack Trace:
build-test	Ordinary tests (excludes required native PostgreSQL gate)	2026-10-08T06:27:06.4028897Z      at FluxVault.Integration.Tests.WindowsFixtureToolingTests.ScriptFixture.RunAsync(String body) in /_/tests/FluxVault.Integration.Tests/WindowsFixtureToolingTests.cs:line 2567
build-test	Ordinary tests (excludes required native PostgreSQL gate)	2026-10-08T06:27:06.4032015Z    at FluxVault.Integration.Tests.WindowsFixtureToolingTests.ScriptFixture.RunAsync(String body) in /_/tests/FluxVault.Integration.Tests/WindowsFixtureToolingTests.cs:line 2575
build-test	Ordinary tests (excludes required native PostgreSQL gate)	2026-10-08T06:27:06.4035308Z    at FluxVault.Integration.Tests.WindowsFixtureToolingTests.Acl_checkpoint_handoff_preserves_originals_and_refuses_partial_recovery(String scenario, Boolean accepted) in /_/tests/FluxVault.Integration.Tests/WindowsFixtureToolingTests.cs:line 129
build-test	Ordinary tests (excludes required native PostgreSQL gate)	2026-10-08T06:27:06.4037856Z --- End of stack trace from previous location ---
build-test	Ordinary tests (excludes required native PostgreSQL gate)	2026-10-08T06:27:06.4039712Z   Failed FluxVault.Integration.Tests.WindowsFixtureToolingTests.Acl_checkpoint_handoff_preserves_originals_and_refuses_partial_recovery(scenario: "after-intent", accepted: False) [861 ms]
build-test	Ordinary tests (excludes required native PostgreSQL gate)	2026-10-08T06:27:06.4041319Z   Error Message:
build-test	Ordinary tests (excludes required native PostgreSQL gate)	2026-10-08T06:27:06.4042253Z    ^[[31;1mException: ^[[31;1mAdditional fixture owner is not a direct local administrator.^[[0m
build-test	Ordinary tests (excludes required native PostgreSQL gate)	2026-10-08T06:27:06.4042923Z 
build-test	Ordinary tests (excludes required native PostgreSQL gate)	2026-10-08T06:27:06.4043077Z   Stack Trace:
build-test	Ordinary tests (excludes required native PostgreSQL gate)	2026-10-08T06:27:06.4044681Z      at FluxVault.Integration.Tests.WindowsFixtureToolingTests.ScriptFixture.RunAsync(String body) in /_/tests/FluxVault.Integration.Tests/WindowsFixtureToolingTests.cs:line 2567
build-test	Ordinary tests (excludes required native PostgreSQL gate)	2026-10-08T06:27:06.4047619Z    at FluxVault.Integration.Tests.WindowsFixtureToolingTests.ScriptFixture.RunAsync(String body) in /_/tests/FluxVault.Integration.Tests/WindowsFixtureToolingTests.cs:line 2575
build-test	Ordinary tests (excludes required native PostgreSQL gate)	2026-10-08T06:27:06.4050962Z    at FluxVault.Integration.Tests.WindowsFixtureToolingTests.Acl_checkpoint_handoff_preserves_originals_and_refuses_partial_recovery(String scenario, Boolean accepted) in /_/tests/FluxVault.Integration.Tests/WindowsFixtureToolingTests.cs:line 129
build-test	Ordinary tests (excludes required native PostgreSQL gate)	2026-10-08T06:27:06.4053589Z --- End of stack trace from previous location ---
build-test	Ordinary tests (excludes required native PostgreSQL gate)	2026-10-08T06:27:07.0964610Z [xUnit.net 00:01:48.95]     FluxVault.Integration.Tests.WindowsFixtureToolingTests.Acl_checkpoint_handoff_preserves_originals_and_refuses_partial_recovery(scenario: "changed-context", accepted: False) [FAIL]
build-test	Ordinary tests (excludes required native PostgreSQL gate)	2026-10-08T06:27:07.9049884Z   Failed FluxVault.Integration.Tests.WindowsFixtureToolingTests.Acl_checkpoint_handoff_preserves_originals_and_refuses_partial_recovery(scenario: "changed-context", accepted: False) [873 ms]
build-test	Ordinary tests (excludes required native PostgreSQL gate)	2026-10-08T06:27:07.9051634Z   Error Message:
build-test	Ordinary tests (excludes required native PostgreSQL gate)	2026-10-08T06:27:07.9052798Z    ^[[31;1mException: ^[[31;1mAdditional fixture owner is not a direct local administrator.^[[0m
build-test	Ordinary tests (excludes required native PostgreSQL gate)	2026-10-08T06:27:07.9053572Z 
build-test	Ordinary tests (excludes required native PostgreSQL gate)	2026-10-08T06:27:07.9053775Z   Stack Trace:
build-test	Ordinary tests (excludes required native PostgreSQL gate)	2026-10-08T06:27:07.9055430Z      at FluxVault.Integration.Tests.WindowsFixtureToolingTests.ScriptFixture.RunAsync(String body) in /_/tests/FluxVault.Integration.Tests/WindowsFixtureToolingTests.cs:line 2567
build-test	Ordinary tests (excludes required native PostgreSQL gate)	2026-10-08T06:27:07.9058233Z    at FluxVault.Integration.Tests.WindowsFixtureToolingTests.ScriptFixture.RunAsync(String body) in /_/tests/FluxVault.Integration.Tests/WindowsFixtureToolingTests.cs:line 2575
build-test	Ordinary tests (excludes required native PostgreSQL gate)	2026-10-08T06:27:07.9061684Z    at FluxVault.Integration.Tests.WindowsFixtureToolingTests.Acl_checkpoint_handoff_preserves_originals_and_refuses_partial_recovery(String scenario, Boolean accepted) in /_/tests/FluxVault.Integration.Tests/WindowsFixtureToolingTests.cs:line 129
build-test	Ordinary tests (excludes required native PostgreSQL gate)	2026-10-08T06:27:07.9064982Z --- End of stack trace from previous location ---
build-test	Ordinary tests (excludes required native PostgreSQL gate)	2026-10-08T06:27:07.9527094Z [xUnit.net 00:01:49.81]     FluxVault.Integration.Tests.WindowsFixtureToolingTests.Acl_checkpoint_handoff_preserves_originals_and_refuses_partial_recovery(scenario: "complete", accepted: True) [FAIL]
build-test	Ordinary tests (excludes required native PostgreSQL gate)	2026-10-08T06:27:09.4062454Z   Failed FluxVault.Integration.Tests.WindowsFixtureToolingTests.Acl_checkpoint_handoff_preserves_originals_and_refuses_partial_recovery(scenario: "complete", accepted: True) [855 ms]
build-test	Ordinary tests (excludes required native PostgreSQL gate)	2026-10-08T06:27:09.4063939Z   Error Message:
build-test	Ordinary tests (excludes required native PostgreSQL gate)	2026-10-08T06:27:09.4065611Z    ^[[31;1mException: ^[[31;1mAdditional fixture owner is not a direct local administrator.^[[0m
build-test	Ordinary tests (excludes required native PostgreSQL gate)	2026-10-08T06:27:09.4066817Z 
build-test	Ordinary tests (excludes required native PostgreSQL gate)	2026-10-08T06:27:09.4066989Z   Stack Trace:
build-test	Ordinary tests (excludes required native PostgreSQL gate)	2026-10-08T06:27:09.4068286Z      at FluxVault.Integration.Tests.WindowsFixtureToolingTests.ScriptFixture.RunAsync(String body) in /_/tests/FluxVault.Integration.Tests/WindowsFixtureToolingTests.cs:line 2567
build-test	Ordinary tests (excludes required native PostgreSQL gate)	2026-10-08T06:27:09.4069801Z    at FluxVault.Integration.Tests.WindowsFixtureToolingTests.ScriptFixture.RunAsync(String body) in /_/tests/FluxVault.Integration.Tests/WindowsFixtureToolingTests.cs:line 2575
build-test	Ordinary tests (excludes required native PostgreSQL gate)	2026-10-08T06:27:09.4071493Z    at FluxVault.Integration.Tests.WindowsFixtureToolingTests.Acl_checkpoint_handoff_preserves_originals_and_refuses_partial_recovery(String scenario, Boolean accepted) in /_/tests/FluxVault.Integration.Tests/WindowsFixtureToolingTests.cs:line 129
build-test	Ordinary tests (excludes required native PostgreSQL gate)	2026-10-08T06:27:09.4074012Z --- End of stack trace from previous location ---
build-test	Ordinary tests (excludes required native PostgreSQL gate)	2026-10-08T06:27:52.1967137Z [xUnit.net 00:02:34.05]     FluxVault.Integration.Tests.WindowsFixtureToolingTests.Setup_launcher_requires_retired_admission_and_joined_verified_publication(scenario: "success", accepted: True) [FAIL]
build-test	Ordinary tests (excludes required native PostgreSQL gate)	2026-10-08T06:27:52.9368706Z   Failed FluxVault.Integration.Tests.WindowsFixtureToolingTests.Setup_launcher_requires_retired_admission_and_joined_verified_publication(scenario: "success", accepted: True) [984 ms]
build-test	Ordinary tests (excludes required native PostgreSQL gate)	2026-10-08T06:27:52.9370467Z   Error Message:
build-test	Ordinary tests (excludes required native PostgreSQL gate)	2026-10-08T06:27:52.9370970Z    Assert.Equal() Failure: Values differ
build-test	Ordinary tests (excludes required native PostgreSQL gate)	2026-10-08T06:27:52.9371491Z Expected: True
build-test	Ordinary tests (excludes required native PostgreSQL gate)	2026-10-08T06:27:52.9371868Z Actual:   False
build-test	Ordinary tests (excludes required native PostgreSQL gate)	2026-10-08T06:27:52.9372241Z   Stack Trace:
build-test	Ordinary tests (excludes required native PostgreSQL gate)	2026-10-08T06:27:52.9373588Z      at FluxVault.Integration.Tests.WindowsFixtureToolingTests.Setup_launcher_requires_retired_admission_and_joined_verified_publication(String scenario, Boolean accepted) in /_/tests/FluxVault.Integration.Tests/WindowsFixtureToolingTests.cs:line 364
build-test	Ordinary tests (excludes required native PostgreSQL gate)	2026-10-08T06:27:52.9374952Z --- End of stack trace from previous location ---
build-test	Ordinary tests (excludes required native PostgreSQL gate)	2026-10-08T06:27:53.0617244Z [xUnit.net 00:02:34.91]     FluxVault.Integration.Tests.WindowsFixtureToolingTests.Setup_launcher_requires_retired_admission_and_joined_verified_publication(scenario: "setup-failed", accepted: False) [FAIL]
build-test	Ordinary tests (excludes required native PostgreSQL gate)	2026-10-08T06:27:53.9117806Z [xUnit.net 00:02:35.76]     FluxVault.Integration.Tests.WindowsFixtureToolingTests.Setup_launcher_requires_retired_admission_and_joined_verified_publication(scenario: "binding-mismatch", accepted: False) [FAIL]
build-test	Ordinary tests (excludes required native PostgreSQL gate)	2026-10-08T06:27:54.4372642Z   Failed FluxVault.Integration.Tests.WindowsFixtureToolingTests.Setup_launcher_requires_retired_admission_and_joined_verified_publication(scenario: "setup-failed", accepted: False) [864 ms]
build-test	Ordinary tests (excludes required native PostgreSQL gate)	2026-10-08T06:27:54.4375514Z   Error Message:
build-test	Ordinary tests (excludes required native PostgreSQL gate)	2026-10-08T06:27:54.4375941Z    Assert.Equal() Failure: Values differ
build-test	Ordinary tests (excludes required native PostgreSQL gate)	2026-10-08T06:27:54.4376240Z Expected: True
build-test	Ordinary tests (excludes required native PostgreSQL gate)	2026-10-08T06:27:54.4376494Z Actual:   False
build-test	Ordinary tests (excludes required native PostgreSQL gate)	2026-10-08T06:27:54.4376733Z   Stack Trace:
build-test	Ordinary tests (excludes required native PostgreSQL gate)	2026-10-08T06:27:54.4378058Z      at FluxVault.Integration.Tests.WindowsFixtureToolingTests.Setup_launcher_requires_retired_admission_and_joined_verified_publication(String scenario, Boolean accepted) in /_/tests/FluxVault.Integration.Tests/WindowsFixtureToolingTests.cs:line 364
build-test	Ordinary tests (excludes required native PostgreSQL gate)	2026-10-08T06:27:54.4379436Z --- End of stack trace from previous location ---
build-test	Ordinary tests (excludes required native PostgreSQL gate)	2026-10-08T06:27:54.4380609Z   Failed FluxVault.Integration.Tests.WindowsFixtureToolingTests.Setup_launcher_requires_retired_admission_and_joined_verified_publication(scenario: "binding-mismatch", accepted: False) [849 ms]
build-test	Ordinary tests (excludes required native PostgreSQL gate)	2026-10-08T06:27:54.4382137Z   Error Message:
build-test	Ordinary tests (excludes required native PostgreSQL gate)	2026-10-08T06:27:54.4382462Z    Assert.Equal() Failure: Values differ
build-test	Ordinary tests (excludes required native PostgreSQL gate)	2026-10-08T06:27:54.4382832Z Expected: True
build-test	Ordinary tests (excludes required native PostgreSQL gate)	2026-10-08T06:27:54.4383065Z Actual:   False
build-test	Ordinary tests (excludes required native PostgreSQL gate)	2026-10-08T06:27:54.4383314Z   Stack Trace:
build-test	Ordinary tests (excludes required native PostgreSQL gate)	2026-10-08T06:27:54.4384777Z      at FluxVault.Integration.Tests.WindowsFixtureToolingTests.Setup_launcher_requires_retired_admission_and_joined_verified_publication(String scenario, Boolean accepted) in /_/tests/FluxVault.Integration.Tests/WindowsFixtureToolingTests.cs:line 364
build-test	Ordinary tests (excludes required native PostgreSQL gate)	2026-10-08T06:27:54.4386026Z --- End of stack trace from previous location ---
build-test	Ordinary tests (excludes required native PostgreSQL gate)	2026-10-08T06:29:15.3566894Z [xUnit.net 00:03:57.21]     FluxVault.Integration.Tests.WindowsFixtureToolingTests.Reopened_task_context_recovers_from_intent_without_launch_acknowledgement_and_refuses_a_mismatch(mismatched: True) [FAIL]
build-test	Ordinary tests (excludes required native PostgreSQL gate)	2026-10-08T06:29:16.1787014Z [xUnit.net 00:03:58.03]     FluxVault.Integration.Tests.WindowsFixtureToolingTests.Reopened_task_context_recovers_from_intent_without_launch_acknowledgement_and_refuses_a_mismatch(mismatched: False) [FAIL]
build-test	Ordinary tests (excludes required native PostgreSQL gate)	2026-10-08T06:29:16.3569918Z   Failed FluxVault.Integration.Tests.WindowsFixtureToolingTests.Reopened_task_context_recovers_from_intent_without_launch_acknowledgement_and_refuses_a_mismatch(mismatched: True) [1 s]
build-test	Ordinary tests (excludes required native PostgreSQL gate)	2026-10-08T06:29:16.3616457Z   Error Message:
build-test	Ordinary tests (excludes required native PostgreSQL gate)	2026-10-08T06:29:16.3617701Z    Assert.Contains() Failure: Sub-string not found
build-test	Ordinary tests (excludes required native PostgreSQL gate)	2026-10-08T06:29:16.3619202Z String:    "Additional fixture owner is not a direct "···
build-test	Ordinary tests (excludes required native PostgreSQL gate)	2026-10-08T06:29:16.3620419Z Not found: "exact pre-registration intent"
build-test	Ordinary tests (excludes required native PostgreSQL gate)	2026-10-08T06:29:16.3621340Z   Stack Trace:
build-test	Ordinary tests (excludes required native PostgreSQL gate)	2026-10-08T06:29:16.3623851Z      at FluxVault.Integration.Tests.WindowsFixtureToolingTests.Reopened_task_context_recovers_from_intent_without_launch_acknowledgement_and_refuses_a_mismatch(Boolean mismatched) in /_/tests/FluxVault.Integration.Tests/WindowsFixtureToolingTests.cs:line 231
build-test	Ordinary tests (excludes required native PostgreSQL gate)	2026-10-08T06:29:16.3626636Z --- End of stack trace from previous location ---
build-test	Ordinary tests (excludes required native PostgreSQL gate)	2026-10-08T06:29:16.3628845Z   Failed FluxVault.Integration.Tests.WindowsFixtureToolingTests.Reopened_task_context_recovers_from_intent_without_launch_acknowledgement_and_refuses_a_mismatch(mismatched: False) [821 ms]
build-test	Ordinary tests (excludes required native PostgreSQL gate)	2026-10-08T06:29:16.3630508Z   Error Message:
build-test	Ordinary tests (excludes required native PostgreSQL gate)	2026-10-08T06:29:16.3631038Z    Assert.Equal() Failure: Values differ
build-test	Ordinary tests (excludes required native PostgreSQL gate)	2026-10-08T06:29:16.3631482Z Expected: 1
build-test	Ordinary tests (excludes required native PostgreSQL gate)	2026-10-08T06:29:16.3631760Z Actual:   0
build-test	Ordinary tests (excludes required native PostgreSQL gate)	2026-10-08T06:29:16.3632151Z   Stack Trace:
build-test	Ordinary tests (excludes required native PostgreSQL gate)	2026-10-08T06:29:16.3634248Z      at FluxVault.Integration.Tests.WindowsFixtureToolingTests.Reopened_task_context_recovers_from_intent_without_launch_acknowledgement_and_refuses_a_mismatch(Boolean mismatched) in /_/tests/FluxVault.Integration.Tests/WindowsFixtureToolingTests.cs:line 228
build-test	Ordinary tests (excludes required native PostgreSQL gate)	2026-10-08T06:29:16.3636829Z --- End of stack trace from previous location ---
build-test	Ordinary tests (excludes required native PostgreSQL gate)	2026-10-08T06:29:19.8705390Z [xUnit.net 00:04:01.72]     FluxVault.Integration.Tests.WindowsFixtureToolingTests.Sspi_refusal_requires_same_backend_host_role_map_and_actual_Windows_SID [FAIL]
build-test	Ordinary tests (excludes required native PostgreSQL gate)	2026-10-08T06:29:20.8824885Z   Failed FluxVault.Integration.Tests.WindowsFixtureToolingTests.Sspi_refusal_requires_same_backend_host_role_map_and_actual_Windows_SID [680 ms]
build-test	Ordinary tests (excludes required native PostgreSQL gate)	2026-10-08T06:29:20.8826391Z   Error Message:
build-test	Ordinary tests (excludes required native PostgreSQL gate)	2026-10-08T06:29:20.8827813Z    ^[[31;1mException: ^[[31;1mA single owned qualified SSPI principal could not be established.^[[0m
build-test	Ordinary tests (excludes required native PostgreSQL gate)	2026-10-08T06:29:20.8828692Z 
build-test	Ordinary tests (excludes required native PostgreSQL gate)	2026-10-08T06:29:20.8829049Z   Stack Trace:
build-test	Ordinary tests (excludes required native PostgreSQL gate)	2026-10-08T06:29:20.8830815Z      at FluxVault.Integration.Tests.WindowsFixtureToolingTests.ScriptFixture.RunAsync(String body) in /_/tests/FluxVault.Integration.Tests/WindowsFixtureToolingTests.cs:line 2567
build-test	Ordinary tests (excludes required native PostgreSQL gate)	2026-10-08T06:29:20.8833714Z    at FluxVault.Integration.Tests.WindowsFixtureToolingTests.ScriptFixture.RunAsync(String body) in /_/tests/FluxVault.Integration.Tests/WindowsFixtureToolingTests.cs:line 2575
build-test	Ordinary tests (excludes required native PostgreSQL gate)	2026-10-08T06:29:20.8837407Z    at FluxVault.Integration.Tests.WindowsFixtureToolingTests.Sspi_refusal_requires_same_backend_host_role_map_and_actual_Windows_SID() in /_/tests/FluxVault.Integration.Tests/WindowsFixtureToolingTests.cs:line 1940
build-test	Ordinary tests (excludes required native PostgreSQL gate)	2026-10-08T06:29:20.8839890Z --- End of stack trace from previous location ---
build-test	Ordinary tests (excludes required native PostgreSQL gate)	2026-10-08T06:29:24.5134986Z [xUnit.net 00:04:06.37]     FluxVault.Integration.Tests.WindowsFixtureToolingTests.Identity_package_owns_its_logo_and_preserves_cloned_runtime_assets [FAIL]
build-test	Ordinary tests (excludes required native PostgreSQL gate)	2026-10-08T06:29:24.5140489Z   Failed FluxVault.Integration.Tests.WindowsFixtureToolingTests.Identity_package_owns_its_logo_and_preserves_cloned_runtime_assets [1 s]
build-test	Ordinary tests (excludes required native PostgreSQL gate)	2026-10-08T06:29:24.5141902Z   Error Message:
build-test	Ordinary tests (excludes required native PostgreSQL gate)	2026-10-08T06:29:24.5142468Z    Assert.Equal() Failure: Strings differ
build-test	Ordinary tests (excludes required native PostgreSQL gate)	2026-10-08T06:29:24.5143488Z            ↓ (pos 0)
build-test	Ordinary tests (excludes required native PostgreSQL gate)	2026-10-08T06:29:24.5144119Z Expected: "Reached bounded packaging boundary."
build-test	Ordinary tests (excludes required native PostgreSQL gate)	2026-10-08T06:29:24.5145093Z Actual:   "Cannot find drive. A drive with the name "···
build-test	Ordinary tests (excludes required native PostgreSQL gate)	2026-10-08T06:29:24.5145899Z            ↑ (pos 0)
build-test	Ordinary tests (excludes required native PostgreSQL gate)	2026-10-08T06:29:24.5146352Z   Stack Trace:
build-test	Ordinary tests (excludes required native PostgreSQL gate)	2026-10-08T06:29:24.5148227Z      at FluxVault.Integration.Tests.WindowsFixtureToolingTests.Identity_package_owns_its_logo_and_preserves_cloned_runtime_assets() in /_/tests/FluxVault.Integration.Tests/WindowsFixtureToolingTests.cs:line 1607
build-test	Ordinary tests (excludes required native PostgreSQL gate)	2026-10-08T06:29:24.5149857Z --- End of stack trace from previous location ---
build-test	Ordinary tests (excludes required native PostgreSQL gate)	2026-10-08T06:29:40.0252827Z 
build-test	Ordinary tests (excludes required native PostgreSQL gate)	2026-10-08T06:29:40.0297857Z Failed!  - Failed:    32, Passed:   311, Skipped:     0, Total:   343, Duration: 4 m 20 s - FluxVault.Integration.Tests.dll (net10.0)
build-test	Ordinary tests (excludes required native PostgreSQL gate)	2026-10-08T06:29:40.2265766Z ##[error]Process completed with exit code 1.
