<?xml version="1.0" encoding="utf-8"?>
<TestRun id="8eb8cb5a-9baf-4365-81a9-cf83f3d10204" name="os008@OS008-HOME 2026-10-04 04:49:17" runUser="OS008-HOME\os008" xmlns="http://microsoft.com/schemas/VisualStudio/TeamTest/2010">
  <Times creation="2026-10-04T04:49:17.9519282+03:00" queuing="2026-10-04T04:49:17.9519283+03:00" start="2026-10-04T04:49:17.3444129+03:00" finish="2026-10-04T04:49:18.4952606+03:00" />
  <TestSettings name="default" id="9e414d8a-54a8-4e87-8c96-444dada026ee">
    <Deployment runDeploymentRoot="os008_OS008-HOME_2026-10-04_04_49_17" />
  </TestSettings>
  <Results>
    <UnitTestResult executionId="0b4d38d5-9d5f-4863-920b-f45ab037cbc6" testId="1f8ce187-4171-c7d4-e3ec-5f2d0a55e616" testName="FluxVault.Windows.Tests.WindowsPipeBoundaryTests.Connected_handle_verification_precedes_any_request_bytes" computerName="OS008-HOME" duration="00:00:00.0024125" startTime="2026-10-04T04:49:17.9294500+03:00" endTime="2026-10-04T04:49:17.9295059+03:00" testType="13cdc9d9-ddb5-4fa4-a97d-d965ccfc6d4b" outcome="Passed" testListId="8c84fa94-04c1-424b-9868-57a2d4851a1d" relativeResultsDirectory="0b4d38d5-9d5f-4863-920b-f45ab037cbc6" />
    <UnitTestResult executionId="84d14a9b-3311-4914-98ed-c564a841a286" testId="91a1a321-4cda-ab23-099d-6bbc08d5ec6b" testName="FluxVault.Windows.Tests.WindowsPipeBoundaryTests.Captured_caller_token_outlives_the_connection_and_flows_across_await" computerName="OS008-HOME" duration="00:00:00.0126379" startTime="2026-10-04T04:49:17.8933519+03:00" endTime="2026-10-04T04:49:17.9061868+03:00" testType="13cdc9d9-ddb5-4fa4-a97d-d965ccfc6d4b" outcome="Passed" testListId="8c84fa94-04c1-424b-9868-57a2d4851a1d" relativeResultsDirectory="84d14a9b-3311-4914-98ed-c564a841a286" />
    <UnitTestResult executionId="c2dfb0f3-cde7-4b64-8703-218e3af1d9f5" testId="996d3bd2-238c-333e-2d19-948501c9cfb7" testName="FluxVault.Windows.Tests.WindowsPipeBoundaryTests.Private_fixture_cannot_open_an_installed_or_unbounded_name(name: &quot;FluxVault.Tests.not-a-guid&quot;)" computerName="OS008-HOME" duration="00:00:00.0000205" startTime="2026-10-04T04:49:17.8772272+03:00" endTime="2026-10-04T04:49:17.8772639+03:00" testType="13cdc9d9-ddb5-4fa4-a97d-d965ccfc6d4b" outcome="Passed" testListId="8c84fa94-04c1-424b-9868-57a2d4851a1d" relativeResultsDirectory="c2dfb0f3-cde7-4b64-8703-218e3af1d9f5" />
    <UnitTestResult executionId="285c0be7-1846-4fcf-9595-0a60cca5249e" testId="3fed6998-ba0c-4469-e36c-3d7b142d95a9" testName="FluxVault.Windows.Tests.NamedPipeServiceBoundaryTests.Response_receipt_keeps_the_caller_alive_until_the_client_has_received_the_frame" computerName="OS008-HOME" duration="00:00:00.1532756" startTime="2026-10-04T04:49:18.2581093+03:00" endTime="2026-10-04T04:49:18.4115295+03:00" testType="13cdc9d9-ddb5-4fa4-a97d-d965ccfc6d4b" outcome="Passed" testListId="8c84fa94-04c1-424b-9868-57a2d4851a1d" relativeResultsDirectory="285c0be7-1846-4fcf-9595-0a60cca5249e" />
    <UnitTestResult executionId="2f36c6fb-f201-4c66-9961-6798d93723a7" testId="7e2aba05-70be-db34-ec5f-9b8815df7cf8" testName="FluxVault.Windows.Tests.WindowsPipeBoundaryTests.Private_fixture_cannot_open_an_installed_or_unbounded_name(name: &quot;FluxVault.Service&quot;)" computerName="OS008-HOME" duration="00:00:00.0044215" startTime="2026-10-04T04:49:17.8564593+03:00" endTime="2026-10-04T04:49:17.8663155+03:00" testType="13cdc9d9-ddb5-4fa4-a97d-d965ccfc6d4b" outcome="Passed" testListId="8c84fa94-04c1-424b-9868-57a2d4851a1d" relativeResultsDirectory="2f36c6fb-f201-4c66-9961-6798d93723a7" />
    <UnitTestResult executionId="e4c335dc-b9e7-4b09-8cbf-1bb5bf91cc4f" testId="0eb5ab2f-60c9-f640-c50e-96ade3b7ad4e" testName="FluxVault.Windows.Tests.WindowsPipeBoundaryTests.Served_anchor_is_reusable_and_retains_the_name_between_requests" computerName="OS008-HOME" duration="00:00:00.0138716" startTime="2026-10-04T04:49:17.8782690+03:00" endTime="2026-10-04T04:49:17.8833812+03:00" testType="13cdc9d9-ddb5-4fa4-a97d-d965ccfc6d4b" outcome="Passed" testListId="8c84fa94-04c1-424b-9868-57a2d4851a1d" relativeResultsDirectory="e4c335dc-b9e7-4b09-8cbf-1bb5bf91cc4f" />
    <UnitTestResult executionId="dbe90661-ea70-4bea-8788-548613c17a89" testId="154460ff-3e14-0c75-9dfd-8deb7d3e9cf6" testName="FluxVault.Windows.Tests.WindowsPipeBoundaryTests.Private_fixture_cannot_open_an_installed_or_unbounded_name(name: &quot;remote\\FluxVault.Tests.01234567890123456789012345&quot;···)" computerName="OS008-HOME" duration="00:00:00.0001457" startTime="2026-10-04T04:49:17.8758329+03:00" endTime="2026-10-04T04:49:17.8766150+03:00" testType="13cdc9d9-ddb5-4fa4-a97d-d965ccfc6d4b" outcome="Passed" testListId="8c84fa94-04c1-424b-9868-57a2d4851a1d" relativeResultsDirectory="dbe90661-ea70-4bea-8788-548613c17a89" />
    <UnitTestResult executionId="38041c08-efdc-4159-b783-408229b725e3" testId="809f599f-938e-66be-2721-660b854c053d" testName="FluxVault.Windows.Tests.WindowsPipeBoundaryTests.Identification_only_client_is_refused_instead_of_using_server_identity" computerName="OS008-HOME" duration="00:00:00.0026983" startTime="2026-10-04T04:49:17.8899425+03:00" endTime="2026-10-04T04:49:17.8927738+03:00" testType="13cdc9d9-ddb5-4fa4-a97d-d965ccfc6d4b" outcome="Passed" testListId="8c84fa94-04c1-424b-9868-57a2d4851a1d" relativeResultsDirectory="38041c08-efdc-4159-b783-408229b725e3" />
    <UnitTestResult executionId="ddac9ea0-434c-4507-9157-18abd559a4e2" testId="dafd0a67-a7c7-1a6a-3909-b0d93de80b09" testName="FluxVault.Windows.Tests.NamedPipeServiceBoundaryTests.Stop_joins_accepted_work_before_returning" computerName="OS008-HOME" duration="00:00:00.3979030" startTime="2026-10-04T04:49:17.8552115+03:00" endTime="2026-10-04T04:49:18.2579335+03:00" testType="13cdc9d9-ddb5-4fa4-a97d-d965ccfc6d4b" outcome="Passed" testListId="8c84fa94-04c1-424b-9868-57a2d4851a1d" relativeResultsDirectory="ddac9ea0-434c-4507-9157-18abd559a4e2" />
    <UnitTestResult executionId="d085d0a8-6f97-4e73-b4a8-8a57b1bd239b" testId="a5dc0635-e22a-84b2-34ee-42c1ee2b7865" testName="FluxVault.Windows.Tests.WindowsPipeBoundaryTests.Client_refuses_a_pipe_that_allows_untrusted_instance_creation" computerName="OS008-HOME" duration="00:00:00.0046613" startTime="2026-10-04T04:49:17.8849025+03:00" endTime="2026-10-04T04:49:17.8898129+03:00" testType="13cdc9d9-ddb5-4fa4-a97d-d965ccfc6d4b" outcome="Passed" testListId="8c84fa94-04c1-424b-9868-57a2d4851a1d" relativeResultsDirectory="d085d0a8-6f97-4e73-b4a8-8a57b1bd239b" />
    <UnitTestResult executionId="01173ed6-f58f-4fde-ac89-40eb9d59854d" testId="aac1e61f-4489-4df0-d8dd-a5785eb3aa73" testName="FluxVault.Windows.Tests.WindowsPipeBoundaryTests.First_listener_refuses_an_existing_server" computerName="OS008-HOME" duration="00:00:00.0004279" startTime="2026-10-04T04:49:17.8928996+03:00" endTime="2026-10-04T04:49:17.8932495+03:00" testType="13cdc9d9-ddb5-4fa4-a97d-d965ccfc6d4b" outcome="Passed" testListId="8c84fa94-04c1-424b-9868-57a2d4851a1d" relativeResultsDirectory="01173ed6-f58f-4fde-ac89-40eb9d59854d" />
    <UnitTestResult executionId="33d78e42-43f5-41fd-992e-64b8d6e4e6c0" testId="b77c9197-34fe-9274-205a-497ae8cc6009" testName="FluxVault.Windows.Tests.NamedPipeServiceBoundaryTests.Invalid_request_is_refused_before_dispatch(kind: &quot;claimed-identity&quot;)" computerName="OS008-HOME" duration="00:00:00.0023827" startTime="2026-10-04T04:49:18.4412174+03:00" endTime="2026-10-04T04:49:18.4436796+03:00" testType="13cdc9d9-ddb5-4fa4-a97d-d965ccfc6d4b" outcome="Passed" testListId="8c84fa94-04c1-424b-9868-57a2d4851a1d" relativeResultsDirectory="33d78e42-43f5-41fd-992e-64b8d6e4e6c0" />
    <UnitTestResult executionId="7bc8b1b4-1448-4fcd-96aa-3d5ddeb6a6d9" testId="3cfa0169-3e9f-e987-ed57-ea747e0bc12b" testName="FluxVault.Windows.Tests.NamedPipeServiceBoundaryTests.Invalid_request_is_refused_before_dispatch(kind: &quot;depth&quot;)" computerName="OS008-HOME" duration="00:00:00.0008826" startTime="2026-10-04T04:49:18.4437609+03:00" endTime="2026-10-04T04:49:18.4447637+03:00" testType="13cdc9d9-ddb5-4fa4-a97d-d965ccfc6d4b" outcome="Passed" testListId="8c84fa94-04c1-424b-9868-57a2d4851a1d" relativeResultsDirectory="7bc8b1b4-1448-4fcd-96aa-3d5ddeb6a6d9" />
    <UnitTestResult executionId="6c077700-42fa-4ba3-b2bc-a0eb222e52f4" testId="fbf48df7-e2f1-c594-1d7b-048f97cd2f63" testName="FluxVault.Windows.Tests.NamedPipeServiceBoundaryTests.Invalid_request_is_refused_before_dispatch(kind: &quot;oversize&quot;)" computerName="OS008-HOME" duration="00:00:00.0291689" startTime="2026-10-04T04:49:18.4116945+03:00" endTime="2026-10-04T04:49:18.4410951+03:00" testType="13cdc9d9-ddb5-4fa4-a97d-d965ccfc6d4b" outcome="Passed" testListId="8c84fa94-04c1-424b-9868-57a2d4851a1d" relativeResultsDirectory="6c077700-42fa-4ba3-b2bc-a0eb222e52f4" />
  </Results>
  <TestDefinitions>
    <UnitTest name="FluxVault.Windows.Tests.NamedPipeServiceBoundaryTests.Invalid_request_is_refused_before_dispatch(kind: &quot;depth&quot;)" storage="c:\users\os008\.codex\worktrees\fluxvault-next002-plan\fluxvault\tests\fluxvault.windows.tests\bin\release\net10.0\fluxvault.windows.tests.dll" id="3cfa0169-3e9f-e987-ed57-ea747e0bc12b">
      <Execution id="7bc8b1b4-1448-4fcd-96aa-3d5ddeb6a6d9" />
      <TestMethod codeBase="C:\Users\os008\.codex\worktrees\fluxvault-next002-plan\FluxVault\tests\FluxVault.Windows.Tests\bin\Release\net10.0\FluxVault.Windows.Tests.dll" adapterTypeName="executor://xunit/VsTestRunner3/netcore/" className="FluxVault.Windows.Tests.NamedPipeServiceBoundaryTests" name="Invalid_request_is_refused_before_dispatch" />
    </UnitTest>
    <UnitTest name="FluxVault.Windows.Tests.NamedPipeServiceBoundaryTests.Invalid_request_is_refused_before_dispatch(kind: &quot;oversize&quot;)" storage="c:\users\os008\.codex\worktrees\fluxvault-next002-plan\fluxvault\tests\fluxvault.windows.tests\bin\release\net10.0\fluxvault.windows.tests.dll" id="fbf48df7-e2f1-c594-1d7b-048f97cd2f63">
      <Execution id="6c077700-42fa-4ba3-b2bc-a0eb222e52f4" />
      <TestMethod codeBase="C:\Users\os008\.codex\worktrees\fluxvault-next002-plan\FluxVault\tests\FluxVault.Windows.Tests\bin\Release\net10.0\FluxVault.Windows.Tests.dll" adapterTypeName="executor://xunit/VsTestRunner3/netcore/" className="FluxVault.Windows.Tests.NamedPipeServiceBoundaryTests" name="Invalid_request_is_refused_before_dispatch" />
    </UnitTest>
    <UnitTest name="FluxVault.Windows.Tests.NamedPipeServiceBoundaryTests.Invalid_request_is_refused_before_dispatch(kind: &quot;claimed-identity&quot;)" storage="c:\users\os008\.codex\worktrees\fluxvault-next002-plan\fluxvault\tests\fluxvault.windows.tests\bin\release\net10.0\fluxvault.windows.tests.dll" id="b77c9197-34fe-9274-205a-497ae8cc6009">
      <Execution id="33d78e42-43f5-41fd-992e-64b8d6e4e6c0" />
      <TestMethod codeBase="C:\Users\os008\.codex\worktrees\fluxvault-next002-plan\FluxVault\tests\FluxVault.Windows.Tests\bin\Release\net10.0\FluxVault.Windows.Tests.dll" adapterTypeName="executor://xunit/VsTestRunner3/netcore/" className="FluxVault.Windows.Tests.NamedPipeServiceBoundaryTests" name="Invalid_request_is_refused_before_dispatch" />
    </UnitTest>
    <UnitTest name="FluxVault.Windows.Tests.WindowsPipeBoundaryTests.Private_fixture_cannot_open_an_installed_or_unbounded_name(name: &quot;FluxVault.Tests.not-a-guid&quot;)" storage="c:\users\os008\.codex\worktrees\fluxvault-next002-plan\fluxvault\tests\fluxvault.windows.tests\bin\release\net10.0\fluxvault.windows.tests.dll" id="996d3bd2-238c-333e-2d19-948501c9cfb7">
      <Execution id="c2dfb0f3-cde7-4b64-8703-218e3af1d9f5" />
      <TestMethod codeBase="C:\Users\os008\.codex\worktrees\fluxvault-next002-plan\FluxVault\tests\FluxVault.Windows.Tests\bin\Release\net10.0\FluxVault.Windows.Tests.dll" adapterTypeName="executor://xunit/VsTestRunner3/netcore/" className="FluxVault.Windows.Tests.WindowsPipeBoundaryTests" name="Private_fixture_cannot_open_an_installed_or_unbounded_name" />
    </UnitTest>
    <UnitTest name="FluxVault.Windows.Tests.WindowsPipeBoundaryTests.Client_refuses_a_pipe_that_allows_untrusted_instance_creation" storage="c:\users\os008\.codex\worktrees\fluxvault-next002-plan\fluxvault\tests\fluxvault.windows.tests\bin\release\net10.0\fluxvault.windows.tests.dll" id="a5dc0635-e22a-84b2-34ee-42c1ee2b7865">
      <Execution id="d085d0a8-6f97-4e73-b4a8-8a57b1bd239b" />
      <TestMethod codeBase="C:\Users\os008\.codex\worktrees\fluxvault-next002-plan\FluxVault\tests\FluxVault.Windows.Tests\bin\Release\net10.0\FluxVault.Windows.Tests.dll" adapterTypeName="executor://xunit/VsTestRunner3/netcore/" className="FluxVault.Windows.Tests.WindowsPipeBoundaryTests" name="Client_refuses_a_pipe_that_allows_untrusted_instance_creation" />
    </UnitTest>
    <UnitTest name="FluxVault.Windows.Tests.WindowsPipeBoundaryTests.Served_anchor_is_reusable_and_retains_the_name_between_requests" storage="c:\users\os008\.codex\worktrees\fluxvault-next002-plan\fluxvault\tests\fluxvault.windows.tests\bin\release\net10.0\fluxvault.windows.tests.dll" id="0eb5ab2f-60c9-f640-c50e-96ade3b7ad4e">
      <Execution id="e4c335dc-b9e7-4b09-8cbf-1bb5bf91cc4f" />
      <TestMethod codeBase="C:\Users\os008\.codex\worktrees\fluxvault-next002-plan\FluxVault\tests\FluxVault.Windows.Tests\bin\Release\net10.0\FluxVault.Windows.Tests.dll" adapterTypeName="executor://xunit/VsTestRunner3/netcore/" className="FluxVault.Windows.Tests.WindowsPipeBoundaryTests" name="Served_anchor_is_reusable_and_retains_the_name_between_requests" />
    </UnitTest>
    <UnitTest name="FluxVault.Windows.Tests.WindowsPipeBoundaryTests.Connected_handle_verification_precedes_any_request_bytes" storage="c:\users\os008\.codex\worktrees\fluxvault-next002-plan\fluxvault\tests\fluxvault.windows.tests\bin\release\net10.0\fluxvault.windows.tests.dll" id="1f8ce187-4171-c7d4-e3ec-5f2d0a55e616">
      <Execution id="0b4d38d5-9d5f-4863-920b-f45ab037cbc6" />
      <TestMethod codeBase="C:\Users\os008\.codex\worktrees\fluxvault-next002-plan\FluxVault\tests\FluxVault.Windows.Tests\bin\Release\net10.0\FluxVault.Windows.Tests.dll" adapterTypeName="executor://xunit/VsTestRunner3/netcore/" className="FluxVault.Windows.Tests.WindowsPipeBoundaryTests" name="Connected_handle_verification_precedes_any_request_bytes" />
    </UnitTest>
    <UnitTest name="FluxVault.Windows.Tests.WindowsPipeBoundaryTests.Private_fixture_cannot_open_an_installed_or_unbounded_name(name: &quot;remote\\FluxVault.Tests.01234567890123456789012345&quot;···)" storage="c:\users\os008\.codex\worktrees\fluxvault-next002-plan\fluxvault\tests\fluxvault.windows.tests\bin\release\net10.0\fluxvault.windows.tests.dll" id="154460ff-3e14-0c75-9dfd-8deb7d3e9cf6">
      <Execution id="dbe90661-ea70-4bea-8788-548613c17a89" />
      <TestMethod codeBase="C:\Users\os008\.codex\worktrees\fluxvault-next002-plan\FluxVault\tests\FluxVault.Windows.Tests\bin\Release\net10.0\FluxVault.Windows.Tests.dll" adapterTypeName="executor://xunit/VsTestRunner3/netcore/" className="FluxVault.Windows.Tests.WindowsPipeBoundaryTests" name="Private_fixture_cannot_open_an_installed_or_unbounded_name" />
    </UnitTest>
    <UnitTest name="FluxVault.Windows.Tests.WindowsPipeBoundaryTests.Identification_only_client_is_refused_instead_of_using_server_identity" storage="c:\users\os008\.codex\worktrees\fluxvault-next002-plan\fluxvault\tests\fluxvault.windows.tests\bin\release\net10.0\fluxvault.windows.tests.dll" id="809f599f-938e-66be-2721-660b854c053d">
      <Execution id="38041c08-efdc-4159-b783-408229b725e3" />
      <TestMethod codeBase="C:\Users\os008\.codex\worktrees\fluxvault-next002-plan\FluxVault\tests\FluxVault.Windows.Tests\bin\Release\net10.0\FluxVault.Windows.Tests.dll" adapterTypeName="executor://xunit/VsTestRunner3/netcore/" className="FluxVault.Windows.Tests.WindowsPipeBoundaryTests" name="Identification_only_client_is_refused_instead_of_using_server_identity" />
    </UnitTest>
    <UnitTest name="FluxVault.Windows.Tests.NamedPipeServiceBoundaryTests.Response_receipt_keeps_the_caller_alive_until_the_client_has_received_the_frame" storage="c:\users\os008\.codex\worktrees\fluxvault-next002-plan\fluxvault\tests\fluxvault.windows.tests\bin\release\net10.0\fluxvault.windows.tests.dll" id="3fed6998-ba0c-4469-e36c-3d7b142d95a9">
      <Execution id="285c0be7-1846-4fcf-9595-0a60cca5249e" />
      <TestMethod codeBase="C:\Users\os008\.codex\worktrees\fluxvault-next002-plan\FluxVault\tests\FluxVault.Windows.Tests\bin\Release\net10.0\FluxVault.Windows.Tests.dll" adapterTypeName="executor://xunit/VsTestRunner3/netcore/" className="FluxVault.Windows.Tests.NamedPipeServiceBoundaryTests" name="Response_receipt_keeps_the_caller_alive_until_the_client_has_received_the_frame" />
    </UnitTest>
    <UnitTest name="FluxVault.Windows.Tests.WindowsPipeBoundaryTests.Captured_caller_token_outlives_the_connection_and_flows_across_await" storage="c:\users\os008\.codex\worktrees\fluxvault-next002-plan\fluxvault\tests\fluxvault.windows.tests\bin\release\net10.0\fluxvault.windows.tests.dll" id="91a1a321-4cda-ab23-099d-6bbc08d5ec6b">
      <Execution id="84d14a9b-3311-4914-98ed-c564a841a286" />
      <TestMethod codeBase="C:\Users\os008\.codex\worktrees\fluxvault-next002-plan\FluxVault\tests\FluxVault.Windows.Tests\bin\Release\net10.0\FluxVault.Windows.Tests.dll" adapterTypeName="executor://xunit/VsTestRunner3/netcore/" className="FluxVault.Windows.Tests.WindowsPipeBoundaryTests" name="Captured_caller_token_outlives_the_connection_and_flows_across_await" />
    </UnitTest>
    <UnitTest name="FluxVault.Windows.Tests.WindowsPipeBoundaryTests.Private_fixture_cannot_open_an_installed_or_unbounded_name(name: &quot;FluxVault.Service&quot;)" storage="c:\users\os008\.codex\worktrees\fluxvault-next002-plan\fluxvault\tests\fluxvault.windows.tests\bin\release\net10.0\fluxvault.windows.tests.dll" id="7e2aba05-70be-db34-ec5f-9b8815df7cf8">
      <Execution id="2f36c6fb-f201-4c66-9961-6798d93723a7" />
      <TestMethod codeBase="C:\Users\os008\.codex\worktrees\fluxvault-next002-plan\FluxVault\tests\FluxVault.Windows.Tests\bin\Release\net10.0\FluxVault.Windows.Tests.dll" adapterTypeName="executor://xunit/VsTestRunner3/netcore/" className="FluxVault.Windows.Tests.WindowsPipeBoundaryTests" name="Private_fixture_cannot_open_an_installed_or_unbounded_name" />
    </UnitTest>
    <UnitTest name="FluxVault.Windows.Tests.WindowsPipeBoundaryTests.First_listener_refuses_an_existing_server" storage="c:\users\os008\.codex\worktrees\fluxvault-next002-plan\fluxvault\tests\fluxvault.windows.tests\bin\release\net10.0\fluxvault.windows.tests.dll" id="aac1e61f-4489-4df0-d8dd-a5785eb3aa73">
      <Execution id="01173ed6-f58f-4fde-ac89-40eb9d59854d" />
      <TestMethod codeBase="C:\Users\os008\.codex\worktrees\fluxvault-next002-plan\FluxVault\tests\FluxVault.Windows.Tests\bin\Release\net10.0\FluxVault.Windows.Tests.dll" adapterTypeName="executor://xunit/VsTestRunner3/netcore/" className="FluxVault.Windows.Tests.WindowsPipeBoundaryTests" name="First_listener_refuses_an_existing_server" />
    </UnitTest>
    <UnitTest name="FluxVault.Windows.Tests.NamedPipeServiceBoundaryTests.Stop_joins_accepted_work_before_returning" storage="c:\users\os008\.codex\worktrees\fluxvault-next002-plan\fluxvault\tests\fluxvault.windows.tests\bin\release\net10.0\fluxvault.windows.tests.dll" id="dafd0a67-a7c7-1a6a-3909-b0d93de80b09">
      <Execution id="ddac9ea0-434c-4507-9157-18abd559a4e2" />
      <TestMethod codeBase="C:\Users\os008\.codex\worktrees\fluxvault-next002-plan\FluxVault\tests\FluxVault.Windows.Tests\bin\Release\net10.0\FluxVault.Windows.Tests.dll" adapterTypeName="executor://xunit/VsTestRunner3/netcore/" className="FluxVault.Windows.Tests.NamedPipeServiceBoundaryTests" name="Stop_joins_accepted_work_before_returning" />
    </UnitTest>
  </TestDefinitions>
  <TestEntries>
    <TestEntry testId="1f8ce187-4171-c7d4-e3ec-5f2d0a55e616" executionId="0b4d38d5-9d5f-4863-920b-f45ab037cbc6" testListId="8c84fa94-04c1-424b-9868-57a2d4851a1d" />
    <TestEntry testId="91a1a321-4cda-ab23-099d-6bbc08d5ec6b" executionId="84d14a9b-3311-4914-98ed-c564a841a286" testListId="8c84fa94-04c1-424b-9868-57a2d4851a1d" />
    <TestEntry testId="996d3bd2-238c-333e-2d19-948501c9cfb7" executionId="c2dfb0f3-cde7-4b64-8703-218e3af1d9f5" testListId="8c84fa94-04c1-424b-9868-57a2d4851a1d" />
    <TestEntry testId="3fed6998-ba0c-4469-e36c-3d7b142d95a9" executionId="285c0be7-1846-4fcf-9595-0a60cca5249e" testListId="8c84fa94-04c1-424b-9868-57a2d4851a1d" />
    <TestEntry testId="7e2aba05-70be-db34-ec5f-9b8815df7cf8" executionId="2f36c6fb-f201-4c66-9961-6798d93723a7" testListId="8c84fa94-04c1-424b-9868-57a2d4851a1d" />
    <TestEntry testId="0eb5ab2f-60c9-f640-c50e-96ade3b7ad4e" executionId="e4c335dc-b9e7-4b09-8cbf-1bb5bf91cc4f" testListId="8c84fa94-04c1-424b-9868-57a2d4851a1d" />
    <TestEntry testId="154460ff-3e14-0c75-9dfd-8deb7d3e9cf6" executionId="dbe90661-ea70-4bea-8788-548613c17a89" testListId="8c84fa94-04c1-424b-9868-57a2d4851a1d" />
    <TestEntry testId="809f599f-938e-66be-2721-660b854c053d" executionId="38041c08-efdc-4159-b783-408229b725e3" testListId="8c84fa94-04c1-424b-9868-57a2d4851a1d" />
    <TestEntry testId="dafd0a67-a7c7-1a6a-3909-b0d93de80b09" executionId="ddac9ea0-434c-4507-9157-18abd559a4e2" testListId="8c84fa94-04c1-424b-9868-57a2d4851a1d" />
    <TestEntry testId="a5dc0635-e22a-84b2-34ee-42c1ee2b7865" executionId="d085d0a8-6f97-4e73-b4a8-8a57b1bd239b" testListId="8c84fa94-04c1-424b-9868-57a2d4851a1d" />
    <TestEntry testId="aac1e61f-4489-4df0-d8dd-a5785eb3aa73" executionId="01173ed6-f58f-4fde-ac89-40eb9d59854d" testListId="8c84fa94-04c1-424b-9868-57a2d4851a1d" />
    <TestEntry testId="b77c9197-34fe-9274-205a-497ae8cc6009" executionId="33d78e42-43f5-41fd-992e-64b8d6e4e6c0" testListId="8c84fa94-04c1-424b-9868-57a2d4851a1d" />
    <TestEntry testId="3cfa0169-3e9f-e987-ed57-ea747e0bc12b" executionId="7bc8b1b4-1448-4fcd-96aa-3d5ddeb6a6d9" testListId="8c84fa94-04c1-424b-9868-57a2d4851a1d" />
    <TestEntry testId="fbf48df7-e2f1-c594-1d7b-048f97cd2f63" executionId="6c077700-42fa-4ba3-b2bc-a0eb222e52f4" testListId="8c84fa94-04c1-424b-9868-57a2d4851a1d" />
  </TestEntries>
  <TestLists>
    <TestList name="Results Not in a List" id="8c84fa94-04c1-424b-9868-57a2d4851a1d" />
    <TestList name="All Loaded Results" id="19431567-8539-422a-85d7-44ee4e166bda" />
  </TestLists>
  <ResultSummary outcome="Completed">
    <Counters total="14" executed="14" passed="14" failed="0" error="0" timeout="0" aborted="0" inconclusive="0" passedButRunAborted="0" notRunnable="0" notExecuted="0" disconnected="0" warning="0" completed="0" inProgress="0" pending="0" />
    <Output>
      <StdOut>[xUnit.net 00:00:00.00] xUnit.net VSTest Adapter v3.1.4+50e68bbb8b (64-bit .NET 10.0.12)&#xD;
[xUnit.net 00:00:00.07]   Discovering: FluxVault.Windows.Tests&#xD;
[xUnit.net 00:00:00.11]   Discovered:  FluxVault.Windows.Tests&#xD;
[xUnit.net 00:00:00.14]   Starting:    FluxVault.Windows.Tests&#xD;
[xUnit.net 00:00:00.75]   Finished:    FluxVault.Windows.Tests&#xD;
</StdOut>
    </Output>
  </ResultSummary>
</TestRun>