<?xml version="1.0" encoding="utf-8"?>
<TestRun id="78572a7d-e272-4698-9351-19a3bc8bbcf9" name="os008@OS008-HOME 2026-10-04 09:30:01" runUser="OS008-HOME\os008" xmlns="http://microsoft.com/schemas/VisualStudio/TeamTest/2010">
  <Times creation="2026-10-04T09:30:01.5253196+03:00" queuing="2026-10-04T09:30:01.5253199+03:00" start="2026-10-04T09:30:00.8343128+03:00" finish="2026-10-04T09:30:02.0422568+03:00" />
  <TestSettings name="default" id="1869feb0-2a31-4999-9177-9a97505da2ef">
    <Deployment runDeploymentRoot="os008_OS008-HOME_2026-10-04_09_30_01" />
  </TestSettings>
  <Results>
    <UnitTestResult executionId="73522a77-0e1e-4b46-8370-1d98d5d30e82" testId="22a38260-3163-91d8-b119-9eb7b4f6a492" testName="FluxVault.Windows.Tests.WindowsProtectionSourceTests.Confirmed_missing_leaf_and_component_are_distinct_from_denied_parent" computerName="OS008-HOME" duration="00:00:00.0123957" startTime="2026-10-04T09:30:01.4562254+03:00" endTime="2026-10-04T09:30:01.4677325+03:00" testType="13cdc9d9-ddb5-4fa4-a97d-d965ccfc6d4b" outcome="Failed" testListId="8c84fa94-04c1-424b-9868-57a2d4851a1d" relativeResultsDirectory="73522a77-0e1e-4b46-8370-1d98d5d30e82">
      <Output>
        <ErrorInfo>
          <Message>System.UnauthorizedAccessException : Access to the path '\\?\C:\Users\os008\FluxVault.Tests\2a2f580223fc490583ad613e5af437bc\denied' is denied.</Message>
          <StackTrace>   at System.IO.FileSystem.RemoveDirectoryRecursive(String fullPath, WIN32_FIND_DATA&amp; findData, Boolean topLevel)&#xD;
   at System.IO.FileSystem.RemoveDirectory(String fullPath, Boolean recursive)&#xD;
   at FluxVault.Windows.Tests.WindowsProtectionSourceTests.Workspace.Dispose() in C:\Users\os008\.codex\worktrees\fluxvault-next002-plan\FluxVault\tests\FluxVault.Windows.Tests\WindowsProtectionSourceTests.cs:line 135&#xD;
   at FluxVault.Windows.Tests.WindowsProtectionSourceTests.Confirmed_missing_leaf_and_component_are_distinct_from_denied_parent() in C:\Users\os008\.codex\worktrees\fluxvault-next002-plan\FluxVault\tests\FluxVault.Windows.Tests\WindowsProtectionSourceTests.cs:line 68&#xD;
   at FluxVault.Windows.Tests.WindowsProtectionSourceTests.Confirmed_missing_leaf_and_component_are_distinct_from_denied_parent()&#xD;
--- End of stack trace from previous location ---</StackTrace>
        </ErrorInfo>
      </Output>
    </UnitTestResult>
    <UnitTestResult executionId="be481125-7c50-480b-adb9-00944b44bfc8" testId="1bef19cf-b192-895c-3188-136d4f100c33" testName="FluxVault.Windows.Tests.WindowsProtectionSourceTests.Multiple_native_batches_preserve_every_unicode_candidate_and_child_kind" computerName="OS008-HOME" duration="00:00:00.4948296" startTime="2026-10-04T09:30:01.4727783+03:00" endTime="2026-10-04T09:30:01.9676027+03:00" testType="13cdc9d9-ddb5-4fa4-a97d-d965ccfc6d4b" outcome="Passed" testListId="8c84fa94-04c1-424b-9868-57a2d4851a1d" relativeResultsDirectory="be481125-7c50-480b-adb9-00944b44bfc8" />
    <UnitTestResult executionId="3719688a-1ff3-45b8-a6e8-048b7c107aeb" testId="8f20478f-59c0-459a-6542-4629b29f63cc" testName="FluxVault.Windows.Tests.WindowsCallerSourceTests.A_child_restricted_after_parent_admission_is_denied_by_native_open" computerName="OS008-HOME" duration="00:00:00.0049631" startTime="2026-10-04T09:30:01.4615171+03:00" endTime="2026-10-04T09:30:01.4666565+03:00" testType="13cdc9d9-ddb5-4fa4-a97d-d965ccfc6d4b" outcome="Passed" testListId="8c84fa94-04c1-424b-9868-57a2d4851a1d" relativeResultsDirectory="3719688a-1ff3-45b8-a6e8-048b7c107aeb" />
    <UnitTestResult executionId="413d8559-1f9f-4e6c-be64-a2dbb0af8341" testId="ecb6ec27-6914-aee7-5899-18905500d175" testName="FluxVault.Windows.Tests.WindowsProtectionSourceTests.Denied_metadata_is_unavailable_and_not_missing" computerName="OS008-HOME" duration="00:00:00.0047804" startTime="2026-10-04T09:30:01.9835146+03:00" endTime="2026-10-04T09:30:01.9884243+03:00" testType="13cdc9d9-ddb5-4fa4-a97d-d965ccfc6d4b" outcome="Passed" testListId="8c84fa94-04c1-424b-9868-57a2d4851a1d" relativeResultsDirectory="413d8559-1f9f-4e6c-be64-a2dbb0af8341" />
    <UnitTestResult executionId="7cd8b1a3-f5a3-4561-90fc-1d18bd51aff7" testId="828c9442-07c4-e380-3ba9-ee497ddb319e" testName="FluxVault.Windows.Tests.WindowsProtectionSourceTests.Metadata_is_read_from_a_caller_opened_handle_and_has_no_data_read_requirement" computerName="OS008-HOME" duration="00:00:00.0105966" startTime="2026-10-04T09:30:01.9678471+03:00" endTime="2026-10-04T09:30:01.9784848+03:00" testType="13cdc9d9-ddb5-4fa4-a97d-d965ccfc6d4b" outcome="Passed" testListId="8c84fa94-04c1-424b-9868-57a2d4851a1d" relativeResultsDirectory="7cd8b1a3-f5a3-4561-90fc-1d18bd51aff7" />
    <UnitTestResult executionId="bbd98fa6-543d-453a-9a9f-e4f5b87e8155" testId="11d5a462-c6c2-e385-da0c-d11a649beb76" testName="FluxVault.Windows.Tests.WindowsProtectionSourceTests.Lazy_scan_pins_the_directory_until_disposal_and_releases_it_after_cancellation" computerName="OS008-HOME" duration="00:00:00.0454649" startTime="2026-10-04T09:30:01.3908860+03:00" endTime="2026-10-04T09:30:01.4451212+03:00" testType="13cdc9d9-ddb5-4fa4-a97d-d965ccfc6d4b" outcome="Passed" testListId="8c84fa94-04c1-424b-9868-57a2d4851a1d" relativeResultsDirectory="bbd98fa6-543d-453a-9a9f-e4f5b87e8155" />
    <UnitTestResult executionId="2ff824aa-6a4e-49fa-a066-a7798eec059d" testId="017d0956-2ceb-83ee-88cc-4f873f3e6769" testName="FluxVault.Windows.Tests.WindowsCallerSourceTests.Leaf_or_parent_reparse_point_is_rejected(parent: False)" computerName="OS008-HOME" duration="00:00:00.0042357" startTime="2026-10-04T09:30:01.5006314+03:00" endTime="2026-10-04T09:30:01.5006637+03:00" testType="13cdc9d9-ddb5-4fa4-a97d-d965ccfc6d4b" outcome="Passed" testListId="8c84fa94-04c1-424b-9868-57a2d4851a1d" relativeResultsDirectory="2ff824aa-6a4e-49fa-a066-a7798eec059d" />
    <UnitTestResult executionId="7fbf1948-f054-4b85-8ea9-1d1a967a9198" testId="9340eb76-917f-9d51-7352-c35530c6bfa6" testName="FluxVault.Windows.Tests.WindowsCallerSourceTests.Cancelled_open_does_not_acquire_handles" computerName="OS008-HOME" duration="00:00:00.0044945" startTime="2026-10-04T09:30:01.4569181+03:00" endTime="2026-10-04T09:30:01.4613559+03:00" testType="13cdc9d9-ddb5-4fa4-a97d-d965ccfc6d4b" outcome="Passed" testListId="8c84fa94-04c1-424b-9868-57a2d4851a1d" relativeResultsDirectory="7fbf1948-f054-4b85-8ea9-1d1a967a9198" />
    <UnitTestResult executionId="0551be7e-a4bc-4954-b6a1-65314470e598" testId="ca09fe18-0357-d215-ef37-7b0896a54ee7" testName="FluxVault.Windows.Tests.WindowsCallerSourceTests.Ambiguous_path_forms_are_rejected(relative: &quot;sub\\..\\document.txt&quot;)" computerName="OS008-HOME" duration="00:00:00.0039941" startTime="2026-10-04T09:30:01.5187644+03:00" endTime="2026-10-04T09:30:01.5229872+03:00" testType="13cdc9d9-ddb5-4fa4-a97d-d965ccfc6d4b" outcome="Passed" testListId="8c84fa94-04c1-424b-9868-57a2d4851a1d" relativeResultsDirectory="0551be7e-a4bc-4954-b6a1-65314470e598" />
    <UnitTestResult executionId="5f1e24f4-7da2-45f4-b00a-8155156844b5" testId="a51865f6-52a9-ae56-b04f-01f8cd4ab03d" testName="FluxVault.Windows.Tests.WindowsCallerSourceTests.Ambiguous_path_forms_are_rejected(relative: &quot;document.txt:stream&quot;)" computerName="OS008-HOME" duration="00:00:00.0027456" startTime="2026-10-04T09:30:01.5231250+03:00" endTime="2026-10-04T09:30:01.5260330+03:00" testType="13cdc9d9-ddb5-4fa4-a97d-d965ccfc6d4b" outcome="Passed" testListId="8c84fa94-04c1-424b-9868-57a2d4851a1d" relativeResultsDirectory="5f1e24f4-7da2-45f4-b00a-8155156844b5" />
    <UnitTestResult executionId="362481d8-44f8-404a-bf68-a911fd9a541e" testId="f2366844-9ccc-0211-9d33-2de08034b71a" testName="FluxVault.Windows.Tests.WindowsCallerSourceTests.Source_handle_retains_parent_identity_until_disposed" computerName="OS008-HOME" duration="00:00:00.0056594" startTime="2026-10-04T09:30:01.5262002+03:00" endTime="2026-10-04T09:30:01.5320606+03:00" testType="13cdc9d9-ddb5-4fa4-a97d-d965ccfc6d4b" outcome="Passed" testListId="8c84fa94-04c1-424b-9868-57a2d4851a1d" relativeResultsDirectory="362481d8-44f8-404a-bf68-a911fd9a541e" />
    <UnitTestResult executionId="00531a16-ecf9-4d9a-96e6-c5f14092708b" testId="9b4e830e-becc-d56b-8505-d32a42a741bc" testName="FluxVault.Windows.Tests.WindowsCallerSourceTests.Replaced_leaf_is_opened_without_following_its_new_reparse_target" computerName="OS008-HOME" duration="00:00:00.0070482" startTime="2026-10-04T09:30:01.5334665+03:00" endTime="2026-10-04T09:30:01.5394537+03:00" testType="13cdc9d9-ddb5-4fa4-a97d-d965ccfc6d4b" outcome="Passed" testListId="8c84fa94-04c1-424b-9868-57a2d4851a1d" relativeResultsDirectory="00531a16-ecf9-4d9a-96e6-c5f14092708b" />
    <UnitTestResult executionId="186b0290-befa-4edc-b5ad-319da6f43054" testId="9aab339d-5d25-98d1-412e-ad23392a96e0" testName="FluxVault.Windows.Tests.WindowsCallerSourceTests.Outside_selection_is_rejected_before_reading_bytes" computerName="OS008-HOME" duration="00:00:00.0038397" startTime="2026-10-04T09:30:01.5396502+03:00" endTime="2026-10-04T09:30:01.5436118+03:00" testType="13cdc9d9-ddb5-4fa4-a97d-d965ccfc6d4b" outcome="Passed" testListId="8c84fa94-04c1-424b-9868-57a2d4851a1d" relativeResultsDirectory="186b0290-befa-4edc-b5ad-319da6f43054" />
    <UnitTestResult executionId="fbb81736-70d2-4d97-9d23-f4574b0ccc39" testId="c882a0e6-1992-e8d9-387a-f36d9f9cfabe" testName="FluxVault.Windows.Tests.WindowsCallerSourceTests.Ordinary_case_variant_resolves_the_same_selected_root" computerName="OS008-HOME" duration="00:00:00.0057501" startTime="2026-10-04T09:30:01.5007532+03:00" endTime="2026-10-04T09:30:01.5015788+03:00" testType="13cdc9d9-ddb5-4fa4-a97d-d965ccfc6d4b" outcome="Passed" testListId="8c84fa94-04c1-424b-9868-57a2d4851a1d" relativeResultsDirectory="fbb81736-70d2-4d97-9d23-f4574b0ccc39" />
    <UnitTestResult executionId="f9a622b1-0543-4dc8-94e0-adf03de00406" testId="448b9fa2-82e9-6a5f-2b53-c005fb2e5465" testName="FluxVault.Windows.Tests.WindowsProtectionSourceTests.Reparse_and_outside_roots_are_unavailable_even_if_the_leaf_is_missing" computerName="OS008-HOME" duration="00:00:00.0048705" startTime="2026-10-04T09:30:01.4726246+03:00" endTime="2026-10-04T09:30:01.4726699+03:00" testType="13cdc9d9-ddb5-4fa4-a97d-d965ccfc6d4b" outcome="Passed" testListId="8c84fa94-04c1-424b-9868-57a2d4851a1d" relativeResultsDirectory="f9a622b1-0543-4dc8-94e0-adf03de00406" />
    <UnitTestResult executionId="72a29842-8a2a-4cd0-bc4e-8a8d8366f336" testId="16955b6e-2edc-a855-a385-7ea4a6ba79a7" testName="FluxVault.Windows.Tests.WindowsCallerSourceTests.Traversal_only_ancestor_allows_root_bound_source_reads" computerName="OS008-HOME" duration="00:00:00.0096964" startTime="2026-10-04T09:30:01.4668337+03:00" endTime="2026-10-04T09:30:01.4766060+03:00" testType="13cdc9d9-ddb5-4fa4-a97d-d965ccfc6d4b" outcome="Passed" testListId="8c84fa94-04c1-424b-9868-57a2d4851a1d" relativeResultsDirectory="72a29842-8a2a-4cd0-bc4e-8a8d8366f336" />
    <UnitTestResult executionId="13e4024c-17a7-490e-9d9b-3d61935c0482" testId="fe792ecf-f403-bc97-d1fe-bc6b062dad22" testName="FluxVault.Windows.Tests.WindowsCallerSourceTests.Hard_linked_source_is_rejected" computerName="OS008-HOME" duration="00:00:00.0092148" startTime="2026-10-04T09:30:01.4562731+03:00" endTime="2026-10-04T09:30:01.4564881+03:00" testType="13cdc9d9-ddb5-4fa4-a97d-d965ccfc6d4b" outcome="Passed" testListId="8c84fa94-04c1-424b-9868-57a2d4851a1d" relativeResultsDirectory="13e4024c-17a7-490e-9d9b-3d61935c0482" />
    <UnitTestResult executionId="c9d16e93-8877-4e1f-8ecb-892b1961a5d2" testId="d8d2cde0-4f8e-675b-d2b9-f7a5b0da7d45" testName="FluxVault.Windows.Tests.WindowsCallerSourceTests.Parent_is_pinned_before_the_source_file_is_opened" computerName="OS008-HOME" duration="00:00:00.0454572" startTime="2026-10-04T09:30:01.3895659+03:00" endTime="2026-10-04T09:30:01.4486531+03:00" testType="13cdc9d9-ddb5-4fa4-a97d-d965ccfc6d4b" outcome="Passed" testListId="8c84fa94-04c1-424b-9868-57a2d4851a1d" relativeResultsDirectory="c9d16e93-8877-4e1f-8ecb-892b1961a5d2" />
    <UnitTestResult executionId="a3b426a5-c3b3-41b1-bfa9-4128cfad7926" testId="a8763f67-fa4f-dfb2-6717-731f4550d770" testName="FluxVault.Windows.Tests.WindowsCallerSourceTests.In_place_junction_mutation_cannot_redirect_source_bytes" computerName="OS008-HOME" duration="00:00:00.0079530" startTime="2026-10-04T09:30:01.5002007+03:00" endTime="2026-10-04T09:30:01.5002612+03:00" testType="13cdc9d9-ddb5-4fa4-a97d-d965ccfc6d4b" outcome="Passed" testListId="8c84fa94-04c1-424b-9868-57a2d4851a1d" relativeResultsDirectory="a3b426a5-c3b3-41b1-bfa9-4128cfad7926" />
    <UnitTestResult executionId="68c5f6e4-90ab-4d0d-8c58-76d44176e3da" testId="2a524a7f-d3d0-92e7-e5d3-5842da449d78" testName="FluxVault.Windows.Tests.WindowsCallerSourceTests.Case_distinct_requested_root_is_denied_before_source_bytes(blindAncestor: False)" computerName="OS008-HOME" duration="00:00:00.0101040" startTime="2026-10-04T09:30:01.5016906+03:00" endTime="2026-10-04T09:30:01.5119954+03:00" testType="13cdc9d9-ddb5-4fa4-a97d-d965ccfc6d4b" outcome="Passed" testListId="8c84fa94-04c1-424b-9868-57a2d4851a1d" relativeResultsDirectory="68c5f6e4-90ab-4d0d-8c58-76d44176e3da" />
    <UnitTestResult executionId="94245b42-a059-4489-b0a7-4c3cc0813eba" testId="16235f98-8543-1d46-dc4d-4cbf550b8068" testName="FluxVault.Windows.Tests.WindowsCallerSourceTests.Leaf_or_parent_reparse_point_is_rejected(parent: True)" computerName="OS008-HOME" duration="00:00:00.0056545" startTime="2026-10-04T09:30:01.5005240+03:00" endTime="2026-10-04T09:30:01.5005626+03:00" testType="13cdc9d9-ddb5-4fa4-a97d-d965ccfc6d4b" outcome="Passed" testListId="8c84fa94-04c1-424b-9868-57a2d4851a1d" relativeResultsDirectory="94245b42-a059-4489-b0a7-4c3cc0813eba" />
    <UnitTestResult executionId="8e7baa8e-e4a7-43de-b5b7-894f4f01d120" testId="7bb29203-22d9-49d9-7c67-c734370e1442" testName="FluxVault.Windows.Tests.WindowsProtectionSourceTests.Denied_directory_listing_throws_instead_of_returning_an_empty_scan" computerName="OS008-HOME" duration="00:00:00.0045909" startTime="2026-10-04T09:30:01.9786681+03:00" endTime="2026-10-04T09:30:01.9833568+03:00" testType="13cdc9d9-ddb5-4fa4-a97d-d965ccfc6d4b" outcome="Passed" testListId="8c84fa94-04c1-424b-9868-57a2d4851a1d" relativeResultsDirectory="8e7baa8e-e4a7-43de-b5b7-894f4f01d120" />
    <UnitTestResult executionId="8715a62b-59d6-4d5a-8046-761ce589152b" testId="22c4ce63-7a12-b093-f52e-c3e26fca9203" testName="FluxVault.Windows.Tests.WindowsCallerSourceTests.Case_distinct_requested_root_is_denied_before_source_bytes(blindAncestor: True)" computerName="OS008-HOME" duration="00:00:00.0062991" startTime="2026-10-04T09:30:01.5121080+03:00" endTime="2026-10-04T09:30:01.5185849+03:00" testType="13cdc9d9-ddb5-4fa4-a97d-d965ccfc6d4b" outcome="Passed" testListId="8c84fa94-04c1-424b-9868-57a2d4851a1d" relativeResultsDirectory="8715a62b-59d6-4d5a-8046-761ce589152b" />
  </Results>
  <TestDefinitions>
    <UnitTest name="FluxVault.Windows.Tests.WindowsProtectionSourceTests.Confirmed_missing_leaf_and_component_are_distinct_from_denied_parent" storage="c:\users\os008\.codex\worktrees\fluxvault-next002-plan\fluxvault\tests\fluxvault.windows.tests\bin\release\net10.0\fluxvault.windows.tests.dll" id="22a38260-3163-91d8-b119-9eb7b4f6a492">
      <Execution id="73522a77-0e1e-4b46-8370-1d98d5d30e82" />
      <TestMethod codeBase="C:\Users\os008\.codex\worktrees\fluxvault-next002-plan\FluxVault\tests\FluxVault.Windows.Tests\bin\Release\net10.0\FluxVault.Windows.Tests.dll" adapterTypeName="executor://xunit/VsTestRunner3/netcore/" className="FluxVault.Windows.Tests.WindowsProtectionSourceTests" name="Confirmed_missing_leaf_and_component_are_distinct_from_denied_parent" />
    </UnitTest>
    <UnitTest name="FluxVault.Windows.Tests.WindowsCallerSourceTests.Parent_is_pinned_before_the_source_file_is_opened" storage="c:\users\os008\.codex\worktrees\fluxvault-next002-plan\fluxvault\tests\fluxvault.windows.tests\bin\release\net10.0\fluxvault.windows.tests.dll" id="d8d2cde0-4f8e-675b-d2b9-f7a5b0da7d45">
      <Execution id="c9d16e93-8877-4e1f-8ecb-892b1961a5d2" />
      <TestMethod codeBase="C:\Users\os008\.codex\worktrees\fluxvault-next002-plan\FluxVault\tests\FluxVault.Windows.Tests\bin\Release\net10.0\FluxVault.Windows.Tests.dll" adapterTypeName="executor://xunit/VsTestRunner3/netcore/" className="FluxVault.Windows.Tests.WindowsCallerSourceTests" name="Parent_is_pinned_before_the_source_file_is_opened" />
    </UnitTest>
    <UnitTest name="FluxVault.Windows.Tests.WindowsCallerSourceTests.In_place_junction_mutation_cannot_redirect_source_bytes" storage="c:\users\os008\.codex\worktrees\fluxvault-next002-plan\fluxvault\tests\fluxvault.windows.tests\bin\release\net10.0\fluxvault.windows.tests.dll" id="a8763f67-fa4f-dfb2-6717-731f4550d770">
      <Execution id="a3b426a5-c3b3-41b1-bfa9-4128cfad7926" />
      <TestMethod codeBase="C:\Users\os008\.codex\worktrees\fluxvault-next002-plan\FluxVault\tests\FluxVault.Windows.Tests\bin\Release\net10.0\FluxVault.Windows.Tests.dll" adapterTypeName="executor://xunit/VsTestRunner3/netcore/" className="FluxVault.Windows.Tests.WindowsCallerSourceTests" name="In_place_junction_mutation_cannot_redirect_source_bytes" />
    </UnitTest>
    <UnitTest name="FluxVault.Windows.Tests.WindowsCallerSourceTests.Outside_selection_is_rejected_before_reading_bytes" storage="c:\users\os008\.codex\worktrees\fluxvault-next002-plan\fluxvault\tests\fluxvault.windows.tests\bin\release\net10.0\fluxvault.windows.tests.dll" id="9aab339d-5d25-98d1-412e-ad23392a96e0">
      <Execution id="186b0290-befa-4edc-b5ad-319da6f43054" />
      <TestMethod codeBase="C:\Users\os008\.codex\worktrees\fluxvault-next002-plan\FluxVault\tests\FluxVault.Windows.Tests\bin\Release\net10.0\FluxVault.Windows.Tests.dll" adapterTypeName="executor://xunit/VsTestRunner3/netcore/" className="FluxVault.Windows.Tests.WindowsCallerSourceTests" name="Outside_selection_is_rejected_before_reading_bytes" />
    </UnitTest>
    <UnitTest name="FluxVault.Windows.Tests.WindowsCallerSourceTests.Traversal_only_ancestor_allows_root_bound_source_reads" storage="c:\users\os008\.codex\worktrees\fluxvault-next002-plan\fluxvault\tests\fluxvault.windows.tests\bin\release\net10.0\fluxvault.windows.tests.dll" id="16955b6e-2edc-a855-a385-7ea4a6ba79a7">
      <Execution id="72a29842-8a2a-4cd0-bc4e-8a8d8366f336" />
      <TestMethod codeBase="C:\Users\os008\.codex\worktrees\fluxvault-next002-plan\FluxVault\tests\FluxVault.Windows.Tests\bin\Release\net10.0\FluxVault.Windows.Tests.dll" adapterTypeName="executor://xunit/VsTestRunner3/netcore/" className="FluxVault.Windows.Tests.WindowsCallerSourceTests" name="Traversal_only_ancestor_allows_root_bound_source_reads" />
    </UnitTest>
    <UnitTest name="FluxVault.Windows.Tests.WindowsProtectionSourceTests.Denied_directory_listing_throws_instead_of_returning_an_empty_scan" storage="c:\users\os008\.codex\worktrees\fluxvault-next002-plan\fluxvault\tests\fluxvault.windows.tests\bin\release\net10.0\fluxvault.windows.tests.dll" id="7bb29203-22d9-49d9-7c67-c734370e1442">
      <Execution id="8e7baa8e-e4a7-43de-b5b7-894f4f01d120" />
      <TestMethod codeBase="C:\Users\os008\.codex\worktrees\fluxvault-next002-plan\FluxVault\tests\FluxVault.Windows.Tests\bin\Release\net10.0\FluxVault.Windows.Tests.dll" adapterTypeName="executor://xunit/VsTestRunner3/netcore/" className="FluxVault.Windows.Tests.WindowsProtectionSourceTests" name="Denied_directory_listing_throws_instead_of_returning_an_empty_scan" />
    </UnitTest>
    <UnitTest name="FluxVault.Windows.Tests.WindowsCallerSourceTests.Case_distinct_requested_root_is_denied_before_source_bytes(blindAncestor: False)" storage="c:\users\os008\.codex\worktrees\fluxvault-next002-plan\fluxvault\tests\fluxvault.windows.tests\bin\release\net10.0\fluxvault.windows.tests.dll" id="2a524a7f-d3d0-92e7-e5d3-5842da449d78">
      <Execution id="68c5f6e4-90ab-4d0d-8c58-76d44176e3da" />
      <TestMethod codeBase="C:\Users\os008\.codex\worktrees\fluxvault-next002-plan\FluxVault\tests\FluxVault.Windows.Tests\bin\Release\net10.0\FluxVault.Windows.Tests.dll" adapterTypeName="executor://xunit/VsTestRunner3/netcore/" className="FluxVault.Windows.Tests.WindowsCallerSourceTests" name="Case_distinct_requested_root_is_denied_before_source_bytes" />
    </UnitTest>
    <UnitTest name="FluxVault.Windows.Tests.WindowsCallerSourceTests.Leaf_or_parent_reparse_point_is_rejected(parent: False)" storage="c:\users\os008\.codex\worktrees\fluxvault-next002-plan\fluxvault\tests\fluxvault.windows.tests\bin\release\net10.0\fluxvault.windows.tests.dll" id="017d0956-2ceb-83ee-88cc-4f873f3e6769">
      <Execution id="2ff824aa-6a4e-49fa-a066-a7798eec059d" />
      <TestMethod codeBase="C:\Users\os008\.codex\worktrees\fluxvault-next002-plan\FluxVault\tests\FluxVault.Windows.Tests\bin\Release\net10.0\FluxVault.Windows.Tests.dll" adapterTypeName="executor://xunit/VsTestRunner3/netcore/" className="FluxVault.Windows.Tests.WindowsCallerSourceTests" name="Leaf_or_parent_reparse_point_is_rejected" />
    </UnitTest>
    <UnitTest name="FluxVault.Windows.Tests.WindowsCallerSourceTests.Replaced_leaf_is_opened_without_following_its_new_reparse_target" storage="c:\users\os008\.codex\worktrees\fluxvault-next002-plan\fluxvault\tests\fluxvault.windows.tests\bin\release\net10.0\fluxvault.windows.tests.dll" id="9b4e830e-becc-d56b-8505-d32a42a741bc">
      <Execution id="00531a16-ecf9-4d9a-96e6-c5f14092708b" />
      <TestMethod codeBase="C:\Users\os008\.codex\worktrees\fluxvault-next002-plan\FluxVault\tests\FluxVault.Windows.Tests\bin\Release\net10.0\FluxVault.Windows.Tests.dll" adapterTypeName="executor://xunit/VsTestRunner3/netcore/" className="FluxVault.Windows.Tests.WindowsCallerSourceTests" name="Replaced_leaf_is_opened_without_following_its_new_reparse_target" />
    </UnitTest>
    <UnitTest name="FluxVault.Windows.Tests.WindowsCallerSourceTests.Case_distinct_requested_root_is_denied_before_source_bytes(blindAncestor: True)" storage="c:\users\os008\.codex\worktrees\fluxvault-next002-plan\fluxvault\tests\fluxvault.windows.tests\bin\release\net10.0\fluxvault.windows.tests.dll" id="22c4ce63-7a12-b093-f52e-c3e26fca9203">
      <Execution id="8715a62b-59d6-4d5a-8046-761ce589152b" />
      <TestMethod codeBase="C:\Users\os008\.codex\worktrees\fluxvault-next002-plan\FluxVault\tests\FluxVault.Windows.Tests\bin\Release\net10.0\FluxVault.Windows.Tests.dll" adapterTypeName="executor://xunit/VsTestRunner3/netcore/" className="FluxVault.Windows.Tests.WindowsCallerSourceTests" name="Case_distinct_requested_root_is_denied_before_source_bytes" />
    </UnitTest>
    <UnitTest name="FluxVault.Windows.Tests.WindowsCallerSourceTests.Source_handle_retains_parent_identity_until_disposed" storage="c:\users\os008\.codex\worktrees\fluxvault-next002-plan\fluxvault\tests\fluxvault.windows.tests\bin\release\net10.0\fluxvault.windows.tests.dll" id="f2366844-9ccc-0211-9d33-2de08034b71a">
      <Execution id="362481d8-44f8-404a-bf68-a911fd9a541e" />
      <TestMethod codeBase="C:\Users\os008\.codex\worktrees\fluxvault-next002-plan\FluxVault\tests\FluxVault.Windows.Tests\bin\Release\net10.0\FluxVault.Windows.Tests.dll" adapterTypeName="executor://xunit/VsTestRunner3/netcore/" className="FluxVault.Windows.Tests.WindowsCallerSourceTests" name="Source_handle_retains_parent_identity_until_disposed" />
    </UnitTest>
    <UnitTest name="FluxVault.Windows.Tests.WindowsProtectionSourceTests.Multiple_native_batches_preserve_every_unicode_candidate_and_child_kind" storage="c:\users\os008\.codex\worktrees\fluxvault-next002-plan\fluxvault\tests\fluxvault.windows.tests\bin\release\net10.0\fluxvault.windows.tests.dll" id="1bef19cf-b192-895c-3188-136d4f100c33">
      <Execution id="be481125-7c50-480b-adb9-00944b44bfc8" />
      <TestMethod codeBase="C:\Users\os008\.codex\worktrees\fluxvault-next002-plan\FluxVault\tests\FluxVault.Windows.Tests\bin\Release\net10.0\FluxVault.Windows.Tests.dll" adapterTypeName="executor://xunit/VsTestRunner3/netcore/" className="FluxVault.Windows.Tests.WindowsProtectionSourceTests" name="Multiple_native_batches_preserve_every_unicode_candidate_and_child_kind" />
    </UnitTest>
    <UnitTest name="FluxVault.Windows.Tests.WindowsCallerSourceTests.Cancelled_open_does_not_acquire_handles" storage="c:\users\os008\.codex\worktrees\fluxvault-next002-plan\fluxvault\tests\fluxvault.windows.tests\bin\release\net10.0\fluxvault.windows.tests.dll" id="9340eb76-917f-9d51-7352-c35530c6bfa6">
      <Execution id="7fbf1948-f054-4b85-8ea9-1d1a967a9198" />
      <TestMethod codeBase="C:\Users\os008\.codex\worktrees\fluxvault-next002-plan\FluxVault\tests\FluxVault.Windows.Tests\bin\Release\net10.0\FluxVault.Windows.Tests.dll" adapterTypeName="executor://xunit/VsTestRunner3/netcore/" className="FluxVault.Windows.Tests.WindowsCallerSourceTests" name="Cancelled_open_does_not_acquire_handles" />
    </UnitTest>
    <UnitTest name="FluxVault.Windows.Tests.WindowsProtectionSourceTests.Denied_metadata_is_unavailable_and_not_missing" storage="c:\users\os008\.codex\worktrees\fluxvault-next002-plan\fluxvault\tests\fluxvault.windows.tests\bin\release\net10.0\fluxvault.windows.tests.dll" id="ecb6ec27-6914-aee7-5899-18905500d175">
      <Execution id="413d8559-1f9f-4e6c-be64-a2dbb0af8341" />
      <TestMethod codeBase="C:\Users\os008\.codex\worktrees\fluxvault-next002-plan\FluxVault\tests\FluxVault.Windows.Tests\bin\Release\net10.0\FluxVault.Windows.Tests.dll" adapterTypeName="executor://xunit/VsTestRunner3/netcore/" className="FluxVault.Windows.Tests.WindowsProtectionSourceTests" name="Denied_metadata_is_unavailable_and_not_missing" />
    </UnitTest>
    <UnitTest name="FluxVault.Windows.Tests.WindowsCallerSourceTests.Hard_linked_source_is_rejected" storage="c:\users\os008\.codex\worktrees\fluxvault-next002-plan\fluxvault\tests\fluxvault.windows.tests\bin\release\net10.0\fluxvault.windows.tests.dll" id="fe792ecf-f403-bc97-d1fe-bc6b062dad22">
      <Execution id="13e4024c-17a7-490e-9d9b-3d61935c0482" />
      <TestMethod codeBase="C:\Users\os008\.codex\worktrees\fluxvault-next002-plan\FluxVault\tests\FluxVault.Windows.Tests\bin\Release\net10.0\FluxVault.Windows.Tests.dll" adapterTypeName="executor://xunit/VsTestRunner3/netcore/" className="FluxVault.Windows.Tests.WindowsCallerSourceTests" name="Hard_linked_source_is_rejected" />
    </UnitTest>
    <UnitTest name="FluxVault.Windows.Tests.WindowsCallerSourceTests.Leaf_or_parent_reparse_point_is_rejected(parent: True)" storage="c:\users\os008\.codex\worktrees\fluxvault-next002-plan\fluxvault\tests\fluxvault.windows.tests\bin\release\net10.0\fluxvault.windows.tests.dll" id="16235f98-8543-1d46-dc4d-4cbf550b8068">
      <Execution id="94245b42-a059-4489-b0a7-4c3cc0813eba" />
      <TestMethod codeBase="C:\Users\os008\.codex\worktrees\fluxvault-next002-plan\FluxVault\tests\FluxVault.Windows.Tests\bin\Release\net10.0\FluxVault.Windows.Tests.dll" adapterTypeName="executor://xunit/VsTestRunner3/netcore/" className="FluxVault.Windows.Tests.WindowsCallerSourceTests" name="Leaf_or_parent_reparse_point_is_rejected" />
    </UnitTest>
    <UnitTest name="FluxVault.Windows.Tests.WindowsCallerSourceTests.Ambiguous_path_forms_are_rejected(relative: &quot;sub\\..\\document.txt&quot;)" storage="c:\users\os008\.codex\worktrees\fluxvault-next002-plan\fluxvault\tests\fluxvault.windows.tests\bin\release\net10.0\fluxvault.windows.tests.dll" id="ca09fe18-0357-d215-ef37-7b0896a54ee7">
      <Execution id="0551be7e-a4bc-4954-b6a1-65314470e598" />
      <TestMethod codeBase="C:\Users\os008\.codex\worktrees\fluxvault-next002-plan\FluxVault\tests\FluxVault.Windows.Tests\bin\Release\net10.0\FluxVault.Windows.Tests.dll" adapterTypeName="executor://xunit/VsTestRunner3/netcore/" className="FluxVault.Windows.Tests.WindowsCallerSourceTests" name="Ambiguous_path_forms_are_rejected" />
    </UnitTest>
    <UnitTest name="FluxVault.Windows.Tests.WindowsProtectionSourceTests.Metadata_is_read_from_a_caller_opened_handle_and_has_no_data_read_requirement" storage="c:\users\os008\.codex\worktrees\fluxvault-next002-plan\fluxvault\tests\fluxvault.windows.tests\bin\release\net10.0\fluxvault.windows.tests.dll" id="828c9442-07c4-e380-3ba9-ee497ddb319e">
      <Execution id="7cd8b1a3-f5a3-4561-90fc-1d18bd51aff7" />
      <TestMethod codeBase="C:\Users\os008\.codex\worktrees\fluxvault-next002-plan\FluxVault\tests\FluxVault.Windows.Tests\bin\Release\net10.0\FluxVault.Windows.Tests.dll" adapterTypeName="executor://xunit/VsTestRunner3/netcore/" className="FluxVault.Windows.Tests.WindowsProtectionSourceTests" name="Metadata_is_read_from_a_caller_opened_handle_and_has_no_data_read_requirement" />
    </UnitTest>
    <UnitTest name="FluxVault.Windows.Tests.WindowsCallerSourceTests.A_child_restricted_after_parent_admission_is_denied_by_native_open" storage="c:\users\os008\.codex\worktrees\fluxvault-next002-plan\fluxvault\tests\fluxvault.windows.tests\bin\release\net10.0\fluxvault.windows.tests.dll" id="8f20478f-59c0-459a-6542-4629b29f63cc">
      <Execution id="3719688a-1ff3-45b8-a6e8-048b7c107aeb" />
      <TestMethod codeBase="C:\Users\os008\.codex\worktrees\fluxvault-next002-plan\FluxVault\tests\FluxVault.Windows.Tests\bin\Release\net10.0\FluxVault.Windows.Tests.dll" adapterTypeName="executor://xunit/VsTestRunner3/netcore/" className="FluxVault.Windows.Tests.WindowsCallerSourceTests" name="A_child_restricted_after_parent_admission_is_denied_by_native_open" />
    </UnitTest>
    <UnitTest name="FluxVault.Windows.Tests.WindowsProtectionSourceTests.Lazy_scan_pins_the_directory_until_disposal_and_releases_it_after_cancellation" storage="c:\users\os008\.codex\worktrees\fluxvault-next002-plan\fluxvault\tests\fluxvault.windows.tests\bin\release\net10.0\fluxvault.windows.tests.dll" id="11d5a462-c6c2-e385-da0c-d11a649beb76">
      <Execution id="bbd98fa6-543d-453a-9a9f-e4f5b87e8155" />
      <TestMethod codeBase="C:\Users\os008\.codex\worktrees\fluxvault-next002-plan\FluxVault\tests\FluxVault.Windows.Tests\bin\Release\net10.0\FluxVault.Windows.Tests.dll" adapterTypeName="executor://xunit/VsTestRunner3/netcore/" className="FluxVault.Windows.Tests.WindowsProtectionSourceTests" name="Lazy_scan_pins_the_directory_until_disposal_and_releases_it_after_cancellation" />
    </UnitTest>
    <UnitTest name="FluxVault.Windows.Tests.WindowsCallerSourceTests.Ambiguous_path_forms_are_rejected(relative: &quot;document.txt:stream&quot;)" storage="c:\users\os008\.codex\worktrees\fluxvault-next002-plan\fluxvault\tests\fluxvault.windows.tests\bin\release\net10.0\fluxvault.windows.tests.dll" id="a51865f6-52a9-ae56-b04f-01f8cd4ab03d">
      <Execution id="5f1e24f4-7da2-45f4-b00a-8155156844b5" />
      <TestMethod codeBase="C:\Users\os008\.codex\worktrees\fluxvault-next002-plan\FluxVault\tests\FluxVault.Windows.Tests\bin\Release\net10.0\FluxVault.Windows.Tests.dll" adapterTypeName="executor://xunit/VsTestRunner3/netcore/" className="FluxVault.Windows.Tests.WindowsCallerSourceTests" name="Ambiguous_path_forms_are_rejected" />
    </UnitTest>
    <UnitTest name="FluxVault.Windows.Tests.WindowsCallerSourceTests.Ordinary_case_variant_resolves_the_same_selected_root" storage="c:\users\os008\.codex\worktrees\fluxvault-next002-plan\fluxvault\tests\fluxvault.windows.tests\bin\release\net10.0\fluxvault.windows.tests.dll" id="c882a0e6-1992-e8d9-387a-f36d9f9cfabe">
      <Execution id="fbb81736-70d2-4d97-9d23-f4574b0ccc39" />
      <TestMethod codeBase="C:\Users\os008\.codex\worktrees\fluxvault-next002-plan\FluxVault\tests\FluxVault.Windows.Tests\bin\Release\net10.0\FluxVault.Windows.Tests.dll" adapterTypeName="executor://xunit/VsTestRunner3/netcore/" className="FluxVault.Windows.Tests.WindowsCallerSourceTests" name="Ordinary_case_variant_resolves_the_same_selected_root" />
    </UnitTest>
    <UnitTest name="FluxVault.Windows.Tests.WindowsProtectionSourceTests.Reparse_and_outside_roots_are_unavailable_even_if_the_leaf_is_missing" storage="c:\users\os008\.codex\worktrees\fluxvault-next002-plan\fluxvault\tests\fluxvault.windows.tests\bin\release\net10.0\fluxvault.windows.tests.dll" id="448b9fa2-82e9-6a5f-2b53-c005fb2e5465">
      <Execution id="f9a622b1-0543-4dc8-94e0-adf03de00406" />
      <TestMethod codeBase="C:\Users\os008\.codex\worktrees\fluxvault-next002-plan\FluxVault\tests\FluxVault.Windows.Tests\bin\Release\net10.0\FluxVault.Windows.Tests.dll" adapterTypeName="executor://xunit/VsTestRunner3/netcore/" className="FluxVault.Windows.Tests.WindowsProtectionSourceTests" name="Reparse_and_outside_roots_are_unavailable_even_if_the_leaf_is_missing" />
    </UnitTest>
  </TestDefinitions>
  <TestEntries>
    <TestEntry testId="22a38260-3163-91d8-b119-9eb7b4f6a492" executionId="73522a77-0e1e-4b46-8370-1d98d5d30e82" testListId="8c84fa94-04c1-424b-9868-57a2d4851a1d" />
    <TestEntry testId="1bef19cf-b192-895c-3188-136d4f100c33" executionId="be481125-7c50-480b-adb9-00944b44bfc8" testListId="8c84fa94-04c1-424b-9868-57a2d4851a1d" />
    <TestEntry testId="8f20478f-59c0-459a-6542-4629b29f63cc" executionId="3719688a-1ff3-45b8-a6e8-048b7c107aeb" testListId="8c84fa94-04c1-424b-9868-57a2d4851a1d" />
    <TestEntry testId="ecb6ec27-6914-aee7-5899-18905500d175" executionId="413d8559-1f9f-4e6c-be64-a2dbb0af8341" testListId="8c84fa94-04c1-424b-9868-57a2d4851a1d" />
    <TestEntry testId="828c9442-07c4-e380-3ba9-ee497ddb319e" executionId="7cd8b1a3-f5a3-4561-90fc-1d18bd51aff7" testListId="8c84fa94-04c1-424b-9868-57a2d4851a1d" />
    <TestEntry testId="11d5a462-c6c2-e385-da0c-d11a649beb76" executionId="bbd98fa6-543d-453a-9a9f-e4f5b87e8155" testListId="8c84fa94-04c1-424b-9868-57a2d4851a1d" />
    <TestEntry testId="017d0956-2ceb-83ee-88cc-4f873f3e6769" executionId="2ff824aa-6a4e-49fa-a066-a7798eec059d" testListId="8c84fa94-04c1-424b-9868-57a2d4851a1d" />
    <TestEntry testId="9340eb76-917f-9d51-7352-c35530c6bfa6" executionId="7fbf1948-f054-4b85-8ea9-1d1a967a9198" testListId="8c84fa94-04c1-424b-9868-57a2d4851a1d" />
    <TestEntry testId="ca09fe18-0357-d215-ef37-7b0896a54ee7" executionId="0551be7e-a4bc-4954-b6a1-65314470e598" testListId="8c84fa94-04c1-424b-9868-57a2d4851a1d" />
    <TestEntry testId="a51865f6-52a9-ae56-b04f-01f8cd4ab03d" executionId="5f1e24f4-7da2-45f4-b00a-8155156844b5" testListId="8c84fa94-04c1-424b-9868-57a2d4851a1d" />
    <TestEntry testId="f2366844-9ccc-0211-9d33-2de08034b71a" executionId="362481d8-44f8-404a-bf68-a911fd9a541e" testListId="8c84fa94-04c1-424b-9868-57a2d4851a1d" />
    <TestEntry testId="9b4e830e-becc-d56b-8505-d32a42a741bc" executionId="00531a16-ecf9-4d9a-96e6-c5f14092708b" testListId="8c84fa94-04c1-424b-9868-57a2d4851a1d" />
    <TestEntry testId="9aab339d-5d25-98d1-412e-ad23392a96e0" executionId="186b0290-befa-4edc-b5ad-319da6f43054" testListId="8c84fa94-04c1-424b-9868-57a2d4851a1d" />
    <TestEntry testId="c882a0e6-1992-e8d9-387a-f36d9f9cfabe" executionId="fbb81736-70d2-4d97-9d23-f4574b0ccc39" testListId="8c84fa94-04c1-424b-9868-57a2d4851a1d" />
    <TestEntry testId="448b9fa2-82e9-6a5f-2b53-c005fb2e5465" executionId="f9a622b1-0543-4dc8-94e0-adf03de00406" testListId="8c84fa94-04c1-424b-9868-57a2d4851a1d" />
    <TestEntry testId="16955b6e-2edc-a855-a385-7ea4a6ba79a7" executionId="72a29842-8a2a-4cd0-bc4e-8a8d8366f336" testListId="8c84fa94-04c1-424b-9868-57a2d4851a1d" />
    <TestEntry testId="fe792ecf-f403-bc97-d1fe-bc6b062dad22" executionId="13e4024c-17a7-490e-9d9b-3d61935c0482" testListId="8c84fa94-04c1-424b-9868-57a2d4851a1d" />
    <TestEntry testId="d8d2cde0-4f8e-675b-d2b9-f7a5b0da7d45" executionId="c9d16e93-8877-4e1f-8ecb-892b1961a5d2" testListId="8c84fa94-04c1-424b-9868-57a2d4851a1d" />
    <TestEntry testId="a8763f67-fa4f-dfb2-6717-731f4550d770" executionId="a3b426a5-c3b3-41b1-bfa9-4128cfad7926" testListId="8c84fa94-04c1-424b-9868-57a2d4851a1d" />
    <TestEntry testId="2a524a7f-d3d0-92e7-e5d3-5842da449d78" executionId="68c5f6e4-90ab-4d0d-8c58-76d44176e3da" testListId="8c84fa94-04c1-424b-9868-57a2d4851a1d" />
    <TestEntry testId="16235f98-8543-1d46-dc4d-4cbf550b8068" executionId="94245b42-a059-4489-b0a7-4c3cc0813eba" testListId="8c84fa94-04c1-424b-9868-57a2d4851a1d" />
    <TestEntry testId="7bb29203-22d9-49d9-7c67-c734370e1442" executionId="8e7baa8e-e4a7-43de-b5b7-894f4f01d120" testListId="8c84fa94-04c1-424b-9868-57a2d4851a1d" />
    <TestEntry testId="22c4ce63-7a12-b093-f52e-c3e26fca9203" executionId="8715a62b-59d6-4d5a-8046-761ce589152b" testListId="8c84fa94-04c1-424b-9868-57a2d4851a1d" />
  </TestEntries>
  <TestLists>
    <TestList name="Results Not in a List" id="8c84fa94-04c1-424b-9868-57a2d4851a1d" />
    <TestList name="All Loaded Results" id="19431567-8539-422a-85d7-44ee4e166bda" />
  </TestLists>
  <ResultSummary outcome="Failed">
    <Counters total="23" executed="23" passed="22" failed="1" error="0" timeout="0" aborted="0" inconclusive="0" passedButRunAborted="0" notRunnable="0" notExecuted="0" disconnected="0" warning="0" completed="0" inProgress="0" pending="0" />
    <Output>
      <StdOut>[xUnit.net 00:00:00.00] xUnit.net VSTest Adapter v3.1.4+50e68bbb8b (64-bit .NET 10.0.12)&#xD;
[xUnit.net 00:00:00.08]   Discovering: FluxVault.Windows.Tests&#xD;
[xUnit.net 00:00:00.13]   Discovered:  FluxVault.Windows.Tests&#xD;
[xUnit.net 00:00:00.15]   Starting:    FluxVault.Windows.Tests&#xD;
[xUnit.net 00:00:00.26]       System.UnauthorizedAccessException : Access to the path '\\?\C:\Users\os008\FluxVault.Tests\2a2f580223fc490583ad613e5af437bc\denied' is denied.&#xD;
[xUnit.net 00:00:00.26]       Stack Trace:&#xD;
[xUnit.net 00:00:00.26]            at System.IO.FileSystem.RemoveDirectoryRecursive(String fullPath, WIN32_FIND_DATA&amp; findData, Boolean topLevel)&#xD;
[xUnit.net 00:00:00.26]            at System.IO.FileSystem.RemoveDirectory(String fullPath, Boolean recursive)&#xD;
[xUnit.net 00:00:00.26]         C:\Users\os008\.codex\worktrees\fluxvault-next002-plan\FluxVault\tests\FluxVault.Windows.Tests\WindowsProtectionSourceTests.cs(135,0): at FluxVault.Windows.Tests.WindowsProtectionSourceTests.Workspace.Dispose()&#xD;
[xUnit.net 00:00:00.26]         C:\Users\os008\.codex\worktrees\fluxvault-next002-plan\FluxVault\tests\FluxVault.Windows.Tests\WindowsProtectionSourceTests.cs(68,0): at FluxVault.Windows.Tests.WindowsProtectionSourceTests.Confirmed_missing_leaf_and_component_are_distinct_from_denied_parent()&#xD;
[xUnit.net 00:00:00.26]            at FluxVault.Windows.Tests.WindowsProtectionSourceTests.Confirmed_missing_leaf_and_component_are_distinct_from_denied_parent()&#xD;
[xUnit.net 00:00:00.26]         --- End of stack trace from previous location ---&#xD;
[xUnit.net 00:00:00.78]   Finished:    FluxVault.Windows.Tests&#xD;
</StdOut>
    </Output>
    <RunInfos>
      <RunInfo computerName="OS008-HOME" outcome="Error" timestamp="2026-10-04T09:30:01.4701769+03:00">
        <Text>[xUnit.net 00:00:00.25]     FluxVault.Windows.Tests.WindowsProtectionSourceTests.Confirmed_missing_leaf_and_component_are_distinct_from_denied_parent [FAIL]</Text>
      </RunInfo>
    </RunInfos>
  </ResultSummary>
</TestRun>