[57016]  LOG:  starting PostgreSQL 18.6 on x86_64-windows, compiled by msvc-19.44.35228, 64-bit
[57016]  LOG:  listening on IPv4 address "127.0.0.1", port 65500
[57016]  LOG:  listening on IPv6 address "::1", port 65500
[54448]  LOG:  database system was shut down at 2026-10-05 08:41:40 EEST
[57016]  LOG:  database system is ready to accept connections
[28692] [unknown] LOG:  connection received: host=127.0.0.1 port=65505
[28692] [unknown] LOG:  connection authenticated: identity="fv_gate_bootstrap" method=scram-sha-256 (C:/ProgramData/FluxVault.Tests/NEXT002/6eb5ebbe54e04cbaabf12fd52ac73ec6/data/pg_hba.conf:1)
[28692] [unknown] LOG:  connection authorized: user=fv_gate_bootstrap database=postgres application_name=psql
[28692] psql LOG:  connection ready: setup total=41.425 ms, fork=18.362 ms, authentication=10.312 ms
[57016]  LOG:  received SIGHUP, reloading configuration files
[38352] [unknown] LOG:  connection received: host=127.0.0.1 port=65508
[38352] [unknown] LOG:  connection authenticated: identity="NT AUTHORITY\SYSTEM" method=sspi (C:/ProgramData/FluxVault.Tests/NEXT002/6eb5ebbe54e04cbaabf12fd52ac73ec6/data/pg_hba.conf:1)
[38352] [unknown] LOG:  no match in usermap "fv_gate_system" for user "fv_gate_service" authenticated as "SYSTEM@NT AUTHORITY"
[38352] [unknown] FATAL:  SSPI authentication failed for user "fv_gate_service"
[38352] [unknown] DETAIL:  Connection matched file "C:/ProgramData/FluxVault.Tests/NEXT002/6eb5ebbe54e04cbaabf12fd52ac73ec6/data/pg_hba.conf" line 1: "host fv_gate_261003 fv_gate_service 127.0.0.1/32 sspi map=fv_gate_system include_realm=1"
[31364] [unknown] LOG:  connection received: host=127.0.0.1 port=65509
[31364] [unknown] LOG:  connection authenticated: identity="NT AUTHORITY\SYSTEM" method=sspi (C:/ProgramData/FluxVault.Tests/NEXT002/6eb5ebbe54e04cbaabf12fd52ac73ec6/data/pg_hba.conf:1)
[31364] [unknown] LOG:  no match in usermap "fv_gate_system" for user "fv_gate_service" authenticated as "SYSTEM@NT AUTHORITY"
[31364] [unknown] FATAL:  SSPI authentication failed for user "fv_gate_service"
[31364] [unknown] DETAIL:  Connection matched file "C:/ProgramData/FluxVault.Tests/NEXT002/6eb5ebbe54e04cbaabf12fd52ac73ec6/data/pg_hba.conf" line 1: "host fv_gate_261003 fv_gate_service 127.0.0.1/32 sspi map=fv_gate_system include_realm=1"
[64852] [unknown] LOG:  connection received: host=127.0.0.1 port=65512
[64852] [unknown] LOG:  connection authenticated: identity="NT AUTHORITY\SYSTEM" method=sspi (C:/ProgramData/FluxVault.Tests/NEXT002/6eb5ebbe54e04cbaabf12fd52ac73ec6/data/pg_hba.conf:1)
[64852] [unknown] LOG:  no match in usermap "fv_gate_system" for user "fv_gate_service" authenticated as "SYSTEM@NT AUTHORITY"
[64852] [unknown] FATAL:  SSPI authentication failed for user "fv_gate_service"
[64852] [unknown] DETAIL:  Connection matched file "C:/ProgramData/FluxVault.Tests/NEXT002/6eb5ebbe54e04cbaabf12fd52ac73ec6/data/pg_hba.conf" line 1: "host fv_gate_261003 fv_gate_service 127.0.0.1/32 sspi map=fv_gate_system include_realm=1"
[32976] [unknown] LOG:  connection received: host=::1 port=50811
[32976] [unknown] LOG:  connection authenticated: identity="NT AUTHORITY\SYSTEM" method=sspi (C:/ProgramData/FluxVault.Tests/NEXT002/6eb5ebbe54e04cbaabf12fd52ac73ec6/data/pg_hba.conf:2)
[32976] [unknown] LOG:  no match in usermap "fv_gate_system" for user "fv_gate_service" authenticated as "SYSTEM@NT AUTHORITY"
[32976] [unknown] FATAL:  SSPI authentication failed for user "fv_gate_service"
[32976] [unknown] DETAIL:  Connection matched file "C:/ProgramData/FluxVault.Tests/NEXT002/6eb5ebbe54e04cbaabf12fd52ac73ec6/data/pg_hba.conf" line 2: "host fv_gate_261003 fv_gate_service ::1/128 sspi map=fv_gate_system include_realm=1"
[60604] [unknown] LOG:  connection received: host=::1 port=50812
[60604] [unknown] LOG:  connection authenticated: identity="NT AUTHORITY\SYSTEM" method=sspi (C:/ProgramData/FluxVault.Tests/NEXT002/6eb5ebbe54e04cbaabf12fd52ac73ec6/data/pg_hba.conf:2)
[60604] [unknown] LOG:  no match in usermap "fv_gate_system" for user "fv_gate_service" authenticated as "SYSTEM@NT AUTHORITY"
[60604] [unknown] FATAL:  SSPI authentication failed for user "fv_gate_service"
[60604] [unknown] DETAIL:  Connection matched file "C:/ProgramData/FluxVault.Tests/NEXT002/6eb5ebbe54e04cbaabf12fd52ac73ec6/data/pg_hba.conf" line 2: "host fv_gate_261003 fv_gate_service ::1/128 sspi map=fv_gate_system include_realm=1"
[20372] [unknown] LOG:  connection received: host=::1 port=50817
[20372] [unknown] LOG:  connection authenticated: identity="NT AUTHORITY\SYSTEM" method=sspi (C:/ProgramData/FluxVault.Tests/NEXT002/6eb5ebbe54e04cbaabf12fd52ac73ec6/data/pg_hba.conf:2)
[20372] [unknown] LOG:  no match in usermap "fv_gate_system" for user "fv_gate_service" authenticated as "SYSTEM@NT AUTHORITY"
[20372] [unknown] FATAL:  SSPI authentication failed for user "fv_gate_service"
[20372] [unknown] DETAIL:  Connection matched file "C:/ProgramData/FluxVault.Tests/NEXT002/6eb5ebbe54e04cbaabf12fd52ac73ec6/data/pg_hba.conf" line 2: "host fv_gate_261003 fv_gate_service ::1/128 sspi map=fv_gate_system include_realm=1"
[57016]  LOG:  received SIGHUP, reloading configuration files
[30656] [unknown] LOG:  connection received: host=127.0.0.1 port=50822
[30656] [unknown] LOG:  connection authenticated: identity="NT AUTHORITY\SYSTEM" method=sspi (C:/ProgramData/FluxVault.Tests/NEXT002/6eb5ebbe54e04cbaabf12fd52ac73ec6/data/pg_hba.conf:1)
[30656] [unknown] LOG:  connection authorized: user=fv_gate_service database=fv_gate_261003 application_name=FVGate.0ea5ebd8afbe4b7c9d704af499a115ce.System
[30656] FVGate.0ea5ebd8afbe4b7c9d704af499a115ce.System LOG:  connection ready: setup total=42.189 ms, fork=18.501 ms, authentication=8.163 ms
[60144] [unknown] LOG:  connection received: host=127.0.0.1 port=50823
[60144] [unknown] LOG:  connection authenticated: identity="NT AUTHORITY\SYSTEM" method=sspi (C:/ProgramData/FluxVault.Tests/NEXT002/6eb5ebbe54e04cbaabf12fd52ac73ec6/data/pg_hba.conf:1)
[60144] [unknown] LOG:  connection authorized: user=fv_gate_service database=fv_gate_261003 application_name=FVGate.ae10ccd9c7074f3f8192e627f1a842b3.libpq
[60144] FVGate.ae10ccd9c7074f3f8192e627f1a842b3.libpq LOG:  connection ready: setup total=29.289 ms, fork=17.062 ms, authentication=4.655 ms
[64380] [unknown] LOG:  connection received: host=::1 port=50826
[64380] [unknown] LOG:  connection authenticated: identity="NT AUTHORITY\SYSTEM" method=sspi (C:/ProgramData/FluxVault.Tests/NEXT002/6eb5ebbe54e04cbaabf12fd52ac73ec6/data/pg_hba.conf:2)
[64380] [unknown] LOG:  connection authorized: user=fv_gate_service database=fv_gate_261003 application_name=FVGate.2a5723c058ce4a4e975c00b4e08bada7.System
[64380] FVGate.2a5723c058ce4a4e975c00b4e08bada7.System LOG:  connection ready: setup total=36.584 ms, fork=17.791 ms, authentication=7.863 ms
[6520] [unknown] LOG:  connection received: host=::1 port=50830
[6520] [unknown] LOG:  connection authenticated: identity="NT AUTHORITY\SYSTEM" method=sspi (C:/ProgramData/FluxVault.Tests/NEXT002/6eb5ebbe54e04cbaabf12fd52ac73ec6/data/pg_hba.conf:2)
[6520] [unknown] LOG:  connection authorized: user=fv_gate_service database=fv_gate_261003 application_name=FVGate.9d66014617b14afc95f5a68513382536.libpq
[6520] FVGate.9d66014617b14afc95f5a68513382536.libpq LOG:  connection ready: setup total=29.631 ms, fork=16.959 ms, authentication=4.656 ms
[12392] [unknown] LOG:  connection received: host=127.0.0.1 port=50831
[12392] [unknown] LOG:  connection authenticated: identity="OS008-HOME\FVGateA_261003" method=sspi (C:/ProgramData/FluxVault.Tests/NEXT002/6eb5ebbe54e04cbaabf12fd52ac73ec6/data/pg_hba.conf:1)
[12392] [unknown] LOG:  no match in usermap "fv_gate_system" for user "fv_gate_service" authenticated as "FVGateA_261003@OS008-HOME"
[12392] [unknown] FATAL:  SSPI authentication failed for user "fv_gate_service"
[12392] [unknown] DETAIL:  Connection matched file "C:/ProgramData/FluxVault.Tests/NEXT002/6eb5ebbe54e04cbaabf12fd52ac73ec6/data/pg_hba.conf" line 1: "host fv_gate_261003 fv_gate_service 127.0.0.1/32 sspi map=fv_gate_system include_realm=1"
[10212] [unknown] LOG:  connection received: host=127.0.0.1 port=50832
[10212] [unknown] LOG:  connection authenticated: identity="OS008-HOME\FVGateA_261003" method=sspi (C:/ProgramData/FluxVault.Tests/NEXT002/6eb5ebbe54e04cbaabf12fd52ac73ec6/data/pg_hba.conf:1)
[10212] [unknown] LOG:  no match in usermap "fv_gate_system" for user "fv_gate_service" authenticated as "FVGateA_261003@OS008-HOME"
[10212] [unknown] FATAL:  SSPI authentication failed for user "fv_gate_service"
[10212] [unknown] DETAIL:  Connection matched file "C:/ProgramData/FluxVault.Tests/NEXT002/6eb5ebbe54e04cbaabf12fd52ac73ec6/data/pg_hba.conf" line 1: "host fv_gate_261003 fv_gate_service 127.0.0.1/32 sspi map=fv_gate_system include_realm=1"
[60944] [unknown] LOG:  connection received: host=127.0.0.1 port=50836
[60944] [unknown] LOG:  connection authenticated: identity="OS008-HOME\FVGateA_261003" method=sspi (C:/ProgramData/FluxVault.Tests/NEXT002/6eb5ebbe54e04cbaabf12fd52ac73ec6/data/pg_hba.conf:1)
[60944] [unknown] LOG:  no match in usermap "fv_gate_system" for user "fv_gate_service" authenticated as "FVGateA_261003@OS008-HOME"
[60944] [unknown] FATAL:  SSPI authentication failed for user "fv_gate_service"
[60944] [unknown] DETAIL:  Connection matched file "C:/ProgramData/FluxVault.Tests/NEXT002/6eb5ebbe54e04cbaabf12fd52ac73ec6/data/pg_hba.conf" line 1: "host fv_gate_261003 fv_gate_service 127.0.0.1/32 sspi map=fv_gate_system include_realm=1"
[10176] [unknown] LOG:  connection received: host=::1 port=50839
[10176] [unknown] LOG:  connection authenticated: identity="OS008-HOME\FVGateA_261003" method=sspi (C:/ProgramData/FluxVault.Tests/NEXT002/6eb5ebbe54e04cbaabf12fd52ac73ec6/data/pg_hba.conf:2)
[10176] [unknown] LOG:  no match in usermap "fv_gate_system" for user "fv_gate_service" authenticated as "FVGateA_261003@OS008-HOME"
[10176] [unknown] FATAL:  SSPI authentication failed for user "fv_gate_service"
[10176] [unknown] DETAIL:  Connection matched file "C:/ProgramData/FluxVault.Tests/NEXT002/6eb5ebbe54e04cbaabf12fd52ac73ec6/data/pg_hba.conf" line 2: "host fv_gate_261003 fv_gate_service ::1/128 sspi map=fv_gate_system include_realm=1"
[19452] [unknown] LOG:  connection received: host=::1 port=50840
[19452] [unknown] LOG:  connection authenticated: identity="OS008-HOME\FVGateA_261003" method=sspi (C:/ProgramData/FluxVault.Tests/NEXT002/6eb5ebbe54e04cbaabf12fd52ac73ec6/data/pg_hba.conf:2)
[19452] [unknown] LOG:  no match in usermap "fv_gate_system" for user "fv_gate_service" authenticated as "FVGateA_261003@OS008-HOME"
[19452] [unknown] FATAL:  SSPI authentication failed for user "fv_gate_service"
[19452] [unknown] DETAIL:  Connection matched file "C:/ProgramData/FluxVault.Tests/NEXT002/6eb5ebbe54e04cbaabf12fd52ac73ec6/data/pg_hba.conf" line 2: "host fv_gate_261003 fv_gate_service ::1/128 sspi map=fv_gate_system include_realm=1"
[64732] [unknown] LOG:  connection received: host=::1 port=50843
[64732] [unknown] LOG:  connection authenticated: identity="OS008-HOME\FVGateA_261003" method=sspi (C:/ProgramData/FluxVault.Tests/NEXT002/6eb5ebbe54e04cbaabf12fd52ac73ec6/data/pg_hba.conf:2)
[64732] [unknown] LOG:  no match in usermap "fv_gate_system" for user "fv_gate_service" authenticated as "FVGateA_261003@OS008-HOME"
[64732] [unknown] FATAL:  SSPI authentication failed for user "fv_gate_service"
[64732] [unknown] DETAIL:  Connection matched file "C:/ProgramData/FluxVault.Tests/NEXT002/6eb5ebbe54e04cbaabf12fd52ac73ec6/data/pg_hba.conf" line 2: "host fv_gate_261003 fv_gate_service ::1/128 sspi map=fv_gate_system include_realm=1"
[33592] [unknown] LOG:  connection received: host=127.0.0.1 port=50844
[33592] [unknown] LOG:  connection authenticated: identity="OS008-HOME\FVGateB_261003" method=sspi (C:/ProgramData/FluxVault.Tests/NEXT002/6eb5ebbe54e04cbaabf12fd52ac73ec6/data/pg_hba.conf:1)
[33592] [unknown] LOG:  no match in usermap "fv_gate_system" for user "fv_gate_service" authenticated as "FVGateB_261003@OS008-HOME"
[33592] [unknown] FATAL:  SSPI authentication failed for user "fv_gate_service"
[33592] [unknown] DETAIL:  Connection matched file "C:/ProgramData/FluxVault.Tests/NEXT002/6eb5ebbe54e04cbaabf12fd52ac73ec6/data/pg_hba.conf" line 1: "host fv_gate_261003 fv_gate_service 127.0.0.1/32 sspi map=fv_gate_system include_realm=1"
[61756] [unknown] LOG:  connection received: host=127.0.0.1 port=50845
[61756] [unknown] LOG:  connection authenticated: identity="OS008-HOME\FVGateB_261003" method=sspi (C:/ProgramData/FluxVault.Tests/NEXT002/6eb5ebbe54e04cbaabf12fd52ac73ec6/data/pg_hba.conf:1)
[61756] [unknown] LOG:  no match in usermap "fv_gate_system" for user "fv_gate_service" authenticated as "FVGateB_261003@OS008-HOME"
[61756] [unknown] FATAL:  SSPI authentication failed for user "fv_gate_service"
[61756] [unknown] DETAIL:  Connection matched file "C:/ProgramData/FluxVault.Tests/NEXT002/6eb5ebbe54e04cbaabf12fd52ac73ec6/data/pg_hba.conf" line 1: "host fv_gate_261003 fv_gate_service 127.0.0.1/32 sspi map=fv_gate_system include_realm=1"
[48408] [unknown] LOG:  connection received: host=127.0.0.1 port=50848
[48408] [unknown] LOG:  connection authenticated: identity="OS008-HOME\FVGateB_261003" method=sspi (C:/ProgramData/FluxVault.Tests/NEXT002/6eb5ebbe54e04cbaabf12fd52ac73ec6/data/pg_hba.conf:1)
[48408] [unknown] LOG:  no match in usermap "fv_gate_system" for user "fv_gate_service" authenticated as "FVGateB_261003@OS008-HOME"
[48408] [unknown] FATAL:  SSPI authentication failed for user "fv_gate_service"
[48408] [unknown] DETAIL:  Connection matched file "C:/ProgramData/FluxVault.Tests/NEXT002/6eb5ebbe54e04cbaabf12fd52ac73ec6/data/pg_hba.conf" line 1: "host fv_gate_261003 fv_gate_service 127.0.0.1/32 sspi map=fv_gate_system include_realm=1"
[54044] [unknown] LOG:  connection received: host=::1 port=50849
[54044] [unknown] LOG:  connection authenticated: identity="OS008-HOME\FVGateB_261003" method=sspi (C:/ProgramData/FluxVault.Tests/NEXT002/6eb5ebbe54e04cbaabf12fd52ac73ec6/data/pg_hba.conf:2)
[54044] [unknown] LOG:  no match in usermap "fv_gate_system" for user "fv_gate_service" authenticated as "FVGateB_261003@OS008-HOME"
[54044] [unknown] FATAL:  SSPI authentication failed for user "fv_gate_service"
[54044] [unknown] DETAIL:  Connection matched file "C:/ProgramData/FluxVault.Tests/NEXT002/6eb5ebbe54e04cbaabf12fd52ac73ec6/data/pg_hba.conf" line 2: "host fv_gate_261003 fv_gate_service ::1/128 sspi map=fv_gate_system include_realm=1"
[56080] [unknown] LOG:  connection received: host=::1 port=50850
[56080] [unknown] LOG:  connection authenticated: identity="OS008-HOME\FVGateB_261003" method=sspi (C:/ProgramData/FluxVault.Tests/NEXT002/6eb5ebbe54e04cbaabf12fd52ac73ec6/data/pg_hba.conf:2)
[56080] [unknown] LOG:  no match in usermap "fv_gate_system" for user "fv_gate_service" authenticated as "FVGateB_261003@OS008-HOME"
[56080] [unknown] FATAL:  SSPI authentication failed for user "fv_gate_service"
[56080] [unknown] DETAIL:  Connection matched file "C:/ProgramData/FluxVault.Tests/NEXT002/6eb5ebbe54e04cbaabf12fd52ac73ec6/data/pg_hba.conf" line 2: "host fv_gate_261003 fv_gate_service ::1/128 sspi map=fv_gate_system include_realm=1"
[19112] [unknown] LOG:  connection received: host=::1 port=50853
[19112] [unknown] LOG:  connection authenticated: identity="OS008-HOME\FVGateB_261003" method=sspi (C:/ProgramData/FluxVault.Tests/NEXT002/6eb5ebbe54e04cbaabf12fd52ac73ec6/data/pg_hba.conf:2)
[19112] [unknown] LOG:  no match in usermap "fv_gate_system" for user "fv_gate_service" authenticated as "FVGateB_261003@OS008-HOME"
[19112] [unknown] FATAL:  SSPI authentication failed for user "fv_gate_service"
[19112] [unknown] DETAIL:  Connection matched file "C:/ProgramData/FluxVault.Tests/NEXT002/6eb5ebbe54e04cbaabf12fd52ac73ec6/data/pg_hba.conf" line 2: "host fv_gate_261003 fv_gate_service ::1/128 sspi map=fv_gate_system include_realm=1"
[64784] [unknown] LOG:  connection received: host=127.0.0.1 port=50854
[64784] [unknown] LOG:  connection authenticated: identity="NT AUTHORITY\SYSTEM" method=sspi (C:/ProgramData/FluxVault.Tests/NEXT002/6eb5ebbe54e04cbaabf12fd52ac73ec6/data/pg_hba.conf:1)
[64784] [unknown] LOG:  connection authorized: user=fv_gate_service database=fv_gate_261003 application_name=FVGate.1b438506ad834ae8bb4a1416f7cf1219.System
[64784] FVGate.1b438506ad834ae8bb4a1416f7cf1219.System LOG:  connection ready: setup total=38.659 ms, fork=19.496 ms, authentication=7.624 ms
[57016]  LOG:  received fast shutdown request
[57016]  LOG:  aborting any active transactions
[57016]  LOG:  background worker "logical replication launcher" (PID 64060) exited with exit code 1
[51864]  LOG:  shutting down
[51864]  LOG:  checkpoint starting: shutdown immediate
[51864]  LOG:  checkpoint complete: wrote 994 buffers (24.3%), wrote 3 SLRU buffers; 0 WAL file(s) added, 0 removed, 0 recycled; write=0.027 s, sync=0.245 s, total=0.279 s; sync files=310, longest=0.003 s, average=0.001 s; distance=4678 kB, estimate=4678 kB; lsn=0/1C84D50, redo lsn=0/1C84D50
[57016]  LOG:  database system is shut down
