[21140]  LOG:  starting PostgreSQL 18.6 on x86_64-windows, compiled by msvc-19.44.35228, 64-bit
[21140]  LOG:  listening on IPv4 address "127.0.0.1", port 55300
[21140]  LOG:  listening on IPv6 address "::1", port 55300
[18024]  LOG:  database system was shut down at 2026-10-04 19:46:41 EEST
[21140]  LOG:  database system is ready to accept connections
[48416] [unknown] LOG:  connection received: host=127.0.0.1 port=55306
[48416] [unknown] LOG:  connection authenticated: identity="fv_gate_bootstrap" method=scram-sha-256 (C:/ProgramData/FluxVault.Tests/NEXT002/1822d05f4429438a803b1950cd56b81d/data/pg_hba.conf:1)
[48416] [unknown] LOG:  connection authorized: user=fv_gate_bootstrap database=postgres application_name=psql
[48416] psql LOG:  connection ready: setup total=40.715 ms, fork=17.536 ms, authentication=10.112 ms
[21140]  LOG:  received SIGHUP, reloading configuration files
[60396] [unknown] LOG:  connection received: host=127.0.0.1 port=55310
[60396] [unknown] LOG:  connection authenticated: identity="NT AUTHORITY\SYSTEM" method=sspi (C:/ProgramData/FluxVault.Tests/NEXT002/1822d05f4429438a803b1950cd56b81d/data/pg_hba.conf:1)
[60396] [unknown] LOG:  no match in usermap "fv_gate_system" for user "fv_gate_service" authenticated as "SYSTEM@NT AUTHORITY"
[60396] [unknown] FATAL:  SSPI authentication failed for user "fv_gate_service"
[60396] [unknown] DETAIL:  Connection matched file "C:/ProgramData/FluxVault.Tests/NEXT002/1822d05f4429438a803b1950cd56b81d/data/pg_hba.conf" line 1: "host fv_gate_261003 fv_gate_service 127.0.0.1/32 sspi map=fv_gate_system include_realm=1"
[10028] [unknown] LOG:  connection received: host=127.0.0.1 port=55311
[10028] [unknown] LOG:  connection authenticated: identity="NT AUTHORITY\SYSTEM" method=sspi (C:/ProgramData/FluxVault.Tests/NEXT002/1822d05f4429438a803b1950cd56b81d/data/pg_hba.conf:1)
[10028] [unknown] LOG:  no match in usermap "fv_gate_system" for user "fv_gate_service" authenticated as "SYSTEM@NT AUTHORITY"
[10028] [unknown] FATAL:  SSPI authentication failed for user "fv_gate_service"
[10028] [unknown] DETAIL:  Connection matched file "C:/ProgramData/FluxVault.Tests/NEXT002/1822d05f4429438a803b1950cd56b81d/data/pg_hba.conf" line 1: "host fv_gate_261003 fv_gate_service 127.0.0.1/32 sspi map=fv_gate_system include_realm=1"
[22004] [unknown] LOG:  connection received: host=127.0.0.1 port=56499
[22004] [unknown] LOG:  connection authenticated: identity="NT AUTHORITY\SYSTEM" method=sspi (C:/ProgramData/FluxVault.Tests/NEXT002/1822d05f4429438a803b1950cd56b81d/data/pg_hba.conf:1)
[22004] [unknown] LOG:  no match in usermap "fv_gate_system" for user "fv_gate_service" authenticated as "SYSTEM@NT AUTHORITY"
[22004] [unknown] FATAL:  SSPI authentication failed for user "fv_gate_service"
[22004] [unknown] DETAIL:  Connection matched file "C:/ProgramData/FluxVault.Tests/NEXT002/1822d05f4429438a803b1950cd56b81d/data/pg_hba.conf" line 1: "host fv_gate_261003 fv_gate_service 127.0.0.1/32 sspi map=fv_gate_system include_realm=1"
[62100] [unknown] LOG:  connection received: host=::1 port=56503
[62100] [unknown] LOG:  connection authenticated: identity="NT AUTHORITY\SYSTEM" method=sspi (C:/ProgramData/FluxVault.Tests/NEXT002/1822d05f4429438a803b1950cd56b81d/data/pg_hba.conf:2)
[62100] [unknown] LOG:  no match in usermap "fv_gate_system" for user "fv_gate_service" authenticated as "SYSTEM@NT AUTHORITY"
[62100] [unknown] FATAL:  SSPI authentication failed for user "fv_gate_service"
[62100] [unknown] DETAIL:  Connection matched file "C:/ProgramData/FluxVault.Tests/NEXT002/1822d05f4429438a803b1950cd56b81d/data/pg_hba.conf" line 2: "host fv_gate_261003 fv_gate_service ::1/128 sspi map=fv_gate_system include_realm=1"
[8684] [unknown] LOG:  connection received: host=::1 port=56505
[8684] [unknown] LOG:  connection authenticated: identity="NT AUTHORITY\SYSTEM" method=sspi (C:/ProgramData/FluxVault.Tests/NEXT002/1822d05f4429438a803b1950cd56b81d/data/pg_hba.conf:2)
[8684] [unknown] LOG:  no match in usermap "fv_gate_system" for user "fv_gate_service" authenticated as "SYSTEM@NT AUTHORITY"
[8684] [unknown] FATAL:  SSPI authentication failed for user "fv_gate_service"
[8684] [unknown] DETAIL:  Connection matched file "C:/ProgramData/FluxVault.Tests/NEXT002/1822d05f4429438a803b1950cd56b81d/data/pg_hba.conf" line 2: "host fv_gate_261003 fv_gate_service ::1/128 sspi map=fv_gate_system include_realm=1"
[61960] [unknown] LOG:  connection received: host=::1 port=56508
[61960] [unknown] LOG:  connection authenticated: identity="NT AUTHORITY\SYSTEM" method=sspi (C:/ProgramData/FluxVault.Tests/NEXT002/1822d05f4429438a803b1950cd56b81d/data/pg_hba.conf:2)
[61960] [unknown] LOG:  no match in usermap "fv_gate_system" for user "fv_gate_service" authenticated as "SYSTEM@NT AUTHORITY"
[61960] [unknown] FATAL:  SSPI authentication failed for user "fv_gate_service"
[61960] [unknown] DETAIL:  Connection matched file "C:/ProgramData/FluxVault.Tests/NEXT002/1822d05f4429438a803b1950cd56b81d/data/pg_hba.conf" line 2: "host fv_gate_261003 fv_gate_service ::1/128 sspi map=fv_gate_system include_realm=1"
[21140]  LOG:  received SIGHUP, reloading configuration files
[59296] [unknown] LOG:  connection received: host=127.0.0.1 port=56512
[59296] [unknown] LOG:  connection authenticated: identity="NT AUTHORITY\SYSTEM" method=sspi (C:/ProgramData/FluxVault.Tests/NEXT002/1822d05f4429438a803b1950cd56b81d/data/pg_hba.conf:1)
[59296] [unknown] LOG:  connection authorized: user=fv_gate_service database=fv_gate_261003 application_name=FVGate.685dc16ed61d4ef8901ab0aedeb17e24.System
[59296] FVGate.685dc16ed61d4ef8901ab0aedeb17e24.System LOG:  connection ready: setup total=41.095 ms, fork=18.418 ms, authentication=7.830 ms
[16692] [unknown] LOG:  connection received: host=127.0.0.1 port=56513
[16692] [unknown] LOG:  connection authenticated: identity="NT AUTHORITY\SYSTEM" method=sspi (C:/ProgramData/FluxVault.Tests/NEXT002/1822d05f4429438a803b1950cd56b81d/data/pg_hba.conf:1)
[16692] [unknown] LOG:  connection authorized: user=fv_gate_service database=fv_gate_261003 application_name=FVGate.685dc16ed61d4ef8901ab0aedeb17e24.System
[16692] FVGate.685dc16ed61d4ef8901ab0aedeb17e24.System LOG:  connection ready: setup total=29.390 ms, fork=17.710 ms, authentication=3.467 ms
[50164] [unknown] LOG:  connection received: host=127.0.0.1 port=56514
[50164] [unknown] LOG:  connection authenticated: identity="NT AUTHORITY\SYSTEM" method=sspi (C:/ProgramData/FluxVault.Tests/NEXT002/1822d05f4429438a803b1950cd56b81d/data/pg_hba.conf:1)
[50164] [unknown] LOG:  connection authorized: user=fv_gate_service database=fv_gate_261003
[50164] [unknown] LOG:  connection ready: setup total=28.552 ms, fork=17.610 ms, authentication=3.305 ms
[2608] [unknown] LOG:  connection received: host=127.0.0.1 port=56515
[2608] [unknown] LOG:  connection authenticated: identity="NT AUTHORITY\SYSTEM" method=sspi (C:/ProgramData/FluxVault.Tests/NEXT002/1822d05f4429438a803b1950cd56b81d/data/pg_hba.conf:1)
[2608] [unknown] LOG:  connection authorized: user=fv_gate_service database=fv_gate_261003
[2608] [unknown] LOG:  connection ready: setup total=28.909 ms, fork=18.129 ms, authentication=3.324 ms
[50788] [unknown] LOG:  connection received: host=127.0.0.1 port=56516
[50788] [unknown] LOG:  connection authenticated: identity="NT AUTHORITY\SYSTEM" method=sspi (C:/ProgramData/FluxVault.Tests/NEXT002/1822d05f4429438a803b1950cd56b81d/data/pg_hba.conf:1)
[50788] [unknown] LOG:  connection authorized: user=fv_gate_service database=fv_gate_261003
[50788] [unknown] LOG:  connection ready: setup total=28.536 ms, fork=17.348 ms, authentication=3.533 ms
[37728] [unknown] LOG:  connection received: host=127.0.0.1 port=56517
[37728] [unknown] LOG:  connection authenticated: identity="NT AUTHORITY\SYSTEM" method=sspi (C:/ProgramData/FluxVault.Tests/NEXT002/1822d05f4429438a803b1950cd56b81d/data/pg_hba.conf:1)
[37728] [unknown] LOG:  connection authorized: user=fv_gate_service database=fv_gate_261003
[37728] [unknown] LOG:  connection ready: setup total=31.866 ms, fork=19.958 ms, authentication=3.587 ms
[19584] [unknown] LOG:  connection received: host=127.0.0.1 port=58247
[19584] [unknown] LOG:  connection authenticated: identity="NT AUTHORITY\SYSTEM" method=sspi (C:/ProgramData/FluxVault.Tests/NEXT002/1822d05f4429438a803b1950cd56b81d/data/pg_hba.conf:1)
[19584] [unknown] LOG:  connection authorized: user=fv_gate_service database=fv_gate_261003
[19584] [unknown] LOG:  connection ready: setup total=28.530 ms, fork=17.757 ms, authentication=3.308 ms
[59876] [unknown] LOG:  connection received: host=127.0.0.1 port=58248
[59876] [unknown] LOG:  connection authenticated: identity="NT AUTHORITY\SYSTEM" method=sspi (C:/ProgramData/FluxVault.Tests/NEXT002/1822d05f4429438a803b1950cd56b81d/data/pg_hba.conf:1)
[59876] [unknown] LOG:  connection authorized: user=fv_gate_service database=fv_gate_261003
[59876] [unknown] LOG:  connection ready: setup total=29.609 ms, fork=18.212 ms, authentication=3.378 ms
[58140] [unknown] LOG:  connection received: host=127.0.0.1 port=58249
[58140] [unknown] LOG:  connection authenticated: identity="NT AUTHORITY\SYSTEM" method=sspi (C:/ProgramData/FluxVault.Tests/NEXT002/1822d05f4429438a803b1950cd56b81d/data/pg_hba.conf:1)
[58140] [unknown] LOG:  connection authorized: user=fv_gate_service database=fv_gate_261003
[58140] [unknown] LOG:  connection ready: setup total=28.858 ms, fork=17.781 ms, authentication=3.365 ms
[64588] [unknown] LOG:  connection received: host=127.0.0.1 port=58250
[64588] [unknown] LOG:  connection authenticated: identity="NT AUTHORITY\SYSTEM" method=sspi (C:/ProgramData/FluxVault.Tests/NEXT002/1822d05f4429438a803b1950cd56b81d/data/pg_hba.conf:1)
[64588] [unknown] LOG:  connection authorized: user=fv_gate_service database=fv_gate_261003 application_name=FVGate.685dc16ed61d4ef8901ab0aedeb17e24.System
[64588] FVGate.685dc16ed61d4ef8901ab0aedeb17e24.System LOG:  connection ready: setup total=28.795 ms, fork=17.693 ms, authentication=3.348 ms
[28168] [unknown] LOG:  connection received: host=127.0.0.1 port=58251
[58140] [unknown] ERROR:  canceling statement due to user request
[58140] [unknown] STATEMENT:  SELECT pg_advisory_xact_lock($1)
[15300] [unknown] LOG:  connection received: host=127.0.0.1 port=58252
[15300] [unknown] LOG:  connection authenticated: identity="NT AUTHORITY\SYSTEM" method=sspi (C:/ProgramData/FluxVault.Tests/NEXT002/1822d05f4429438a803b1950cd56b81d/data/pg_hba.conf:1)
[15300] [unknown] LOG:  connection authorized: user=fv_gate_service database=fv_gate_261003
[15300] [unknown] LOG:  connection ready: setup total=28.818 ms, fork=17.386 ms, authentication=3.560 ms
[59412] [unknown] LOG:  connection received: host=127.0.0.1 port=58253
[59412] [unknown] LOG:  connection authenticated: identity="NT AUTHORITY\SYSTEM" method=sspi (C:/ProgramData/FluxVault.Tests/NEXT002/1822d05f4429438a803b1950cd56b81d/data/pg_hba.conf:1)
[59412] [unknown] LOG:  connection authorized: user=fv_gate_service database=fv_gate_261003
[59412] [unknown] LOG:  connection ready: setup total=28.346 ms, fork=16.898 ms, authentication=3.338 ms
[25828] [unknown] LOG:  connection received: host=127.0.0.1 port=58254
[25828] [unknown] LOG:  connection authenticated: identity="NT AUTHORITY\SYSTEM" method=sspi (C:/ProgramData/FluxVault.Tests/NEXT002/1822d05f4429438a803b1950cd56b81d/data/pg_hba.conf:1)
[25828] [unknown] LOG:  connection authorized: user=fv_gate_service database=fv_gate_261003 application_name=FVGate.685dc16ed61d4ef8901ab0aedeb17e24.System
[25828] FVGate.685dc16ed61d4ef8901ab0aedeb17e24.System LOG:  connection ready: setup total=28.147 ms, fork=17.158 ms, authentication=3.282 ms
[44656] [unknown] LOG:  connection received: host=127.0.0.1 port=58255
[44656] [unknown] LOG:  connection authenticated: identity="NT AUTHORITY\SYSTEM" method=sspi (C:/ProgramData/FluxVault.Tests/NEXT002/1822d05f4429438a803b1950cd56b81d/data/pg_hba.conf:1)
[44656] [unknown] LOG:  connection authorized: user=fv_gate_service database=fv_gate_261003
[44656] [unknown] LOG:  connection ready: setup total=28.728 ms, fork=17.744 ms, authentication=3.342 ms
[53012] [unknown] LOG:  connection received: host=127.0.0.1 port=58256
[53012] [unknown] LOG:  connection authenticated: identity="NT AUTHORITY\SYSTEM" method=sspi (C:/ProgramData/FluxVault.Tests/NEXT002/1822d05f4429438a803b1950cd56b81d/data/pg_hba.conf:1)
[53012] [unknown] LOG:  connection authorized: user=fv_gate_service database=fv_gate_261003
[53012] [unknown] LOG:  connection ready: setup total=29.139 ms, fork=18.073 ms, authentication=3.386 ms
[61524] [unknown] LOG:  connection received: host=127.0.0.1 port=58257
[61524] [unknown] LOG:  connection authenticated: identity="NT AUTHORITY\SYSTEM" method=sspi (C:/ProgramData/FluxVault.Tests/NEXT002/1822d05f4429438a803b1950cd56b81d/data/pg_hba.conf:1)
[61524] [unknown] LOG:  connection authorized: user=fv_gate_service database=fv_gate_261003 application_name=FVGate.685dc16ed61d4ef8901ab0aedeb17e24.System
[61524] FVGate.685dc16ed61d4ef8901ab0aedeb17e24.System LOG:  connection ready: setup total=29.032 ms, fork=17.856 ms, authentication=3.279 ms
[9492] [unknown] LOG:  connection received: host=127.0.0.1 port=58260
[9492] [unknown] LOG:  connection authenticated: identity="NT AUTHORITY\SYSTEM" method=sspi (C:/ProgramData/FluxVault.Tests/NEXT002/1822d05f4429438a803b1950cd56b81d/data/pg_hba.conf:1)
[9492] [unknown] LOG:  connection authorized: user=fv_gate_service database=fv_gate_261003 application_name=FVGate.9d754bed98a94d06b04fa2f435be4078.libpq
[9492] FVGate.9d754bed98a94d06b04fa2f435be4078.libpq LOG:  connection ready: setup total=29.523 ms, fork=16.905 ms, authentication=4.824 ms
[34404] [unknown] LOG:  connection received: host=::1 port=58263
[34404] [unknown] LOG:  connection authenticated: identity="NT AUTHORITY\SYSTEM" method=sspi (C:/ProgramData/FluxVault.Tests/NEXT002/1822d05f4429438a803b1950cd56b81d/data/pg_hba.conf:2)
[34404] [unknown] LOG:  connection authorized: user=fv_gate_service database=fv_gate_261003 application_name=FVGate.2d2e9f3edead49fb9cac0de0c08ba8b9.System
[34404] FVGate.2d2e9f3edead49fb9cac0de0c08ba8b9.System LOG:  connection ready: setup total=37.764 ms, fork=18.551 ms, authentication=7.546 ms
[37160] [unknown] LOG:  connection received: host=::1 port=58264
[37160] [unknown] LOG:  connection authenticated: identity="NT AUTHORITY\SYSTEM" method=sspi (C:/ProgramData/FluxVault.Tests/NEXT002/1822d05f4429438a803b1950cd56b81d/data/pg_hba.conf:2)
[37160] [unknown] LOG:  connection authorized: user=fv_gate_service database=fv_gate_261003 application_name=FVGate.2d2e9f3edead49fb9cac0de0c08ba8b9.System
[37160] FVGate.2d2e9f3edead49fb9cac0de0c08ba8b9.System LOG:  connection ready: setup total=28.675 ms, fork=17.496 ms, authentication=3.367 ms
[61928] [unknown] LOG:  connection received: host=::1 port=58265
[61928] [unknown] LOG:  connection authenticated: identity="NT AUTHORITY\SYSTEM" method=sspi (C:/ProgramData/FluxVault.Tests/NEXT002/1822d05f4429438a803b1950cd56b81d/data/pg_hba.conf:2)
[61928] [unknown] LOG:  connection authorized: user=fv_gate_service database=fv_gate_261003
[61928] [unknown] LOG:  connection ready: setup total=28.440 ms, fork=17.268 ms, authentication=3.175 ms
[40612] [unknown] LOG:  connection received: host=::1 port=58267
[40612] [unknown] LOG:  connection authenticated: identity="NT AUTHORITY\SYSTEM" method=sspi (C:/ProgramData/FluxVault.Tests/NEXT002/1822d05f4429438a803b1950cd56b81d/data/pg_hba.conf:2)
[40612] [unknown] LOG:  connection authorized: user=fv_gate_service database=fv_gate_261003
[40612] [unknown] LOG:  connection ready: setup total=28.882 ms, fork=17.969 ms, authentication=3.364 ms
[9956] [unknown] LOG:  connection received: host=::1 port=58268
[9956] [unknown] LOG:  connection authenticated: identity="NT AUTHORITY\SYSTEM" method=sspi (C:/ProgramData/FluxVault.Tests/NEXT002/1822d05f4429438a803b1950cd56b81d/data/pg_hba.conf:2)
[9956] [unknown] LOG:  connection authorized: user=fv_gate_service database=fv_gate_261003
[9956] [unknown] LOG:  connection ready: setup total=28.755 ms, fork=17.751 ms, authentication=3.384 ms
[48448] [unknown] LOG:  connection received: host=::1 port=58269
[48448] [unknown] LOG:  connection authenticated: identity="NT AUTHORITY\SYSTEM" method=sspi (C:/ProgramData/FluxVault.Tests/NEXT002/1822d05f4429438a803b1950cd56b81d/data/pg_hba.conf:2)
[48448] [unknown] LOG:  connection authorized: user=fv_gate_service database=fv_gate_261003
[48448] [unknown] LOG:  connection ready: setup total=28.111 ms, fork=17.368 ms, authentication=3.252 ms
[30000] [unknown] LOG:  connection received: host=::1 port=58270
[30000] [unknown] LOG:  connection authenticated: identity="NT AUTHORITY\SYSTEM" method=sspi (C:/ProgramData/FluxVault.Tests/NEXT002/1822d05f4429438a803b1950cd56b81d/data/pg_hba.conf:2)
[30000] [unknown] LOG:  connection authorized: user=fv_gate_service database=fv_gate_261003
[30000] [unknown] LOG:  connection ready: setup total=28.841 ms, fork=17.633 ms, authentication=3.331 ms
[62088] [unknown] LOG:  connection received: host=::1 port=58271
[62088] [unknown] LOG:  connection authenticated: identity="NT AUTHORITY\SYSTEM" method=sspi (C:/ProgramData/FluxVault.Tests/NEXT002/1822d05f4429438a803b1950cd56b81d/data/pg_hba.conf:2)
[62088] [unknown] LOG:  connection authorized: user=fv_gate_service database=fv_gate_261003
[62088] [unknown] LOG:  connection ready: setup total=28.796 ms, fork=18.018 ms, authentication=3.303 ms
[42044] [unknown] LOG:  connection received: host=::1 port=58273
[42044] [unknown] LOG:  connection authenticated: identity="NT AUTHORITY\SYSTEM" method=sspi (C:/ProgramData/FluxVault.Tests/NEXT002/1822d05f4429438a803b1950cd56b81d/data/pg_hba.conf:2)
[42044] [unknown] LOG:  connection authorized: user=fv_gate_service database=fv_gate_261003
[42044] [unknown] LOG:  connection ready: setup total=29.032 ms, fork=17.884 ms, authentication=3.386 ms
[12932] [unknown] LOG:  connection received: host=::1 port=58274
[12932] [unknown] LOG:  connection authenticated: identity="NT AUTHORITY\SYSTEM" method=sspi (C:/ProgramData/FluxVault.Tests/NEXT002/1822d05f4429438a803b1950cd56b81d/data/pg_hba.conf:2)
[12932] [unknown] LOG:  connection authorized: user=fv_gate_service database=fv_gate_261003 application_name=FVGate.2d2e9f3edead49fb9cac0de0c08ba8b9.System
[12932] FVGate.2d2e9f3edead49fb9cac0de0c08ba8b9.System LOG:  connection ready: setup total=31.334 ms, fork=20.154 ms, authentication=3.399 ms
[60116] [unknown] LOG:  connection received: host=::1 port=58275
[42044] [unknown] ERROR:  canceling statement due to user request
[42044] [unknown] STATEMENT:  SELECT pg_advisory_xact_lock($1)
[65520] [unknown] LOG:  connection received: host=::1 port=58277
[65520] [unknown] LOG:  connection authenticated: identity="NT AUTHORITY\SYSTEM" method=sspi (C:/ProgramData/FluxVault.Tests/NEXT002/1822d05f4429438a803b1950cd56b81d/data/pg_hba.conf:2)
[65520] [unknown] LOG:  connection authorized: user=fv_gate_service database=fv_gate_261003
[65520] [unknown] LOG:  connection ready: setup total=28.330 ms, fork=17.122 ms, authentication=3.390 ms
[7480] [unknown] LOG:  connection received: host=::1 port=58278
[7480] [unknown] LOG:  connection authenticated: identity="NT AUTHORITY\SYSTEM" method=sspi (C:/ProgramData/FluxVault.Tests/NEXT002/1822d05f4429438a803b1950cd56b81d/data/pg_hba.conf:2)
[7480] [unknown] LOG:  connection authorized: user=fv_gate_service database=fv_gate_261003
[7480] [unknown] LOG:  connection ready: setup total=28.640 ms, fork=17.589 ms, authentication=3.378 ms
[25240] [unknown] LOG:  connection received: host=::1 port=58279
[25240] [unknown] LOG:  connection authenticated: identity="NT AUTHORITY\SYSTEM" method=sspi (C:/ProgramData/FluxVault.Tests/NEXT002/1822d05f4429438a803b1950cd56b81d/data/pg_hba.conf:2)
[25240] [unknown] LOG:  connection authorized: user=fv_gate_service database=fv_gate_261003 application_name=FVGate.2d2e9f3edead49fb9cac0de0c08ba8b9.System
[25240] FVGate.2d2e9f3edead49fb9cac0de0c08ba8b9.System LOG:  connection ready: setup total=27.847 ms, fork=16.948 ms, authentication=3.178 ms
[63288] [unknown] LOG:  connection received: host=::1 port=58280
[63288] [unknown] LOG:  connection authenticated: identity="NT AUTHORITY\SYSTEM" method=sspi (C:/ProgramData/FluxVault.Tests/NEXT002/1822d05f4429438a803b1950cd56b81d/data/pg_hba.conf:2)
[63288] [unknown] LOG:  connection authorized: user=fv_gate_service database=fv_gate_261003
[63288] [unknown] LOG:  connection ready: setup total=28.668 ms, fork=17.548 ms, authentication=3.366 ms
[61168] [unknown] LOG:  connection received: host=::1 port=58281
[61168] [unknown] LOG:  connection authenticated: identity="NT AUTHORITY\SYSTEM" method=sspi (C:/ProgramData/FluxVault.Tests/NEXT002/1822d05f4429438a803b1950cd56b81d/data/pg_hba.conf:2)
[61168] [unknown] LOG:  connection authorized: user=fv_gate_service database=fv_gate_261003
[61168] [unknown] LOG:  connection ready: setup total=29.309 ms, fork=18.048 ms, authentication=3.523 ms
[38984] [unknown] LOG:  connection received: host=::1 port=58282
[38984] [unknown] LOG:  connection authenticated: identity="NT AUTHORITY\SYSTEM" method=sspi (C:/ProgramData/FluxVault.Tests/NEXT002/1822d05f4429438a803b1950cd56b81d/data/pg_hba.conf:2)
[38984] [unknown] LOG:  connection authorized: user=fv_gate_service database=fv_gate_261003 application_name=FVGate.2d2e9f3edead49fb9cac0de0c08ba8b9.System
[38984] FVGate.2d2e9f3edead49fb9cac0de0c08ba8b9.System LOG:  connection ready: setup total=29.722 ms, fork=18.394 ms, authentication=3.691 ms
[19496] [unknown] LOG:  connection received: host=::1 port=58285
[19496] [unknown] LOG:  connection authenticated: identity="NT AUTHORITY\SYSTEM" method=sspi (C:/ProgramData/FluxVault.Tests/NEXT002/1822d05f4429438a803b1950cd56b81d/data/pg_hba.conf:2)
[19496] [unknown] LOG:  connection authorized: user=fv_gate_service database=fv_gate_261003 application_name=FVGate.a25d167c8f4e4585a9a1c40485fb93e4.libpq
[19496] FVGate.a25d167c8f4e4585a9a1c40485fb93e4.libpq LOG:  connection ready: setup total=30.099 ms, fork=17.620 ms, authentication=4.665 ms
[59396] [unknown] LOG:  connection received: host=127.0.0.1 port=58289
[59396] [unknown] LOG:  connection authenticated: identity="OS008-HOME\FVGateA_261003" method=sspi (C:/ProgramData/FluxVault.Tests/NEXT002/1822d05f4429438a803b1950cd56b81d/data/pg_hba.conf:1)
[59396] [unknown] LOG:  no match in usermap "fv_gate_system" for user "fv_gate_service" authenticated as "FVGateA_261003@OS008-HOME"
[59396] [unknown] FATAL:  SSPI authentication failed for user "fv_gate_service"
[59396] [unknown] DETAIL:  Connection matched file "C:/ProgramData/FluxVault.Tests/NEXT002/1822d05f4429438a803b1950cd56b81d/data/pg_hba.conf" line 1: "host fv_gate_261003 fv_gate_service 127.0.0.1/32 sspi map=fv_gate_system include_realm=1"
[23972] [unknown] LOG:  connection received: host=127.0.0.1 port=58290
[23972] [unknown] LOG:  connection authenticated: identity="OS008-HOME\FVGateA_261003" method=sspi (C:/ProgramData/FluxVault.Tests/NEXT002/1822d05f4429438a803b1950cd56b81d/data/pg_hba.conf:1)
[23972] [unknown] LOG:  no match in usermap "fv_gate_system" for user "fv_gate_service" authenticated as "FVGateA_261003@OS008-HOME"
[23972] [unknown] FATAL:  SSPI authentication failed for user "fv_gate_service"
[23972] [unknown] DETAIL:  Connection matched file "C:/ProgramData/FluxVault.Tests/NEXT002/1822d05f4429438a803b1950cd56b81d/data/pg_hba.conf" line 1: "host fv_gate_261003 fv_gate_service 127.0.0.1/32 sspi map=fv_gate_system include_realm=1"
[28076] [unknown] LOG:  connection received: host=127.0.0.1 port=58291
[28076] [unknown] LOG:  connection authenticated: identity="OS008-HOME\FVGateA_261003" method=sspi (C:/ProgramData/FluxVault.Tests/NEXT002/1822d05f4429438a803b1950cd56b81d/data/pg_hba.conf:1)
[28076] [unknown] LOG:  no match in usermap "fv_gate_system" for user "fv_gate_service" authenticated as "FVGateA_261003@OS008-HOME"
[28076] [unknown] FATAL:  SSPI authentication failed for user "fv_gate_service"
[28076] [unknown] DETAIL:  Connection matched file "C:/ProgramData/FluxVault.Tests/NEXT002/1822d05f4429438a803b1950cd56b81d/data/pg_hba.conf" line 1: "host fv_gate_261003 fv_gate_service 127.0.0.1/32 sspi map=fv_gate_system include_realm=1"
[16636] [unknown] LOG:  connection received: host=::1 port=58294
[16636] [unknown] LOG:  connection authenticated: identity="OS008-HOME\FVGateA_261003" method=sspi (C:/ProgramData/FluxVault.Tests/NEXT002/1822d05f4429438a803b1950cd56b81d/data/pg_hba.conf:2)
[16636] [unknown] LOG:  no match in usermap "fv_gate_system" for user "fv_gate_service" authenticated as "FVGateA_261003@OS008-HOME"
[16636] [unknown] FATAL:  SSPI authentication failed for user "fv_gate_service"
[16636] [unknown] DETAIL:  Connection matched file "C:/ProgramData/FluxVault.Tests/NEXT002/1822d05f4429438a803b1950cd56b81d/data/pg_hba.conf" line 2: "host fv_gate_261003 fv_gate_service ::1/128 sspi map=fv_gate_system include_realm=1"
[59904] [unknown] LOG:  connection received: host=::1 port=58295
[59904] [unknown] LOG:  connection authenticated: identity="OS008-HOME\FVGateA_261003" method=sspi (C:/ProgramData/FluxVault.Tests/NEXT002/1822d05f4429438a803b1950cd56b81d/data/pg_hba.conf:2)
[59904] [unknown] LOG:  no match in usermap "fv_gate_system" for user "fv_gate_service" authenticated as "FVGateA_261003@OS008-HOME"
[59904] [unknown] FATAL:  SSPI authentication failed for user "fv_gate_service"
[59904] [unknown] DETAIL:  Connection matched file "C:/ProgramData/FluxVault.Tests/NEXT002/1822d05f4429438a803b1950cd56b81d/data/pg_hba.conf" line 2: "host fv_gate_261003 fv_gate_service ::1/128 sspi map=fv_gate_system include_realm=1"
[31564] [unknown] LOG:  connection received: host=::1 port=58296
[31564] [unknown] LOG:  connection authenticated: identity="OS008-HOME\FVGateA_261003" method=sspi (C:/ProgramData/FluxVault.Tests/NEXT002/1822d05f4429438a803b1950cd56b81d/data/pg_hba.conf:2)
[31564] [unknown] LOG:  no match in usermap "fv_gate_system" for user "fv_gate_service" authenticated as "FVGateA_261003@OS008-HOME"
[31564] [unknown] FATAL:  SSPI authentication failed for user "fv_gate_service"
[31564] [unknown] DETAIL:  Connection matched file "C:/ProgramData/FluxVault.Tests/NEXT002/1822d05f4429438a803b1950cd56b81d/data/pg_hba.conf" line 2: "host fv_gate_261003 fv_gate_service ::1/128 sspi map=fv_gate_system include_realm=1"
[36868] [unknown] LOG:  connection received: host=127.0.0.1 port=58299
[36868] [unknown] LOG:  connection authenticated: identity="OS008-HOME\FVGateB_261003" method=sspi (C:/ProgramData/FluxVault.Tests/NEXT002/1822d05f4429438a803b1950cd56b81d/data/pg_hba.conf:1)
[36868] [unknown] LOG:  no match in usermap "fv_gate_system" for user "fv_gate_service" authenticated as "FVGateB_261003@OS008-HOME"
[36868] [unknown] FATAL:  SSPI authentication failed for user "fv_gate_service"
[36868] [unknown] DETAIL:  Connection matched file "C:/ProgramData/FluxVault.Tests/NEXT002/1822d05f4429438a803b1950cd56b81d/data/pg_hba.conf" line 1: "host fv_gate_261003 fv_gate_service 127.0.0.1/32 sspi map=fv_gate_system include_realm=1"
[60728] [unknown] LOG:  connection received: host=127.0.0.1 port=58300
[60728] [unknown] LOG:  connection authenticated: identity="OS008-HOME\FVGateB_261003" method=sspi (C:/ProgramData/FluxVault.Tests/NEXT002/1822d05f4429438a803b1950cd56b81d/data/pg_hba.conf:1)
[60728] [unknown] LOG:  no match in usermap "fv_gate_system" for user "fv_gate_service" authenticated as "FVGateB_261003@OS008-HOME"
[60728] [unknown] FATAL:  SSPI authentication failed for user "fv_gate_service"
[60728] [unknown] DETAIL:  Connection matched file "C:/ProgramData/FluxVault.Tests/NEXT002/1822d05f4429438a803b1950cd56b81d/data/pg_hba.conf" line 1: "host fv_gate_261003 fv_gate_service 127.0.0.1/32 sspi map=fv_gate_system include_realm=1"
[26076] [unknown] LOG:  connection received: host=127.0.0.1 port=58303
[26076] [unknown] LOG:  connection authenticated: identity="OS008-HOME\FVGateB_261003" method=sspi (C:/ProgramData/FluxVault.Tests/NEXT002/1822d05f4429438a803b1950cd56b81d/data/pg_hba.conf:1)
[26076] [unknown] LOG:  no match in usermap "fv_gate_system" for user "fv_gate_service" authenticated as "FVGateB_261003@OS008-HOME"
[26076] [unknown] FATAL:  SSPI authentication failed for user "fv_gate_service"
[26076] [unknown] DETAIL:  Connection matched file "C:/ProgramData/FluxVault.Tests/NEXT002/1822d05f4429438a803b1950cd56b81d/data/pg_hba.conf" line 1: "host fv_gate_261003 fv_gate_service 127.0.0.1/32 sspi map=fv_gate_system include_realm=1"
[37020] [unknown] LOG:  connection received: host=::1 port=58304
[37020] [unknown] LOG:  connection authenticated: identity="OS008-HOME\FVGateB_261003" method=sspi (C:/ProgramData/FluxVault.Tests/NEXT002/1822d05f4429438a803b1950cd56b81d/data/pg_hba.conf:2)
[37020] [unknown] LOG:  no match in usermap "fv_gate_system" for user "fv_gate_service" authenticated as "FVGateB_261003@OS008-HOME"
[37020] [unknown] FATAL:  SSPI authentication failed for user "fv_gate_service"
[37020] [unknown] DETAIL:  Connection matched file "C:/ProgramData/FluxVault.Tests/NEXT002/1822d05f4429438a803b1950cd56b81d/data/pg_hba.conf" line 2: "host fv_gate_261003 fv_gate_service ::1/128 sspi map=fv_gate_system include_realm=1"
[60528] [unknown] LOG:  connection received: host=::1 port=58305
[60528] [unknown] LOG:  connection authenticated: identity="OS008-HOME\FVGateB_261003" method=sspi (C:/ProgramData/FluxVault.Tests/NEXT002/1822d05f4429438a803b1950cd56b81d/data/pg_hba.conf:2)
[60528] [unknown] LOG:  no match in usermap "fv_gate_system" for user "fv_gate_service" authenticated as "FVGateB_261003@OS008-HOME"
[60528] [unknown] FATAL:  SSPI authentication failed for user "fv_gate_service"
[60528] [unknown] DETAIL:  Connection matched file "C:/ProgramData/FluxVault.Tests/NEXT002/1822d05f4429438a803b1950cd56b81d/data/pg_hba.conf" line 2: "host fv_gate_261003 fv_gate_service ::1/128 sspi map=fv_gate_system include_realm=1"
[64032] [unknown] LOG:  connection received: host=::1 port=58308
[64032] [unknown] LOG:  connection authenticated: identity="OS008-HOME\FVGateB_261003" method=sspi (C:/ProgramData/FluxVault.Tests/NEXT002/1822d05f4429438a803b1950cd56b81d/data/pg_hba.conf:2)
[64032] [unknown] LOG:  no match in usermap "fv_gate_system" for user "fv_gate_service" authenticated as "FVGateB_261003@OS008-HOME"
[64032] [unknown] FATAL:  SSPI authentication failed for user "fv_gate_service"
[64032] [unknown] DETAIL:  Connection matched file "C:/ProgramData/FluxVault.Tests/NEXT002/1822d05f4429438a803b1950cd56b81d/data/pg_hba.conf" line 2: "host fv_gate_261003 fv_gate_service ::1/128 sspi map=fv_gate_system include_realm=1"
[44808] [unknown] LOG:  connection received: host=127.0.0.1 port=58309
[44808] [unknown] LOG:  connection authenticated: identity="NT AUTHORITY\SYSTEM" method=sspi (C:/ProgramData/FluxVault.Tests/NEXT002/1822d05f4429438a803b1950cd56b81d/data/pg_hba.conf:1)
[44808] [unknown] LOG:  connection authorized: user=fv_gate_service database=fv_gate_261003 application_name=FVGate.b0f4f4ae41fe4da09f93fb5764f11dfa.System
[44808] FVGate.b0f4f4ae41fe4da09f93fb5764f11dfa.System LOG:  connection ready: setup total=39.038 ms, fork=18.274 ms, authentication=7.565 ms
[61152] [unknown] LOG:  connection received: host=127.0.0.1 port=58310
[61152] [unknown] LOG:  connection authenticated: identity="NT AUTHORITY\SYSTEM" method=sspi (C:/ProgramData/FluxVault.Tests/NEXT002/1822d05f4429438a803b1950cd56b81d/data/pg_hba.conf:1)
[61152] [unknown] LOG:  connection authorized: user=fv_gate_service database=fv_gate_261003
[61152] [unknown] LOG:  connection ready: setup total=31.104 ms, fork=19.019 ms, authentication=3.497 ms
[45508] [unknown] LOG:  connection received: host=127.0.0.1 port=58311
[45508] [unknown] LOG:  connection authenticated: identity="NT AUTHORITY\SYSTEM" method=sspi (C:/ProgramData/FluxVault.Tests/NEXT002/1822d05f4429438a803b1950cd56b81d/data/pg_hba.conf:1)
[45508] [unknown] LOG:  connection authorized: user=fv_gate_service database=fv_gate_261003
[45508] [unknown] LOG:  connection ready: setup total=30.732 ms, fork=19.099 ms, authentication=3.320 ms
[43440] [unknown] LOG:  connection received: host=127.0.0.1 port=58314
[43440] [unknown] LOG:  connection authenticated: identity="NT AUTHORITY\SYSTEM" method=sspi (C:/ProgramData/FluxVault.Tests/NEXT002/1822d05f4429438a803b1950cd56b81d/data/pg_hba.conf:1)
[43440] [unknown] LOG:  connection authorized: user=fv_gate_service database=fv_gate_261003
[43440] [unknown] LOG:  connection ready: setup total=29.725 ms, fork=18.062 ms, authentication=3.368 ms
[57388] [unknown] LOG:  connection received: host=127.0.0.1 port=58315
[57388] [unknown] LOG:  connection authenticated: identity="NT AUTHORITY\SYSTEM" method=sspi (C:/ProgramData/FluxVault.Tests/NEXT002/1822d05f4429438a803b1950cd56b81d/data/pg_hba.conf:1)
[57388] [unknown] LOG:  connection authorized: user=fv_gate_service database=fv_gate_261003
[57388] [unknown] LOG:  connection ready: setup total=29.954 ms, fork=18.210 ms, authentication=3.559 ms
[1288] [unknown] LOG:  connection received: host=127.0.0.1 port=58316
[1288] [unknown] LOG:  connection authenticated: identity="NT AUTHORITY\SYSTEM" method=sspi (C:/ProgramData/FluxVault.Tests/NEXT002/1822d05f4429438a803b1950cd56b81d/data/pg_hba.conf:1)
[1288] [unknown] LOG:  connection authorized: user=fv_gate_service database=fv_gate_261003
[1288] [unknown] LOG:  connection ready: setup total=31.549 ms, fork=18.910 ms, authentication=3.753 ms
[61152] [unknown] LOG:  could not receive data from client: An existing connection was forcibly closed by the remote host.
	
[57388] [unknown] LOG:  could not receive data from client: An existing connection was forcibly closed by the remote host.
	
[43440] [unknown] LOG:  could not receive data from client: An existing connection was forcibly closed by the remote host.
	
[1288] [unknown] LOG:  could not receive data from client: An existing connection was forcibly closed by the remote host.
	
[21140]  LOG:  received fast shutdown request
[21140]  LOG:  aborting any active transactions
[21140]  LOG:  background worker "logical replication launcher" (PID 40244) exited with exit code 1
[43940]  LOG:  shutting down
[43940]  LOG:  checkpoint starting: shutdown immediate
[43940]  LOG:  checkpoint complete: wrote 1469 buffers (35.9%), wrote 3 SLRU buffers; 0 WAL file(s) added, 0 removed, 0 recycled; write=0.048 s, sync=0.454 s, total=0.511 s; sync files=811, longest=0.002 s, average=0.001 s; distance=8190 kB, estimate=8190 kB; lsn=0/1FF2E28, redo lsn=0/1FF2E28
[21140]  LOG:  database system is shut down
