<?xml version="1.0" encoding="utf-8"?>
<TestRun id="7c141852-3417-471c-afd9-b2c1e1e9f099" name="os008@OS008-HOME 2026-10-04 18:03:26" runUser="OS008-HOME\os008" xmlns="http://microsoft.com/schemas/VisualStudio/TeamTest/2010">
  <Times creation="2026-10-04T18:03:26.0929082+03:00" queuing="2026-10-04T18:03:26.0929083+03:00" start="2026-10-04T18:03:25.4018963+03:00" finish="2026-10-04T18:03:26.1242703+03:00" />
  <TestSettings name="default" id="035a3e86-3f93-49e0-a785-0cac7bbaa5f3">
    <Deployment runDeploymentRoot="os008_OS008-HOME_2026-10-04_18_03_26" />
  </TestSettings>
  <Results>
    <UnitTestResult executionId="5b1531f2-35d0-44e8-9969-b5db2b65159c" testId="22e342c9-912f-efa6-7d4f-86c8dc4158de" testName="FluxVault.Windows.Tests.MaintenanceExecutorTests.Missing_required_permissions_are_refused_before_storage(command: RunMirrorRebalance, granted: ReadHistory)" computerName="OS008-HOME" duration="00:00:00.0002062" startTime="2026-10-04T18:03:26.0719887+03:00" endTime="2026-10-04T18:03:26.0720211+03:00" testType="13cdc9d9-ddb5-4fa4-a97d-d965ccfc6d4b" outcome="Passed" testListId="8c84fa94-04c1-424b-9868-57a2d4851a1d" relativeResultsDirectory="5b1531f2-35d0-44e8-9969-b5db2b65159c" />
    <UnitTestResult executionId="c7ef1c60-ad21-4f8a-99e1-b159d221fab3" testId="446a725f-2e1e-796f-6fb2-e4eb01084dc6" testName="FluxVault.Windows.Tests.MaintenanceExecutorTests.Missing_required_permissions_are_refused_before_storage(command: RunRestoreRehearsal, granted: ReadHistory)" computerName="OS008-HOME" duration="00:00:00.0004035" startTime="2026-10-04T18:03:26.0703486+03:00" endTime="2026-10-04T18:03:26.0703739+03:00" testType="13cdc9d9-ddb5-4fa4-a97d-d965ccfc6d4b" outcome="Passed" testListId="8c84fa94-04c1-424b-9868-57a2d4851a1d" relativeResultsDirectory="c7ef1c60-ad21-4f8a-99e1-b159d221fab3" />
    <UnitTestResult executionId="873732fe-da79-4270-9e0e-340ce54a25f3" testId="2082a727-54fc-baf4-1737-6042fcee0329" testName="FluxVault.Windows.Tests.MaintenanceExecutorTests.Supported_maintenance_commands_reach_the_protected_storage_boundary(command: PreviewMirrorRebalance)" computerName="OS008-HOME" duration="00:00:00.0002148" startTime="2026-10-04T18:03:26.0439721+03:00" endTime="2026-10-04T18:03:26.0440063+03:00" testType="13cdc9d9-ddb5-4fa4-a97d-d965ccfc6d4b" outcome="Passed" testListId="8c84fa94-04c1-424b-9868-57a2d4851a1d" relativeResultsDirectory="873732fe-da79-4270-9e0e-340ce54a25f3" />
    <UnitTestResult executionId="f5e5b78f-329e-435c-baf0-90a7f7ebb5af" testId="f4bd9387-6531-30c8-f4bb-08b6b050e029" testName="FluxVault.Windows.Tests.MaintenanceExecutorTests.Missing_required_permissions_are_refused_before_storage(command: RunRepositoryScrub, granted: ReadHistory)" computerName="OS008-HOME" duration="00:00:00.0001972" startTime="2026-10-04T18:03:26.0704202+03:00" endTime="2026-10-04T18:03:26.0704449+03:00" testType="13cdc9d9-ddb5-4fa4-a97d-d965ccfc6d4b" outcome="Passed" testListId="8c84fa94-04c1-424b-9868-57a2d4851a1d" relativeResultsDirectory="f5e5b78f-329e-435c-baf0-90a7f7ebb5af" />
    <UnitTestResult executionId="d03ba2c5-a563-4f5c-b64e-35494efd2617" testId="ae37322d-04d1-ed35-cf9f-57aba7e91e4d" testName="FluxVault.Windows.Tests.MaintenanceExecutorTests.Missing_required_permissions_are_refused_before_storage(command: RunRetentionNow, granted: Maintain)" computerName="OS008-HOME" duration="00:00:00.0001901" startTime="2026-10-04T18:03:26.0706297+03:00" endTime="2026-10-04T18:03:26.0706542+03:00" testType="13cdc9d9-ddb5-4fa4-a97d-d965ccfc6d4b" outcome="Passed" testListId="8c84fa94-04c1-424b-9868-57a2d4851a1d" relativeResultsDirectory="d03ba2c5-a563-4f5c-b64e-35494efd2617" />
    <UnitTestResult executionId="4cfb556c-079b-490e-bfe0-8b09304a6a12" testId="b2ae3246-bd16-b467-9b0c-dca032db7d23" testName="FluxVault.Windows.Tests.MaintenanceExecutorTests.Missing_required_permissions_are_refused_before_storage(command: GetRepositoryHealth, granted: Maintain)" computerName="OS008-HOME" duration="00:00:00.0001943" startTime="2026-10-04T18:03:26.0704911+03:00" endTime="2026-10-04T18:03:26.0705159+03:00" testType="13cdc9d9-ddb5-4fa4-a97d-d965ccfc6d4b" outcome="Passed" testListId="8c84fa94-04c1-424b-9868-57a2d4851a1d" relativeResultsDirectory="4cfb556c-079b-490e-bfe0-8b09304a6a12" />
    <UnitTestResult executionId="b9a5d737-cd5f-421f-8f02-585415b14cc2" testId="6883ae08-4275-af0c-78a7-ce82e290f9c0" testName="FluxVault.Windows.Tests.MaintenanceExecutorTests.Supported_maintenance_commands_reach_the_protected_storage_boundary(command: RunMirrorRebalance)" computerName="OS008-HOME" duration="00:00:00.0006611" startTime="2026-10-04T18:03:26.0429456+03:00" endTime="2026-10-04T18:03:26.0430060+03:00" testType="13cdc9d9-ddb5-4fa4-a97d-d965ccfc6d4b" outcome="Passed" testListId="8c84fa94-04c1-424b-9868-57a2d4851a1d" relativeResultsDirectory="b9a5d737-cd5f-421f-8f02-585415b14cc2" />
    <UnitTestResult executionId="b04dc325-6acf-474f-ac02-36a36797d018" testId="3e03fa7f-2dc4-0099-037e-56f8d1585328" testName="FluxVault.Windows.Tests.MaintenanceExecutorTests.Supported_maintenance_commands_reach_the_protected_storage_boundary(command: GetRepositoryHealth)" computerName="OS008-HOME" duration="00:00:00.0002462" startTime="2026-10-04T18:03:26.0441543+03:00" endTime="2026-10-04T18:03:26.0441875+03:00" testType="13cdc9d9-ddb5-4fa4-a97d-d965ccfc6d4b" outcome="Passed" testListId="8c84fa94-04c1-424b-9868-57a2d4851a1d" relativeResultsDirectory="b04dc325-6acf-474f-ac02-36a36797d018" />
    <UnitTestResult executionId="3fd0b59e-270b-4cba-af31-32348cc55920" testId="47bc3b8d-7213-1fb3-7d14-ba11cd2ffaeb" testName="FluxVault.Windows.Tests.MaintenanceExecutorTests.Missing_required_permissions_are_refused_before_storage(command: PreviewMirrorDrain, granted: Maintain)" computerName="OS008-HOME" duration="00:00:00.0019852" startTime="2026-10-04T18:03:26.0702643+03:00" endTime="2026-10-04T18:03:26.0702930+03:00" testType="13cdc9d9-ddb5-4fa4-a97d-d965ccfc6d4b" outcome="Passed" testListId="8c84fa94-04c1-424b-9868-57a2d4851a1d" relativeResultsDirectory="3fd0b59e-270b-4cba-af31-32348cc55920" />
    <UnitTestResult executionId="c3f88130-d833-4e7a-a1b3-6da70c46f79d" testId="3f91cde9-ea27-82b6-f4df-0cc8899e8149" testName="FluxVault.Windows.Tests.MaintenanceExecutorTests.Missing_required_permissions_are_refused_before_storage(command: RunMirrorDrain, granted: Maintain)" computerName="OS008-HOME" duration="00:00:00.0001876" startTime="2026-10-04T18:03:26.0707005+03:00" endTime="2026-10-04T18:03:26.0707242+03:00" testType="13cdc9d9-ddb5-4fa4-a97d-d965ccfc6d4b" outcome="Passed" testListId="8c84fa94-04c1-424b-9868-57a2d4851a1d" relativeResultsDirectory="c3f88130-d833-4e7a-a1b3-6da70c46f79d" />
    <UnitTestResult executionId="48d3c257-e27c-466e-9d4d-0db44a572394" testId="443d214f-0496-7570-090b-5b9eed0530f6" testName="FluxVault.Windows.Tests.MaintenanceExecutorTests.Supported_maintenance_commands_reach_the_protected_storage_boundary(command: PreviewMirrorRepair)" computerName="OS008-HOME" duration="00:00:00.0002408" startTime="2026-10-04T18:03:26.0438742+03:00" endTime="2026-10-04T18:03:26.0439098+03:00" testType="13cdc9d9-ddb5-4fa4-a97d-d965ccfc6d4b" outcome="Passed" testListId="8c84fa94-04c1-424b-9868-57a2d4851a1d" relativeResultsDirectory="48d3c257-e27c-466e-9d4d-0db44a572394" />
    <UnitTestResult executionId="e3bba564-e908-4408-bacf-1c59a0621467" testId="261dfaee-53b8-5b71-9f8c-d461d9bf1bec" testName="FluxVault.Windows.Tests.MaintenanceExecutorTests.Supported_maintenance_commands_reach_the_protected_storage_boundary(command: PreviewMirrorDrain)" computerName="OS008-HOME" duration="00:00:00.0002358" startTime="2026-10-04T18:03:26.0442412+03:00" endTime="2026-10-04T18:03:26.0442712+03:00" testType="13cdc9d9-ddb5-4fa4-a97d-d965ccfc6d4b" outcome="Passed" testListId="8c84fa94-04c1-424b-9868-57a2d4851a1d" relativeResultsDirectory="e3bba564-e908-4408-bacf-1c59a0621467" />
    <UnitTestResult executionId="d4762964-7898-4cdd-8f64-483db508084f" testId="747ffb07-eb8f-37e7-0ff6-4605f4d19667" testName="FluxVault.Windows.Tests.MaintenanceExecutorTests.Supported_maintenance_commands_reach_the_protected_storage_boundary(command: RunRepositoryScrub)" computerName="OS008-HOME" duration="00:00:00.0002258" startTime="2026-10-04T18:03:26.0691942+03:00" endTime="2026-10-04T18:03:26.0692399+03:00" testType="13cdc9d9-ddb5-4fa4-a97d-d965ccfc6d4b" outcome="Passed" testListId="8c84fa94-04c1-424b-9868-57a2d4851a1d" relativeResultsDirectory="d4762964-7898-4cdd-8f64-483db508084f" />
    <UnitTestResult executionId="f7a71b10-7de7-421d-99f6-6173d9bf4e86" testId="96ff8a11-0722-ed2c-02ed-fc8c5b360e11" testName="FluxVault.Windows.Tests.MaintenanceExecutorTests.Supported_maintenance_commands_reach_the_protected_storage_boundary(command: RunMirrorDrain)" computerName="OS008-HOME" duration="00:00:00.0002575" startTime="2026-10-04T18:03:26.0443254+03:00" endTime="2026-10-04T18:03:26.0443571+03:00" testType="13cdc9d9-ddb5-4fa4-a97d-d965ccfc6d4b" outcome="Passed" testListId="8c84fa94-04c1-424b-9868-57a2d4851a1d" relativeResultsDirectory="f7a71b10-7de7-421d-99f6-6173d9bf4e86" />
    <UnitTestResult executionId="02a3bbbc-2f39-4a03-b486-10a415a0f8a0" testId="451769d5-d29b-ba32-3e01-d8e96307b356" testName="FluxVault.Windows.Tests.MaintenanceExecutorTests.Supported_maintenance_commands_reach_the_protected_storage_boundary(command: PreviewRetention)" computerName="OS008-HOME" duration="00:00:00.0002728" startTime="2026-10-04T18:03:26.0437659+03:00" endTime="2026-10-04T18:03:26.0437997+03:00" testType="13cdc9d9-ddb5-4fa4-a97d-d965ccfc6d4b" outcome="Passed" testListId="8c84fa94-04c1-424b-9868-57a2d4851a1d" relativeResultsDirectory="02a3bbbc-2f39-4a03-b486-10a415a0f8a0" />
    <UnitTestResult executionId="af37d322-cbb7-422f-816b-d60fa9065a27" testId="8fb3a250-2c3e-8eb0-622d-94d520c6728a" testName="FluxVault.Windows.Tests.MaintenanceExecutorTests.Missing_required_permissions_are_refused_before_storage(command: RunMirrorRepair, granted: ReadHistory)" computerName="OS008-HOME" duration="00:00:00.0001821" startTime="2026-10-04T18:03:26.0705611+03:00" endTime="2026-10-04T18:03:26.0705851+03:00" testType="13cdc9d9-ddb5-4fa4-a97d-d965ccfc6d4b" outcome="Passed" testListId="8c84fa94-04c1-424b-9868-57a2d4851a1d" relativeResultsDirectory="af37d322-cbb7-422f-816b-d60fa9065a27" />
    <UnitTestResult executionId="a926905e-3111-4222-b3dd-bf80bc0ef7b0" testId="f2c0c91a-8d98-3ef0-0fae-950441fe00ec" testName="FluxVault.Windows.Tests.MaintenanceExecutorTests.Supported_maintenance_commands_reach_the_protected_storage_boundary(command: RunRetentionNow)" computerName="OS008-HOME" duration="00:00:00.0002105" startTime="2026-10-04T18:03:26.0694449+03:00" endTime="2026-10-04T18:03:26.0694727+03:00" testType="13cdc9d9-ddb5-4fa4-a97d-d965ccfc6d4b" outcome="Passed" testListId="8c84fa94-04c1-424b-9868-57a2d4851a1d" relativeResultsDirectory="a926905e-3111-4222-b3dd-bf80bc0ef7b0" />
    <UnitTestResult executionId="1803c08d-a562-486d-9906-000dd62a22b2" testId="c572648e-b721-3261-9c44-126dc2bbf42a" testName="FluxVault.Windows.Tests.MaintenanceExecutorTests.Supported_maintenance_commands_reach_the_protected_storage_boundary(command: RunRestoreRehearsal)" computerName="OS008-HOME" duration="00:00:00.0546265" startTime="2026-10-04T18:03:25.9733193+03:00" endTime="2026-10-04T18:03:26.0343191+03:00" testType="13cdc9d9-ddb5-4fa4-a97d-d965ccfc6d4b" outcome="Passed" testListId="8c84fa94-04c1-424b-9868-57a2d4851a1d" relativeResultsDirectory="1803c08d-a562-486d-9906-000dd62a22b2" />
    <UnitTestResult executionId="633ca0ad-922b-4101-a64e-e239129ea30b" testId="48df5ae6-18d8-2ce0-1e1b-6eefeff7c34f" testName="FluxVault.Windows.Tests.MaintenanceExecutorTests.Supported_maintenance_commands_reach_the_protected_storage_boundary(command: RunMirrorRepair)" computerName="OS008-HOME" duration="00:00:00.0002196" startTime="2026-10-04T18:03:26.0440642+03:00" endTime="2026-10-04T18:03:26.0440950+03:00" testType="13cdc9d9-ddb5-4fa4-a97d-d965ccfc6d4b" outcome="Passed" testListId="8c84fa94-04c1-424b-9868-57a2d4851a1d" relativeResultsDirectory="633ca0ad-922b-4101-a64e-e239129ea30b" />
  </Results>
  <TestDefinitions>
    <UnitTest name="FluxVault.Windows.Tests.MaintenanceExecutorTests.Missing_required_permissions_are_refused_before_storage(command: PreviewMirrorDrain, granted: Maintain)" storage="c:\users\os008\.codex\worktrees\fluxvault-next002-plan\fluxvault\tests\fluxvault.windows.tests\bin\debug\net10.0\fluxvault.windows.tests.dll" id="47bc3b8d-7213-1fb3-7d14-ba11cd2ffaeb">
      <Execution id="3fd0b59e-270b-4cba-af31-32348cc55920" />
      <TestMethod codeBase="C:\Users\os008\.codex\worktrees\fluxvault-next002-plan\FluxVault\tests\FluxVault.Windows.Tests\bin\Debug\net10.0\FluxVault.Windows.Tests.dll" adapterTypeName="executor://xunit/VsTestRunner3/netcore/" className="FluxVault.Windows.Tests.MaintenanceExecutorTests" name="Missing_required_permissions_are_refused_before_storage" />
    </UnitTest>
    <UnitTest name="FluxVault.Windows.Tests.MaintenanceExecutorTests.Supported_maintenance_commands_reach_the_protected_storage_boundary(command: RunRepositoryScrub)" storage="c:\users\os008\.codex\worktrees\fluxvault-next002-plan\fluxvault\tests\fluxvault.windows.tests\bin\debug\net10.0\fluxvault.windows.tests.dll" id="747ffb07-eb8f-37e7-0ff6-4605f4d19667">
      <Execution id="d4762964-7898-4cdd-8f64-483db508084f" />
      <TestMethod codeBase="C:\Users\os008\.codex\worktrees\fluxvault-next002-plan\FluxVault\tests\FluxVault.Windows.Tests\bin\Debug\net10.0\FluxVault.Windows.Tests.dll" adapterTypeName="executor://xunit/VsTestRunner3/netcore/" className="FluxVault.Windows.Tests.MaintenanceExecutorTests" name="Supported_maintenance_commands_reach_the_protected_storage_boundary" />
    </UnitTest>
    <UnitTest name="FluxVault.Windows.Tests.MaintenanceExecutorTests.Supported_maintenance_commands_reach_the_protected_storage_boundary(command: RunMirrorDrain)" storage="c:\users\os008\.codex\worktrees\fluxvault-next002-plan\fluxvault\tests\fluxvault.windows.tests\bin\debug\net10.0\fluxvault.windows.tests.dll" id="96ff8a11-0722-ed2c-02ed-fc8c5b360e11">
      <Execution id="f7a71b10-7de7-421d-99f6-6173d9bf4e86" />
      <TestMethod codeBase="C:\Users\os008\.codex\worktrees\fluxvault-next002-plan\FluxVault\tests\FluxVault.Windows.Tests\bin\Debug\net10.0\FluxVault.Windows.Tests.dll" adapterTypeName="executor://xunit/VsTestRunner3/netcore/" className="FluxVault.Windows.Tests.MaintenanceExecutorTests" name="Supported_maintenance_commands_reach_the_protected_storage_boundary" />
    </UnitTest>
    <UnitTest name="FluxVault.Windows.Tests.MaintenanceExecutorTests.Missing_required_permissions_are_refused_before_storage(command: RunMirrorRepair, granted: ReadHistory)" storage="c:\users\os008\.codex\worktrees\fluxvault-next002-plan\fluxvault\tests\fluxvault.windows.tests\bin\debug\net10.0\fluxvault.windows.tests.dll" id="8fb3a250-2c3e-8eb0-622d-94d520c6728a">
      <Execution id="af37d322-cbb7-422f-816b-d60fa9065a27" />
      <TestMethod codeBase="C:\Users\os008\.codex\worktrees\fluxvault-next002-plan\FluxVault\tests\FluxVault.Windows.Tests\bin\Debug\net10.0\FluxVault.Windows.Tests.dll" adapterTypeName="executor://xunit/VsTestRunner3/netcore/" className="FluxVault.Windows.Tests.MaintenanceExecutorTests" name="Missing_required_permissions_are_refused_before_storage" />
    </UnitTest>
    <UnitTest name="FluxVault.Windows.Tests.MaintenanceExecutorTests.Supported_maintenance_commands_reach_the_protected_storage_boundary(command: RunRestoreRehearsal)" storage="c:\users\os008\.codex\worktrees\fluxvault-next002-plan\fluxvault\tests\fluxvault.windows.tests\bin\debug\net10.0\fluxvault.windows.tests.dll" id="c572648e-b721-3261-9c44-126dc2bbf42a">
      <Execution id="1803c08d-a562-486d-9906-000dd62a22b2" />
      <TestMethod codeBase="C:\Users\os008\.codex\worktrees\fluxvault-next002-plan\FluxVault\tests\FluxVault.Windows.Tests\bin\Debug\net10.0\FluxVault.Windows.Tests.dll" adapterTypeName="executor://xunit/VsTestRunner3/netcore/" className="FluxVault.Windows.Tests.MaintenanceExecutorTests" name="Supported_maintenance_commands_reach_the_protected_storage_boundary" />
    </UnitTest>
    <UnitTest name="FluxVault.Windows.Tests.MaintenanceExecutorTests.Missing_required_permissions_are_refused_before_storage(command: RunMirrorDrain, granted: Maintain)" storage="c:\users\os008\.codex\worktrees\fluxvault-next002-plan\fluxvault\tests\fluxvault.windows.tests\bin\debug\net10.0\fluxvault.windows.tests.dll" id="3f91cde9-ea27-82b6-f4df-0cc8899e8149">
      <Execution id="c3f88130-d833-4e7a-a1b3-6da70c46f79d" />
      <TestMethod codeBase="C:\Users\os008\.codex\worktrees\fluxvault-next002-plan\FluxVault\tests\FluxVault.Windows.Tests\bin\Debug\net10.0\FluxVault.Windows.Tests.dll" adapterTypeName="executor://xunit/VsTestRunner3/netcore/" className="FluxVault.Windows.Tests.MaintenanceExecutorTests" name="Missing_required_permissions_are_refused_before_storage" />
    </UnitTest>
    <UnitTest name="FluxVault.Windows.Tests.MaintenanceExecutorTests.Supported_maintenance_commands_reach_the_protected_storage_boundary(command: PreviewMirrorRebalance)" storage="c:\users\os008\.codex\worktrees\fluxvault-next002-plan\fluxvault\tests\fluxvault.windows.tests\bin\debug\net10.0\fluxvault.windows.tests.dll" id="2082a727-54fc-baf4-1737-6042fcee0329">
      <Execution id="873732fe-da79-4270-9e0e-340ce54a25f3" />
      <TestMethod codeBase="C:\Users\os008\.codex\worktrees\fluxvault-next002-plan\FluxVault\tests\FluxVault.Windows.Tests\bin\Debug\net10.0\FluxVault.Windows.Tests.dll" adapterTypeName="executor://xunit/VsTestRunner3/netcore/" className="FluxVault.Windows.Tests.MaintenanceExecutorTests" name="Supported_maintenance_commands_reach_the_protected_storage_boundary" />
    </UnitTest>
    <UnitTest name="FluxVault.Windows.Tests.MaintenanceExecutorTests.Supported_maintenance_commands_reach_the_protected_storage_boundary(command: RunMirrorRebalance)" storage="c:\users\os008\.codex\worktrees\fluxvault-next002-plan\fluxvault\tests\fluxvault.windows.tests\bin\debug\net10.0\fluxvault.windows.tests.dll" id="6883ae08-4275-af0c-78a7-ce82e290f9c0">
      <Execution id="b9a5d737-cd5f-421f-8f02-585415b14cc2" />
      <TestMethod codeBase="C:\Users\os008\.codex\worktrees\fluxvault-next002-plan\FluxVault\tests\FluxVault.Windows.Tests\bin\Debug\net10.0\FluxVault.Windows.Tests.dll" adapterTypeName="executor://xunit/VsTestRunner3/netcore/" className="FluxVault.Windows.Tests.MaintenanceExecutorTests" name="Supported_maintenance_commands_reach_the_protected_storage_boundary" />
    </UnitTest>
    <UnitTest name="FluxVault.Windows.Tests.MaintenanceExecutorTests.Supported_maintenance_commands_reach_the_protected_storage_boundary(command: GetRepositoryHealth)" storage="c:\users\os008\.codex\worktrees\fluxvault-next002-plan\fluxvault\tests\fluxvault.windows.tests\bin\debug\net10.0\fluxvault.windows.tests.dll" id="3e03fa7f-2dc4-0099-037e-56f8d1585328">
      <Execution id="b04dc325-6acf-474f-ac02-36a36797d018" />
      <TestMethod codeBase="C:\Users\os008\.codex\worktrees\fluxvault-next002-plan\FluxVault\tests\FluxVault.Windows.Tests\bin\Debug\net10.0\FluxVault.Windows.Tests.dll" adapterTypeName="executor://xunit/VsTestRunner3/netcore/" className="FluxVault.Windows.Tests.MaintenanceExecutorTests" name="Supported_maintenance_commands_reach_the_protected_storage_boundary" />
    </UnitTest>
    <UnitTest name="FluxVault.Windows.Tests.MaintenanceExecutorTests.Supported_maintenance_commands_reach_the_protected_storage_boundary(command: PreviewMirrorDrain)" storage="c:\users\os008\.codex\worktrees\fluxvault-next002-plan\fluxvault\tests\fluxvault.windows.tests\bin\debug\net10.0\fluxvault.windows.tests.dll" id="261dfaee-53b8-5b71-9f8c-d461d9bf1bec">
      <Execution id="e3bba564-e908-4408-bacf-1c59a0621467" />
      <TestMethod codeBase="C:\Users\os008\.codex\worktrees\fluxvault-next002-plan\FluxVault\tests\FluxVault.Windows.Tests\bin\Debug\net10.0\FluxVault.Windows.Tests.dll" adapterTypeName="executor://xunit/VsTestRunner3/netcore/" className="FluxVault.Windows.Tests.MaintenanceExecutorTests" name="Supported_maintenance_commands_reach_the_protected_storage_boundary" />
    </UnitTest>
    <UnitTest name="FluxVault.Windows.Tests.MaintenanceExecutorTests.Supported_maintenance_commands_reach_the_protected_storage_boundary(command: PreviewMirrorRepair)" storage="c:\users\os008\.codex\worktrees\fluxvault-next002-plan\fluxvault\tests\fluxvault.windows.tests\bin\debug\net10.0\fluxvault.windows.tests.dll" id="443d214f-0496-7570-090b-5b9eed0530f6">
      <Execution id="48d3c257-e27c-466e-9d4d-0db44a572394" />
      <TestMethod codeBase="C:\Users\os008\.codex\worktrees\fluxvault-next002-plan\FluxVault\tests\FluxVault.Windows.Tests\bin\Debug\net10.0\FluxVault.Windows.Tests.dll" adapterTypeName="executor://xunit/VsTestRunner3/netcore/" className="FluxVault.Windows.Tests.MaintenanceExecutorTests" name="Supported_maintenance_commands_reach_the_protected_storage_boundary" />
    </UnitTest>
    <UnitTest name="FluxVault.Windows.Tests.MaintenanceExecutorTests.Supported_maintenance_commands_reach_the_protected_storage_boundary(command: PreviewRetention)" storage="c:\users\os008\.codex\worktrees\fluxvault-next002-plan\fluxvault\tests\fluxvault.windows.tests\bin\debug\net10.0\fluxvault.windows.tests.dll" id="451769d5-d29b-ba32-3e01-d8e96307b356">
      <Execution id="02a3bbbc-2f39-4a03-b486-10a415a0f8a0" />
      <TestMethod codeBase="C:\Users\os008\.codex\worktrees\fluxvault-next002-plan\FluxVault\tests\FluxVault.Windows.Tests\bin\Debug\net10.0\FluxVault.Windows.Tests.dll" adapterTypeName="executor://xunit/VsTestRunner3/netcore/" className="FluxVault.Windows.Tests.MaintenanceExecutorTests" name="Supported_maintenance_commands_reach_the_protected_storage_boundary" />
    </UnitTest>
    <UnitTest name="FluxVault.Windows.Tests.MaintenanceExecutorTests.Missing_required_permissions_are_refused_before_storage(command: RunRetentionNow, granted: Maintain)" storage="c:\users\os008\.codex\worktrees\fluxvault-next002-plan\fluxvault\tests\fluxvault.windows.tests\bin\debug\net10.0\fluxvault.windows.tests.dll" id="ae37322d-04d1-ed35-cf9f-57aba7e91e4d">
      <Execution id="d03ba2c5-a563-4f5c-b64e-35494efd2617" />
      <TestMethod codeBase="C:\Users\os008\.codex\worktrees\fluxvault-next002-plan\FluxVault\tests\FluxVault.Windows.Tests\bin\Debug\net10.0\FluxVault.Windows.Tests.dll" adapterTypeName="executor://xunit/VsTestRunner3/netcore/" className="FluxVault.Windows.Tests.MaintenanceExecutorTests" name="Missing_required_permissions_are_refused_before_storage" />
    </UnitTest>
    <UnitTest name="FluxVault.Windows.Tests.MaintenanceExecutorTests.Supported_maintenance_commands_reach_the_protected_storage_boundary(command: RunRetentionNow)" storage="c:\users\os008\.codex\worktrees\fluxvault-next002-plan\fluxvault\tests\fluxvault.windows.tests\bin\debug\net10.0\fluxvault.windows.tests.dll" id="f2c0c91a-8d98-3ef0-0fae-950441fe00ec">
      <Execution id="a926905e-3111-4222-b3dd-bf80bc0ef7b0" />
      <TestMethod codeBase="C:\Users\os008\.codex\worktrees\fluxvault-next002-plan\FluxVault\tests\FluxVault.Windows.Tests\bin\Debug\net10.0\FluxVault.Windows.Tests.dll" adapterTypeName="executor://xunit/VsTestRunner3/netcore/" className="FluxVault.Windows.Tests.MaintenanceExecutorTests" name="Supported_maintenance_commands_reach_the_protected_storage_boundary" />
    </UnitTest>
    <UnitTest name="FluxVault.Windows.Tests.MaintenanceExecutorTests.Missing_required_permissions_are_refused_before_storage(command: RunRestoreRehearsal, granted: ReadHistory)" storage="c:\users\os008\.codex\worktrees\fluxvault-next002-plan\fluxvault\tests\fluxvault.windows.tests\bin\debug\net10.0\fluxvault.windows.tests.dll" id="446a725f-2e1e-796f-6fb2-e4eb01084dc6">
      <Execution id="c7ef1c60-ad21-4f8a-99e1-b159d221fab3" />
      <TestMethod codeBase="C:\Users\os008\.codex\worktrees\fluxvault-next002-plan\FluxVault\tests\FluxVault.Windows.Tests\bin\Debug\net10.0\FluxVault.Windows.Tests.dll" adapterTypeName="executor://xunit/VsTestRunner3/netcore/" className="FluxVault.Windows.Tests.MaintenanceExecutorTests" name="Missing_required_permissions_are_refused_before_storage" />
    </UnitTest>
    <UnitTest name="FluxVault.Windows.Tests.MaintenanceExecutorTests.Missing_required_permissions_are_refused_before_storage(command: GetRepositoryHealth, granted: Maintain)" storage="c:\users\os008\.codex\worktrees\fluxvault-next002-plan\fluxvault\tests\fluxvault.windows.tests\bin\debug\net10.0\fluxvault.windows.tests.dll" id="b2ae3246-bd16-b467-9b0c-dca032db7d23">
      <Execution id="4cfb556c-079b-490e-bfe0-8b09304a6a12" />
      <TestMethod codeBase="C:\Users\os008\.codex\worktrees\fluxvault-next002-plan\FluxVault\tests\FluxVault.Windows.Tests\bin\Debug\net10.0\FluxVault.Windows.Tests.dll" adapterTypeName="executor://xunit/VsTestRunner3/netcore/" className="FluxVault.Windows.Tests.MaintenanceExecutorTests" name="Missing_required_permissions_are_refused_before_storage" />
    </UnitTest>
    <UnitTest name="FluxVault.Windows.Tests.MaintenanceExecutorTests.Missing_required_permissions_are_refused_before_storage(command: RunMirrorRebalance, granted: ReadHistory)" storage="c:\users\os008\.codex\worktrees\fluxvault-next002-plan\fluxvault\tests\fluxvault.windows.tests\bin\debug\net10.0\fluxvault.windows.tests.dll" id="22e342c9-912f-efa6-7d4f-86c8dc4158de">
      <Execution id="5b1531f2-35d0-44e8-9969-b5db2b65159c" />
      <TestMethod codeBase="C:\Users\os008\.codex\worktrees\fluxvault-next002-plan\FluxVault\tests\FluxVault.Windows.Tests\bin\Debug\net10.0\FluxVault.Windows.Tests.dll" adapterTypeName="executor://xunit/VsTestRunner3/netcore/" className="FluxVault.Windows.Tests.MaintenanceExecutorTests" name="Missing_required_permissions_are_refused_before_storage" />
    </UnitTest>
    <UnitTest name="FluxVault.Windows.Tests.MaintenanceExecutorTests.Missing_required_permissions_are_refused_before_storage(command: RunRepositoryScrub, granted: ReadHistory)" storage="c:\users\os008\.codex\worktrees\fluxvault-next002-plan\fluxvault\tests\fluxvault.windows.tests\bin\debug\net10.0\fluxvault.windows.tests.dll" id="f4bd9387-6531-30c8-f4bb-08b6b050e029">
      <Execution id="f5e5b78f-329e-435c-baf0-90a7f7ebb5af" />
      <TestMethod codeBase="C:\Users\os008\.codex\worktrees\fluxvault-next002-plan\FluxVault\tests\FluxVault.Windows.Tests\bin\Debug\net10.0\FluxVault.Windows.Tests.dll" adapterTypeName="executor://xunit/VsTestRunner3/netcore/" className="FluxVault.Windows.Tests.MaintenanceExecutorTests" name="Missing_required_permissions_are_refused_before_storage" />
    </UnitTest>
    <UnitTest name="FluxVault.Windows.Tests.MaintenanceExecutorTests.Supported_maintenance_commands_reach_the_protected_storage_boundary(command: RunMirrorRepair)" storage="c:\users\os008\.codex\worktrees\fluxvault-next002-plan\fluxvault\tests\fluxvault.windows.tests\bin\debug\net10.0\fluxvault.windows.tests.dll" id="48df5ae6-18d8-2ce0-1e1b-6eefeff7c34f">
      <Execution id="633ca0ad-922b-4101-a64e-e239129ea30b" />
      <TestMethod codeBase="C:\Users\os008\.codex\worktrees\fluxvault-next002-plan\FluxVault\tests\FluxVault.Windows.Tests\bin\Debug\net10.0\FluxVault.Windows.Tests.dll" adapterTypeName="executor://xunit/VsTestRunner3/netcore/" className="FluxVault.Windows.Tests.MaintenanceExecutorTests" name="Supported_maintenance_commands_reach_the_protected_storage_boundary" />
    </UnitTest>
  </TestDefinitions>
  <TestEntries>
    <TestEntry testId="22e342c9-912f-efa6-7d4f-86c8dc4158de" executionId="5b1531f2-35d0-44e8-9969-b5db2b65159c" testListId="8c84fa94-04c1-424b-9868-57a2d4851a1d" />
    <TestEntry testId="446a725f-2e1e-796f-6fb2-e4eb01084dc6" executionId="c7ef1c60-ad21-4f8a-99e1-b159d221fab3" testListId="8c84fa94-04c1-424b-9868-57a2d4851a1d" />
    <TestEntry testId="2082a727-54fc-baf4-1737-6042fcee0329" executionId="873732fe-da79-4270-9e0e-340ce54a25f3" testListId="8c84fa94-04c1-424b-9868-57a2d4851a1d" />
    <TestEntry testId="f4bd9387-6531-30c8-f4bb-08b6b050e029" executionId="f5e5b78f-329e-435c-baf0-90a7f7ebb5af" testListId="8c84fa94-04c1-424b-9868-57a2d4851a1d" />
    <TestEntry testId="ae37322d-04d1-ed35-cf9f-57aba7e91e4d" executionId="d03ba2c5-a563-4f5c-b64e-35494efd2617" testListId="8c84fa94-04c1-424b-9868-57a2d4851a1d" />
    <TestEntry testId="b2ae3246-bd16-b467-9b0c-dca032db7d23" executionId="4cfb556c-079b-490e-bfe0-8b09304a6a12" testListId="8c84fa94-04c1-424b-9868-57a2d4851a1d" />
    <TestEntry testId="6883ae08-4275-af0c-78a7-ce82e290f9c0" executionId="b9a5d737-cd5f-421f-8f02-585415b14cc2" testListId="8c84fa94-04c1-424b-9868-57a2d4851a1d" />
    <TestEntry testId="3e03fa7f-2dc4-0099-037e-56f8d1585328" executionId="b04dc325-6acf-474f-ac02-36a36797d018" testListId="8c84fa94-04c1-424b-9868-57a2d4851a1d" />
    <TestEntry testId="47bc3b8d-7213-1fb3-7d14-ba11cd2ffaeb" executionId="3fd0b59e-270b-4cba-af31-32348cc55920" testListId="8c84fa94-04c1-424b-9868-57a2d4851a1d" />
    <TestEntry testId="3f91cde9-ea27-82b6-f4df-0cc8899e8149" executionId="c3f88130-d833-4e7a-a1b3-6da70c46f79d" testListId="8c84fa94-04c1-424b-9868-57a2d4851a1d" />
    <TestEntry testId="443d214f-0496-7570-090b-5b9eed0530f6" executionId="48d3c257-e27c-466e-9d4d-0db44a572394" testListId="8c84fa94-04c1-424b-9868-57a2d4851a1d" />
    <TestEntry testId="261dfaee-53b8-5b71-9f8c-d461d9bf1bec" executionId="e3bba564-e908-4408-bacf-1c59a0621467" testListId="8c84fa94-04c1-424b-9868-57a2d4851a1d" />
    <TestEntry testId="747ffb07-eb8f-37e7-0ff6-4605f4d19667" executionId="d4762964-7898-4cdd-8f64-483db508084f" testListId="8c84fa94-04c1-424b-9868-57a2d4851a1d" />
    <TestEntry testId="96ff8a11-0722-ed2c-02ed-fc8c5b360e11" executionId="f7a71b10-7de7-421d-99f6-6173d9bf4e86" testListId="8c84fa94-04c1-424b-9868-57a2d4851a1d" />
    <TestEntry testId="451769d5-d29b-ba32-3e01-d8e96307b356" executionId="02a3bbbc-2f39-4a03-b486-10a415a0f8a0" testListId="8c84fa94-04c1-424b-9868-57a2d4851a1d" />
    <TestEntry testId="8fb3a250-2c3e-8eb0-622d-94d520c6728a" executionId="af37d322-cbb7-422f-816b-d60fa9065a27" testListId="8c84fa94-04c1-424b-9868-57a2d4851a1d" />
    <TestEntry testId="f2c0c91a-8d98-3ef0-0fae-950441fe00ec" executionId="a926905e-3111-4222-b3dd-bf80bc0ef7b0" testListId="8c84fa94-04c1-424b-9868-57a2d4851a1d" />
    <TestEntry testId="c572648e-b721-3261-9c44-126dc2bbf42a" executionId="1803c08d-a562-486d-9906-000dd62a22b2" testListId="8c84fa94-04c1-424b-9868-57a2d4851a1d" />
    <TestEntry testId="48df5ae6-18d8-2ce0-1e1b-6eefeff7c34f" executionId="633ca0ad-922b-4101-a64e-e239129ea30b" testListId="8c84fa94-04c1-424b-9868-57a2d4851a1d" />
  </TestEntries>
  <TestLists>
    <TestList name="Results Not in a List" id="8c84fa94-04c1-424b-9868-57a2d4851a1d" />
    <TestList name="All Loaded Results" id="19431567-8539-422a-85d7-44ee4e166bda" />
  </TestLists>
  <ResultSummary outcome="Completed">
    <Counters total="19" executed="19" passed="19" failed="0" error="0" timeout="0" aborted="0" inconclusive="0" passedButRunAborted="0" notRunnable="0" notExecuted="0" disconnected="0" warning="0" completed="0" inProgress="0" pending="0" />
    <Output>
      <StdOut>[xUnit.net 00:00:00.00] xUnit.net VSTest Adapter v3.1.4+50e68bbb8b (64-bit .NET 10.0.12)&#xD;
[xUnit.net 00:00:00.08]   Discovering: FluxVault.Windows.Tests&#xD;
[xUnit.net 00:00:00.14]   Discovered:  FluxVault.Windows.Tests&#xD;
[xUnit.net 00:00:00.17]   Starting:    FluxVault.Windows.Tests&#xD;
[xUnit.net 00:00:00.29]   Finished:    FluxVault.Windows.Tests&#xD;
</StdOut>
    </Output>
  </ResultSummary>
</TestRun>