[12736]  LOG:  starting PostgreSQL 18.6 on x86_64-windows, compiled by msvc-19.44.35228, 64-bit
[12736]  LOG:  listening on IPv4 address "127.0.0.1", port 59869
[12736]  LOG:  listening on IPv6 address "::1", port 59869
[56264]  LOG:  database system was shut down at 2026-10-04 05:54:49 EEST
[12736]  LOG:  database system is ready to accept connections
[11204] [unknown] LOG:  connection received: host=127.0.0.1 port=59874
[11204] [unknown] LOG:  connection authenticated: identity="fv_gate_bootstrap" method=scram-sha-256 (C:/ProgramData/FluxVault.Tests/NEXT002/4a0b183e61ef4827aab5fad1311e5bd7/data/pg_hba.conf:1)
[11204] [unknown] LOG:  connection authorized: user=fv_gate_bootstrap database=postgres application_name=psql
[11204] psql LOG:  connection ready: setup total=41.547 ms, fork=18.127 ms, authentication=10.198 ms
[12736]  LOG:  received SIGHUP, reloading configuration files
[41496] [unknown] LOG:  connection received: host=127.0.0.1 port=59880
[41496] [unknown] LOG:  connection authenticated: identity="NT AUTHORITY\SYSTEM" method=sspi (C:/ProgramData/FluxVault.Tests/NEXT002/4a0b183e61ef4827aab5fad1311e5bd7/data/pg_hba.conf:1)
[41496] [unknown] LOG:  no match in usermap "fv_gate_system" for user "fv_gate_service" authenticated as "SYSTEM@NT AUTHORITY"
[41496] [unknown] FATAL:  SSPI authentication failed for user "fv_gate_service"
[41496] [unknown] DETAIL:  Connection matched file "C:/ProgramData/FluxVault.Tests/NEXT002/4a0b183e61ef4827aab5fad1311e5bd7/data/pg_hba.conf" line 1: "host fv_gate_261003 fv_gate_service 127.0.0.1/32 sspi map=fv_gate_system include_realm=1"
[44084] [unknown] LOG:  connection received: host=127.0.0.1 port=59881
[44084] [unknown] LOG:  connection authenticated: identity="NT AUTHORITY\SYSTEM" method=sspi (C:/ProgramData/FluxVault.Tests/NEXT002/4a0b183e61ef4827aab5fad1311e5bd7/data/pg_hba.conf:1)
[44084] [unknown] LOG:  no match in usermap "fv_gate_system" for user "fv_gate_service" authenticated as "SYSTEM@NT AUTHORITY"
[44084] [unknown] FATAL:  SSPI authentication failed for user "fv_gate_service"
[44084] [unknown] DETAIL:  Connection matched file "C:/ProgramData/FluxVault.Tests/NEXT002/4a0b183e61ef4827aab5fad1311e5bd7/data/pg_hba.conf" line 1: "host fv_gate_261003 fv_gate_service 127.0.0.1/32 sspi map=fv_gate_system include_realm=1"
[53960] [unknown] LOG:  connection received: host=127.0.0.1 port=59885
[53960] [unknown] LOG:  connection authenticated: identity="NT AUTHORITY\SYSTEM" method=sspi (C:/ProgramData/FluxVault.Tests/NEXT002/4a0b183e61ef4827aab5fad1311e5bd7/data/pg_hba.conf:1)
[53960] [unknown] LOG:  no match in usermap "fv_gate_system" for user "fv_gate_service" authenticated as "SYSTEM@NT AUTHORITY"
[53960] [unknown] FATAL:  SSPI authentication failed for user "fv_gate_service"
[53960] [unknown] DETAIL:  Connection matched file "C:/ProgramData/FluxVault.Tests/NEXT002/4a0b183e61ef4827aab5fad1311e5bd7/data/pg_hba.conf" line 1: "host fv_gate_261003 fv_gate_service 127.0.0.1/32 sspi map=fv_gate_system include_realm=1"
[7112] [unknown] LOG:  connection received: host=::1 port=59887
[7112] [unknown] LOG:  connection authenticated: identity="NT AUTHORITY\SYSTEM" method=sspi (C:/ProgramData/FluxVault.Tests/NEXT002/4a0b183e61ef4827aab5fad1311e5bd7/data/pg_hba.conf:2)
[7112] [unknown] LOG:  no match in usermap "fv_gate_system" for user "fv_gate_service" authenticated as "SYSTEM@NT AUTHORITY"
[7112] [unknown] FATAL:  SSPI authentication failed for user "fv_gate_service"
[7112] [unknown] DETAIL:  Connection matched file "C:/ProgramData/FluxVault.Tests/NEXT002/4a0b183e61ef4827aab5fad1311e5bd7/data/pg_hba.conf" line 2: "host fv_gate_261003 fv_gate_service ::1/128 sspi map=fv_gate_system include_realm=1"
[17808] [unknown] LOG:  connection received: host=::1 port=59888
[17808] [unknown] LOG:  connection authenticated: identity="NT AUTHORITY\SYSTEM" method=sspi (C:/ProgramData/FluxVault.Tests/NEXT002/4a0b183e61ef4827aab5fad1311e5bd7/data/pg_hba.conf:2)
[17808] [unknown] LOG:  no match in usermap "fv_gate_system" for user "fv_gate_service" authenticated as "SYSTEM@NT AUTHORITY"
[17808] [unknown] FATAL:  SSPI authentication failed for user "fv_gate_service"
[17808] [unknown] DETAIL:  Connection matched file "C:/ProgramData/FluxVault.Tests/NEXT002/4a0b183e61ef4827aab5fad1311e5bd7/data/pg_hba.conf" line 2: "host fv_gate_261003 fv_gate_service ::1/128 sspi map=fv_gate_system include_realm=1"
[18340] [unknown] LOG:  connection received: host=::1 port=59891
[18340] [unknown] LOG:  connection authenticated: identity="NT AUTHORITY\SYSTEM" method=sspi (C:/ProgramData/FluxVault.Tests/NEXT002/4a0b183e61ef4827aab5fad1311e5bd7/data/pg_hba.conf:2)
[18340] [unknown] LOG:  no match in usermap "fv_gate_system" for user "fv_gate_service" authenticated as "SYSTEM@NT AUTHORITY"
[18340] [unknown] FATAL:  SSPI authentication failed for user "fv_gate_service"
[18340] [unknown] DETAIL:  Connection matched file "C:/ProgramData/FluxVault.Tests/NEXT002/4a0b183e61ef4827aab5fad1311e5bd7/data/pg_hba.conf" line 2: "host fv_gate_261003 fv_gate_service ::1/128 sspi map=fv_gate_system include_realm=1"
[12736]  LOG:  received SIGHUP, reloading configuration files
[49228] [unknown] LOG:  connection received: host=127.0.0.1 port=59909
[49228] [unknown] LOG:  connection authenticated: identity="NT AUTHORITY\SYSTEM" method=sspi (C:/ProgramData/FluxVault.Tests/NEXT002/4a0b183e61ef4827aab5fad1311e5bd7/data/pg_hba.conf:1)
[49228] [unknown] LOG:  connection authorized: user=fv_gate_service database=fv_gate_261003 application_name=FVGate.2ecb6cefc81342acbef29e523e7c8928.System
[49228] FVGate.2ecb6cefc81342acbef29e523e7c8928.System LOG:  connection ready: setup total=41.750 ms, fork=18.305 ms, authentication=7.603 ms
[34080] [unknown] LOG:  connection received: host=127.0.0.1 port=59910
[34080] [unknown] LOG:  connection authenticated: identity="NT AUTHORITY\SYSTEM" method=sspi (C:/ProgramData/FluxVault.Tests/NEXT002/4a0b183e61ef4827aab5fad1311e5bd7/data/pg_hba.conf:1)
[34080] [unknown] LOG:  connection authorized: user=fv_gate_service database=fv_gate_261003 application_name=FVGate.2ecb6cefc81342acbef29e523e7c8928.System
[34080] FVGate.2ecb6cefc81342acbef29e523e7c8928.System LOG:  connection ready: setup total=29.699 ms, fork=17.975 ms, authentication=3.665 ms
[12736]  LOG:  received fast shutdown request
[12736]  LOG:  aborting any active transactions
[12736]  LOG:  background worker "logical replication launcher" (PID 39768) exited with exit code 1
[50396]  LOG:  shutting down
[50396]  LOG:  checkpoint starting: shutdown immediate
[50396]  LOG:  checkpoint complete: wrote 994 buffers (24.3%), wrote 3 SLRU buffers; 0 WAL file(s) added, 0 removed, 0 recycled; write=0.026 s, sync=0.263 s, total=0.295 s; sync files=310, longest=0.005 s, average=0.001 s; distance=4677 kB, estimate=4677 kB; lsn=0/1C84C58, redo lsn=0/1C84C58
[12736]  LOG:  database system is shut down
