The files belonging to this database system will be owned by user "os008".
This user must also own the server process.

The database cluster will be initialized with locale "C".
The default text search configuration will be set to "english".

Data page checksums are enabled.

creating directory E:/Temp/AppData/Local/Temp/FluxVault.Integrity.PostgreSql/88cecb13b3b746c4b7a7a7ef7746baa3/data ... ok
creating subdirectories ... ok
selecting dynamic shared memory implementation ... windows
selecting default "max_connections" ... 100
selecting default "shared_buffers" ... 128MB
selecting default time zone ... Africa/Cairo
creating configuration files ... ok
running bootstrap script ... ok
performing post-bootstrap initialization ... ok
syncing data to disk ... ok

Success. You can now start the database server using:

    ^"D^:^\Program^ Files^\PostgreSQL^\18^\bin^\pg^_ctl^" -D ^"E^:^\Temp^\AppData^\Local^\Temp^\FluxVault^.Integrity^.PostgreSql^\88cecb13b3b746c4b7a7a7ef7746baa3^\data^" -l logfile start

CREATE DATABASE
Native UI fixture: E:\Temp\AppData\Local\Temp\FluxVault.Integrity.PostgreSql\88cecb13b3b746c4b7a7a7ef7746baa3
waiting for server to shut down.... done
server stopped
Integrity test evidence: E:\Temp\AppData\Local\Temp\FluxVault.Integrity.PostgreSql\88cecb13b3b746c4b7a7a7ef7746baa3
