server signaled
server signaled
CREATE ROLE
server signaled
FluxVault configuration updated: E:\Temp\AppData\Local\Temp\FluxVault.Integrity.PostgreSql\88cecb13b3b746c4b7a7a7ef7746baa3\setup-program-data\config.json
 ?column?
----------
        1
(1 row)

Metadata store: localhost:60357/fv_setup_8342ecdf47294a1aa2a1eb724c16f6f3
Schema initialized: True
Schema version: 1
Pending outbox: 0
Oldest unexported UTC: (none)
Export lag exceeded: False
server signaled
 ?column?
----------
        1
(1 row)

FluxVault PostgreSQL metadata store is ready.
Original authentication configuration retained for rollback: E:\Temp\AppData\Local\Temp\FluxVault.Integrity.PostgreSql\88cecb13b3b746c4b7a7a7ef7746baa3\data\pg_hba.conf.fluxvault.0220f95cfdbf4034bc49259a054a2f65.bak
Run the app or start the service. Developer service install: eng\install-service.ps1
server signaled
server signaled
server signaled
server signaled
server signaled
