[60100]  LOG:  starting PostgreSQL 18.6 on x86_64-windows, compiled by msvc-19.44.35228, 64-bit
[60100]  LOG:  listening on IPv4 address "127.0.0.1", port 58273
[60100]  LOG:  listening on IPv6 address "::1", port 58273
[3512]  LOG:  database system was shut down at 2026-10-05 12:03:13 EEST
[60100]  LOG:  database system is ready to accept connections
[43356] [unknown] LOG:  connection received: host=127.0.0.1 port=58281
[43356] [unknown] LOG:  connection authenticated: identity="fv_gate_bootstrap" method=scram-sha-256 (C:/ProgramData/FluxVault.Tests/NEXT002/87d0b87935a1469d88c7f6d27d3d794d/data/pg_hba.conf:126)
[43356] [unknown] LOG:  connection authorized: user=fv_gate_bootstrap database=postgres application_name=psql
[43356] psql LOG:  connection ready: setup total=45.835 ms, fork=20.273 ms, authentication=11.032 ms
[46604] [unknown] LOG:  connection received: host=127.0.0.1 port=58284
[46604] [unknown] LOG:  connection authenticated: identity="fv_gate_bootstrap" method=scram-sha-256 (C:/ProgramData/FluxVault.Tests/NEXT002/87d0b87935a1469d88c7f6d27d3d794d/data/pg_hba.conf:134)
[46604] [unknown] LOG:  connection authorized: user=fv_gate_bootstrap database=postgres application_name=psql
[46604] psql LOG:  connection ready: setup total=39.887 ms, fork=19.771 ms, authentication=10.881 ms
[3332] [unknown] LOG:  connection received: host=127.0.0.1 port=58286
[3332] [unknown] LOG:  connection authenticated: identity="fv_gate_bootstrap" method=scram-sha-256 (C:/ProgramData/FluxVault.Tests/NEXT002/87d0b87935a1469d88c7f6d27d3d794d/data/pg_hba.conf:134)
[3332] [unknown] LOG:  connection authorized: user=fv_gate_bootstrap database=postgres application_name=psql
[3332] psql LOG:  connection ready: setup total=38.950 ms, fork=18.971 ms, authentication=11.151 ms
[35824] [unknown] LOG:  connection received: host=127.0.0.1 port=58288
[35824] [unknown] LOG:  connection authenticated: identity="fv_gate_bootstrap" method=scram-sha-256 (C:/ProgramData/FluxVault.Tests/NEXT002/87d0b87935a1469d88c7f6d27d3d794d/data/pg_hba.conf:1)
[35824] [unknown] LOG:  connection authorized: user=fv_gate_bootstrap database=postgres application_name=psql
[35824] psql LOG:  connection ready: setup total=36.835 ms, fork=18.494 ms, authentication=10.177 ms
[60100]  LOG:  received SIGHUP, reloading configuration files
[60100]  LOG:  received fast shutdown request
[60100]  LOG:  aborting any active transactions
[60100]  LOG:  background worker "logical replication launcher" (PID 44228) exited with exit code 1
[38060]  LOG:  shutting down
[38060]  LOG:  checkpoint starting: shutdown immediate
[38060]  LOG:  checkpoint complete: wrote 4 buffers (0.1%), wrote 3 SLRU buffers; 0 WAL file(s) added, 0 removed, 0 recycled; write=0.002 s, sync=0.006 s, total=0.016 s; sync files=6, longest=0.002 s, average=0.001 s; distance=12 kB, estimate=12 kB; lsn=0/17F6558, redo lsn=0/17F6558
[60100]  LOG:  database system is shut down
