<?xml version="1.0" encoding="utf-8"?>
<TestRun id="f9456ade-bc2e-4561-af1e-e9ed99bccfed" name="os008@OS008-HOME 2026-10-04 09:46:06" runUser="OS008-HOME\os008" xmlns="http://microsoft.com/schemas/VisualStudio/TeamTest/2010">
  <Times creation="2026-10-04T09:46:06.8082499+03:00" queuing="2026-10-04T09:46:06.8082501+03:00" start="2026-10-04T09:46:06.1707937+03:00" finish="2026-10-04T09:46:07.4084342+03:00" />
  <TestSettings name="default" id="0ba052a3-ccf7-4039-b726-1ece35d707a8">
    <Deployment runDeploymentRoot="os008_OS008-HOME_2026-10-04_09_46_06" />
  </TestSettings>
  <Results>
    <UnitTestResult executionId="e8d52b45-9592-415d-acf5-f611cef1dc7c" testId="cc9e6c26-9643-31e4-4a8a-b4207afb6830" testName="FluxVault.Windows.Tests.WindowsDirectoryBatchTests.Native_absence_classification_preserves_status_instead_of_translated_error(status: 3221225539, missing: False)" computerName="OS008-HOME" duration="00:00:00.0000041" startTime="2026-10-04T09:46:06.7852938+03:00" endTime="2026-10-04T09:46:06.7853299+03:00" testType="13cdc9d9-ddb5-4fa4-a97d-d965ccfc6d4b" outcome="Passed" testListId="8c84fa94-04c1-424b-9868-57a2d4851a1d" relativeResultsDirectory="e8d52b45-9592-415d-acf5-f611cef1dc7c" />
    <UnitTestResult executionId="5cc88efe-16ab-4a02-a0f5-8ba15f179055" testId="f2366844-9ccc-0211-9d33-2de08034b71a" testName="FluxVault.Windows.Tests.WindowsCallerSourceTests.Source_handle_retains_parent_identity_until_disposed" computerName="OS008-HOME" duration="00:00:00.0054998" startTime="2026-10-04T09:46:06.8649194+03:00" endTime="2026-10-04T09:46:06.8705727+03:00" testType="13cdc9d9-ddb5-4fa4-a97d-d965ccfc6d4b" outcome="Passed" testListId="8c84fa94-04c1-424b-9868-57a2d4851a1d" relativeResultsDirectory="5cc88efe-16ab-4a02-a0f5-8ba15f179055" />
    <UnitTestResult executionId="b3efd7b9-db26-46ef-a842-2982cf694d03" testId="11d5a462-c6c2-e385-da0c-d11a649beb76" testName="FluxVault.Windows.Tests.WindowsProtectionSourceTests.Lazy_scan_pins_the_directory_until_disposal_and_releases_it_after_cancellation" computerName="OS008-HOME" duration="00:00:00.0437278" startTime="2026-10-04T09:46:06.7366628+03:00" endTime="2026-10-04T09:46:06.7871859+03:00" testType="13cdc9d9-ddb5-4fa4-a97d-d965ccfc6d4b" outcome="Passed" testListId="8c84fa94-04c1-424b-9868-57a2d4851a1d" relativeResultsDirectory="b3efd7b9-db26-46ef-a842-2982cf694d03" />
    <UnitTestResult executionId="195ab011-e80d-48ea-ac71-b543ba76d5cd" testId="c882a0e6-1992-e8d9-387a-f36d9f9cfabe" testName="FluxVault.Windows.Tests.WindowsCallerSourceTests.Ordinary_case_variant_resolves_the_same_selected_root" computerName="OS008-HOME" duration="00:00:00.0067608" startTime="2026-10-04T09:46:06.8326650+03:00" endTime="2026-10-04T09:46:06.8395515+03:00" testType="13cdc9d9-ddb5-4fa4-a97d-d965ccfc6d4b" outcome="Passed" testListId="8c84fa94-04c1-424b-9868-57a2d4851a1d" relativeResultsDirectory="195ab011-e80d-48ea-ac71-b543ba76d5cd" />
    <UnitTestResult executionId="99dee132-08f4-48a6-9047-53a3c2768dcd" testId="0b68dd6e-4ae7-db0c-d159-1539d983c909" testName="FluxVault.Windows.Tests.WindowsDirectoryBatchTests.Truncated_or_invalid_record_is_a_failed_scan(defect: &quot;offset&quot;)" computerName="OS008-HOME" duration="00:00:00.0000064" startTime="2026-10-04T09:46:06.7590747+03:00" endTime="2026-10-04T09:46:06.7591349+03:00" testType="13cdc9d9-ddb5-4fa4-a97d-d965ccfc6d4b" outcome="Passed" testListId="8c84fa94-04c1-424b-9868-57a2d4851a1d" relativeResultsDirectory="99dee132-08f4-48a6-9047-53a3c2768dcd" />
    <UnitTestResult executionId="42d2b8e2-8e18-4402-945e-0dee33a2eaf7" testId="9b4e830e-becc-d56b-8505-d32a42a741bc" testName="FluxVault.Windows.Tests.WindowsCallerSourceTests.Replaced_leaf_is_opened_without_following_its_new_reparse_target" computerName="OS008-HOME" duration="00:00:00.0059873" startTime="2026-10-04T09:46:06.8707115+03:00" endTime="2026-10-04T09:46:06.8768363+03:00" testType="13cdc9d9-ddb5-4fa4-a97d-d965ccfc6d4b" outcome="Passed" testListId="8c84fa94-04c1-424b-9868-57a2d4851a1d" relativeResultsDirectory="42d2b8e2-8e18-4402-945e-0dee33a2eaf7" />
    <UnitTestResult executionId="379ac8f6-9e46-4536-b9a4-6762bef2f9a8" testId="620bdb48-b707-f60a-a140-cb1184bf3d72" testName="FluxVault.Windows.Tests.WindowsDirectoryBatchTests.Truncated_or_invalid_record_is_a_failed_scan(defect: &quot;alignment&quot;)" computerName="OS008-HOME" duration="00:00:00.0000110" startTime="2026-10-04T09:46:06.7576333+03:00" endTime="2026-10-04T09:46:06.7576732+03:00" testType="13cdc9d9-ddb5-4fa4-a97d-d965ccfc6d4b" outcome="Passed" testListId="8c84fa94-04c1-424b-9868-57a2d4851a1d" relativeResultsDirectory="379ac8f6-9e46-4536-b9a4-6762bef2f9a8" />
    <UnitTestResult executionId="18ddbf43-edc8-4509-9aa3-02196a93e016" testId="aa2f2692-7502-7a1c-f5d9-26ec903614e4" testName="FluxVault.Windows.Tests.WindowsDirectoryBatchTests.Complete_batch_preserves_names_and_skips_only_dot_entries" computerName="OS008-HOME" duration="00:00:00.0047616" startTime="2026-10-04T09:46:06.7856013+03:00" endTime="2026-10-04T09:46:06.7856391+03:00" testType="13cdc9d9-ddb5-4fa4-a97d-d965ccfc6d4b" outcome="Passed" testListId="8c84fa94-04c1-424b-9868-57a2d4851a1d" relativeResultsDirectory="18ddbf43-edc8-4509-9aa3-02196a93e016" />
    <UnitTestResult executionId="1015e380-171d-4b38-a902-0a711de3ee75" testId="620f56af-d5e0-d950-5af0-e6c0b783cb8b" testName="FluxVault.Windows.Tests.WindowsDirectoryBatchTests.Native_absence_classification_preserves_status_instead_of_translated_error(status: 3221225524, missing: True)" computerName="OS008-HOME" duration="00:00:00.0002127" startTime="2026-10-04T09:46:06.7849477+03:00" endTime="2026-10-04T09:46:06.7849920+03:00" testType="13cdc9d9-ddb5-4fa4-a97d-d965ccfc6d4b" outcome="Passed" testListId="8c84fa94-04c1-424b-9868-57a2d4851a1d" relativeResultsDirectory="1015e380-171d-4b38-a902-0a711de3ee75" />
    <UnitTestResult executionId="ed7d1ae1-6e94-41d2-bf00-b4cb73d63dbf" testId="448b9fa2-82e9-6a5f-2b53-c005fb2e5465" testName="FluxVault.Windows.Tests.WindowsProtectionSourceTests.Reparse_and_outside_roots_are_unavailable_even_if_the_leaf_is_missing" computerName="OS008-HOME" duration="00:00:00.0043635" startTime="2026-10-04T09:46:06.8073134+03:00" endTime="2026-10-04T09:46:06.8116912+03:00" testType="13cdc9d9-ddb5-4fa4-a97d-d965ccfc6d4b" outcome="Passed" testListId="8c84fa94-04c1-424b-9868-57a2d4851a1d" relativeResultsDirectory="ed7d1ae1-6e94-41d2-bf00-b4cb73d63dbf" />
    <UnitTestResult executionId="28078389-5369-47e8-b4e7-72cab0cc746e" testId="9aab339d-5d25-98d1-412e-ad23392a96e0" testName="FluxVault.Windows.Tests.WindowsCallerSourceTests.Outside_selection_is_rejected_before_reading_bytes" computerName="OS008-HOME" duration="00:00:00.0035431" startTime="2026-10-04T09:46:06.8769711+03:00" endTime="2026-10-04T09:46:06.8806574+03:00" testType="13cdc9d9-ddb5-4fa4-a97d-d965ccfc6d4b" outcome="Passed" testListId="8c84fa94-04c1-424b-9868-57a2d4851a1d" relativeResultsDirectory="28078389-5369-47e8-b4e7-72cab0cc746e" />
    <UnitTestResult executionId="9b8d3a33-6691-4796-98d9-41d497a24342" testId="017d0956-2ceb-83ee-88cc-4f873f3e6769" testName="FluxVault.Windows.Tests.WindowsCallerSourceTests.Leaf_or_parent_reparse_point_is_rejected(parent: False)" computerName="OS008-HOME" duration="00:00:00.0039493" startTime="2026-10-04T09:46:06.8284070+03:00" endTime="2026-10-04T09:46:06.8325363+03:00" testType="13cdc9d9-ddb5-4fa4-a97d-d965ccfc6d4b" outcome="Passed" testListId="8c84fa94-04c1-424b-9868-57a2d4851a1d" relativeResultsDirectory="9b8d3a33-6691-4796-98d9-41d497a24342" />
    <UnitTestResult executionId="e7c167e5-2bc9-4a35-8241-cb41e7938a6b" testId="4531d540-9719-884d-1c24-0ea3a34d7e3f" testName="FluxVault.Windows.Tests.WindowsDirectoryBatchTests.Native_absence_classification_preserves_status_instead_of_translated_error(status: 3221225635, missing: False)" computerName="OS008-HOME" duration="00:00:00.0048732" startTime="2026-10-04T09:46:06.7845754+03:00" endTime="2026-10-04T09:46:06.7846398+03:00" testType="13cdc9d9-ddb5-4fa4-a97d-d965ccfc6d4b" outcome="Passed" testListId="8c84fa94-04c1-424b-9868-57a2d4851a1d" relativeResultsDirectory="e7c167e5-2bc9-4a35-8241-cb41e7938a6b" />
    <UnitTestResult executionId="90fd8f02-b586-41dc-bc51-edf70614fc17" testId="3198cb07-25e1-85d7-4c20-39fc0dbb4602" testName="FluxVault.Windows.Tests.WindowsDirectoryBatchTests.Truncated_or_invalid_record_is_a_failed_scan(defect: &quot;trailing-header&quot;)" computerName="OS008-HOME" duration="00:00:00.0005215" startTime="2026-10-04T09:46:06.7570039+03:00" endTime="2026-10-04T09:46:06.7570685+03:00" testType="13cdc9d9-ddb5-4fa4-a97d-d965ccfc6d4b" outcome="Passed" testListId="8c84fa94-04c1-424b-9868-57a2d4851a1d" relativeResultsDirectory="90fd8f02-b586-41dc-bc51-edf70614fc17" />
    <UnitTestResult executionId="1481a583-0bfa-46e7-8ba6-c42c2140b123" testId="c4927af5-b598-753b-472d-f9a6c1f69703" testName="FluxVault.Windows.Tests.WindowsProtectionSourceTests.Missing_selected_root_is_missing_for_status_but_unavailable_for_child_reconciliation" computerName="OS008-HOME" duration="00:00:00.0047301" startTime="2026-10-04T09:46:07.3429684+03:00" endTime="2026-10-04T09:46:07.3478440+03:00" testType="13cdc9d9-ddb5-4fa4-a97d-d965ccfc6d4b" outcome="Passed" testListId="8c84fa94-04c1-424b-9868-57a2d4851a1d" relativeResultsDirectory="1481a583-0bfa-46e7-8ba6-c42c2140b123" />
    <UnitTestResult executionId="040a0c68-2632-4211-b7b5-7bf9c18ac151" testId="fe792ecf-f403-bc97-d1fe-bc6b062dad22" testName="FluxVault.Windows.Tests.WindowsCallerSourceTests.Hard_linked_source_is_rejected" computerName="OS008-HOME" duration="00:00:00.0090848" startTime="2026-10-04T09:46:06.7900713+03:00" endTime="2026-10-04T09:46:06.7978298+03:00" testType="13cdc9d9-ddb5-4fa4-a97d-d965ccfc6d4b" outcome="Passed" testListId="8c84fa94-04c1-424b-9868-57a2d4851a1d" relativeResultsDirectory="040a0c68-2632-4211-b7b5-7bf9c18ac151" />
    <UnitTestResult executionId="3d89523d-b2cd-40a6-abdc-1f1f5d5898c6" testId="df7b2c31-1ee6-5d3e-f598-a70bd542eb80" testName="FluxVault.Windows.Tests.WindowsDirectoryBatchTests.Native_absence_classification_preserves_status_instead_of_translated_error(status: 3221225486, missing: False)" computerName="OS008-HOME" duration="00:00:00.0000079" startTime="2026-10-04T09:46:06.7850772+03:00" endTime="2026-10-04T09:46:06.7851199+03:00" testType="13cdc9d9-ddb5-4fa4-a97d-d965ccfc6d4b" outcome="Passed" testListId="8c84fa94-04c1-424b-9868-57a2d4851a1d" relativeResultsDirectory="3d89523d-b2cd-40a6-abdc-1f1f5d5898c6" />
    <UnitTestResult executionId="8dd35430-bdb4-4cbd-8061-a433ce24568a" testId="8f20478f-59c0-459a-6542-4629b29f63cc" testName="FluxVault.Windows.Tests.WindowsCallerSourceTests.A_child_restricted_after_parent_admission_is_denied_by_native_open" computerName="OS008-HOME" duration="00:00:00.0046636" startTime="2026-10-04T09:46:06.8021643+03:00" endTime="2026-10-04T09:46:06.8070270+03:00" testType="13cdc9d9-ddb5-4fa4-a97d-d965ccfc6d4b" outcome="Passed" testListId="8c84fa94-04c1-424b-9868-57a2d4851a1d" relativeResultsDirectory="8dd35430-bdb4-4cbd-8061-a433ce24568a" />
    <UnitTestResult executionId="5732ff61-51d3-46aa-ba1c-d29f7e123bba" testId="22a38260-3163-91d8-b119-9eb7b4f6a492" testName="FluxVault.Windows.Tests.WindowsProtectionSourceTests.Confirmed_missing_leaf_and_component_are_distinct_from_denied_parent" computerName="OS008-HOME" duration="00:00:00.0125405" startTime="2026-10-04T09:46:06.7900926+03:00" endTime="2026-10-04T09:46:06.8012715+03:00" testType="13cdc9d9-ddb5-4fa4-a97d-d965ccfc6d4b" outcome="Passed" testListId="8c84fa94-04c1-424b-9868-57a2d4851a1d" relativeResultsDirectory="5732ff61-51d3-46aa-ba1c-d29f7e123bba" />
    <UnitTestResult executionId="c97cbe5e-34ef-4737-9431-968d22a68388" testId="d8d2cde0-4f8e-675b-d2b9-f7a5b0da7d45" testName="FluxVault.Windows.Tests.WindowsCallerSourceTests.Parent_is_pinned_before_the_source_file_is_opened" computerName="OS008-HOME" duration="00:00:00.0444180" startTime="2026-10-04T09:46:06.7353563+03:00" endTime="2026-10-04T09:46:06.7871573+03:00" testType="13cdc9d9-ddb5-4fa4-a97d-d965ccfc6d4b" outcome="Passed" testListId="8c84fa94-04c1-424b-9868-57a2d4851a1d" relativeResultsDirectory="c97cbe5e-34ef-4737-9431-968d22a68388" />
    <UnitTestResult executionId="73d0ae9c-f6cb-4abe-9012-6c266ab5e911" testId="4a20d084-f9d9-f8eb-0bf0-2e5141e8cc2c" testName="FluxVault.Windows.Tests.WindowsDirectoryBatchTests.Truncated_or_invalid_record_is_a_failed_scan(defect: &quot;header&quot;)" computerName="OS008-HOME" duration="00:00:00.0000157" startTime="2026-10-04T09:46:06.7587376+03:00" endTime="2026-10-04T09:46:06.7587968+03:00" testType="13cdc9d9-ddb5-4fa4-a97d-d965ccfc6d4b" outcome="Passed" testListId="8c84fa94-04c1-424b-9868-57a2d4851a1d" relativeResultsDirectory="73d0ae9c-f6cb-4abe-9012-6c266ab5e911" />
    <UnitTestResult executionId="aa8bdda6-b4fe-44aa-ae94-163d0ad8261e" testId="16235f98-8543-1d46-dc4d-4cbf550b8068" testName="FluxVault.Windows.Tests.WindowsCallerSourceTests.Leaf_or_parent_reparse_point_is_rejected(parent: True)" computerName="OS008-HOME" duration="00:00:00.0048705" startTime="2026-10-04T09:46:06.8233287+03:00" endTime="2026-10-04T09:46:06.8282994+03:00" testType="13cdc9d9-ddb5-4fa4-a97d-d965ccfc6d4b" outcome="Passed" testListId="8c84fa94-04c1-424b-9868-57a2d4851a1d" relativeResultsDirectory="aa8bdda6-b4fe-44aa-ae94-163d0ad8261e" />
    <UnitTestResult executionId="bca8115b-9093-42ec-b6eb-de7e9202c107" testId="368a3780-2403-00cc-26b9-da2885c1e51d" testName="FluxVault.Windows.Tests.WindowsProtectionSourceTests.Cancelled_capture_throws_and_acquires_no_handles" computerName="OS008-HOME" duration="00:00:00.0054260" startTime="2026-10-04T09:46:06.8014031+03:00" endTime="2026-10-04T09:46:06.8071813+03:00" testType="13cdc9d9-ddb5-4fa4-a97d-d965ccfc6d4b" outcome="Passed" testListId="8c84fa94-04c1-424b-9868-57a2d4851a1d" relativeResultsDirectory="bca8115b-9093-42ec-b6eb-de7e9202c107" />
    <UnitTestResult executionId="4f9dfd17-e84e-41be-8778-f5954ffd4653" testId="8b7f3dcc-5429-ace1-eeed-444152b14c35" testName="FluxVault.Windows.Tests.WindowsProtectionSourceTests.Denied_capture_has_no_privileged_fallback_and_outside_selection_is_failed" computerName="OS008-HOME" duration="00:00:00.0064779" startTime="2026-10-04T09:46:06.8118201+03:00" endTime="2026-10-04T09:46:06.8184861+03:00" testType="13cdc9d9-ddb5-4fa4-a97d-d965ccfc6d4b" outcome="Passed" testListId="8c84fa94-04c1-424b-9868-57a2d4851a1d" relativeResultsDirectory="4f9dfd17-e84e-41be-8778-f5954ffd4653" />
    <UnitTestResult executionId="eb90a697-a21b-4535-b81a-6fa3610d7f97" testId="ca09fe18-0357-d215-ef37-7b0896a54ee7" testName="FluxVault.Windows.Tests.WindowsCallerSourceTests.Ambiguous_path_forms_are_rejected(relative: &quot;sub\\..\\document.txt&quot;)" computerName="OS008-HOME" duration="00:00:00.0034939" startTime="2026-10-04T09:46:06.8585497+03:00" endTime="2026-10-04T09:46:06.8621233+03:00" testType="13cdc9d9-ddb5-4fa4-a97d-d965ccfc6d4b" outcome="Passed" testListId="8c84fa94-04c1-424b-9868-57a2d4851a1d" relativeResultsDirectory="eb90a697-a21b-4535-b81a-6fa3610d7f97" />
    <UnitTestResult executionId="9114fa39-a9eb-458a-a460-bd2eb11a76ba" testId="16955b6e-2edc-a855-a385-7ea4a6ba79a7" testName="FluxVault.Windows.Tests.WindowsCallerSourceTests.Traversal_only_ancestor_allows_root_bound_source_reads" computerName="OS008-HOME" duration="00:00:00.0081780" startTime="2026-10-04T09:46:06.8071641+03:00" endTime="2026-10-04T09:46:06.8154513+03:00" testType="13cdc9d9-ddb5-4fa4-a97d-d965ccfc6d4b" outcome="Passed" testListId="8c84fa94-04c1-424b-9868-57a2d4851a1d" relativeResultsDirectory="9114fa39-a9eb-458a-a460-bd2eb11a76ba" />
    <UnitTestResult executionId="e3653836-d4a1-4234-bb92-4ef8ec795fd4" testId="2a524a7f-d3d0-92e7-e5d3-5842da449d78" testName="FluxVault.Windows.Tests.WindowsCallerSourceTests.Case_distinct_requested_root_is_denied_before_source_bytes(blindAncestor: False)" computerName="OS008-HOME" duration="00:00:00.0109271" startTime="2026-10-04T09:46:06.8396999+03:00" endTime="2026-10-04T09:46:06.8507444+03:00" testType="13cdc9d9-ddb5-4fa4-a97d-d965ccfc6d4b" outcome="Passed" testListId="8c84fa94-04c1-424b-9868-57a2d4851a1d" relativeResultsDirectory="e3653836-d4a1-4234-bb92-4ef8ec795fd4" />
    <UnitTestResult executionId="6a72ff53-4c36-4b38-9dff-d5055e64032a" testId="45df8dc7-615b-86e4-1063-e0173385017f" testName="FluxVault.Windows.Tests.WindowsDirectoryBatchTests.Native_absence_classification_preserves_status_instead_of_translated_error(status: 3221225530, missing: True)" computerName="OS008-HOME" duration="00:00:00.0000075" startTime="2026-10-04T09:46:06.7851869+03:00" endTime="2026-10-04T09:46:06.7852240+03:00" testType="13cdc9d9-ddb5-4fa4-a97d-d965ccfc6d4b" outcome="Passed" testListId="8c84fa94-04c1-424b-9868-57a2d4851a1d" relativeResultsDirectory="6a72ff53-4c36-4b38-9dff-d5055e64032a" />
    <UnitTestResult executionId="1b060ed7-ce69-4096-9f67-ed3d6e72b87a" testId="1bef19cf-b192-895c-3188-136d4f100c33" testName="FluxVault.Windows.Tests.WindowsProtectionSourceTests.Multiple_native_batches_preserve_every_unicode_candidate_and_child_kind" computerName="OS008-HOME" duration="00:00:00.5001105" startTime="2026-10-04T09:46:06.8260155+03:00" endTime="2026-10-04T09:46:07.3264375+03:00" testType="13cdc9d9-ddb5-4fa4-a97d-d965ccfc6d4b" outcome="Passed" testListId="8c84fa94-04c1-424b-9868-57a2d4851a1d" relativeResultsDirectory="1b060ed7-ce69-4096-9f67-ed3d6e72b87a" />
    <UnitTestResult executionId="abe126fc-e390-4856-9a08-4024577e4f69" testId="828c9442-07c4-e380-3ba9-ee497ddb319e" testName="FluxVault.Windows.Tests.WindowsProtectionSourceTests.Metadata_is_read_from_a_caller_opened_handle_and_has_no_data_read_requirement" computerName="OS008-HOME" duration="00:00:00.0110022" startTime="2026-10-04T09:46:07.3266745+03:00" endTime="2026-10-04T09:46:07.3377172+03:00" testType="13cdc9d9-ddb5-4fa4-a97d-d965ccfc6d4b" outcome="Passed" testListId="8c84fa94-04c1-424b-9868-57a2d4851a1d" relativeResultsDirectory="abe126fc-e390-4856-9a08-4024577e4f69" />
    <UnitTestResult executionId="7a465780-18b7-402d-aaf6-932becd12329" testId="a8763f67-fa4f-dfb2-6717-731f4550d770" testName="FluxVault.Windows.Tests.WindowsCallerSourceTests.In_place_junction_mutation_cannot_redirect_source_bytes" computerName="OS008-HOME" duration="00:00:00.0074629" startTime="2026-10-04T09:46:06.8155747+03:00" endTime="2026-10-04T09:46:06.8231981+03:00" testType="13cdc9d9-ddb5-4fa4-a97d-d965ccfc6d4b" outcome="Passed" testListId="8c84fa94-04c1-424b-9868-57a2d4851a1d" relativeResultsDirectory="7a465780-18b7-402d-aaf6-932becd12329" />
    <UnitTestResult executionId="c747d994-bf97-4be5-ac1c-c0f278c9d3e7" testId="ecb6ec27-6914-aee7-5899-18905500d175" testName="FluxVault.Windows.Tests.WindowsProtectionSourceTests.Denied_metadata_is_unavailable_and_not_missing" computerName="OS008-HOME" duration="00:00:00.0045933" startTime="2026-10-04T09:46:07.3479962+03:00" endTime="2026-10-04T09:46:07.3527120+03:00" testType="13cdc9d9-ddb5-4fa4-a97d-d965ccfc6d4b" outcome="Passed" testListId="8c84fa94-04c1-424b-9868-57a2d4851a1d" relativeResultsDirectory="c747d994-bf97-4be5-ac1c-c0f278c9d3e7" />
    <UnitTestResult executionId="7c62ec24-701f-4ac9-966e-9440b219a090" testId="9340eb76-917f-9d51-7352-c35530c6bfa6" testName="FluxVault.Windows.Tests.WindowsCallerSourceTests.Cancelled_open_does_not_acquire_handles" computerName="OS008-HOME" duration="00:00:00.0038689" startTime="2026-10-04T09:46:06.7979817+03:00" endTime="2026-10-04T09:46:06.8019830+03:00" testType="13cdc9d9-ddb5-4fa4-a97d-d965ccfc6d4b" outcome="Passed" testListId="8c84fa94-04c1-424b-9868-57a2d4851a1d" relativeResultsDirectory="7c62ec24-701f-4ac9-966e-9440b219a090" />
    <UnitTestResult executionId="7895bc0b-361a-4c24-ba22-b1403c0ca530" testId="1b5f410e-0a9a-5800-01d9-8c8f1299e6e0" testName="FluxVault.Windows.Tests.WindowsDirectoryBatchTests.Malformed_utf16_is_not_rewritten_as_a_replacement_character_sibling" computerName="OS008-HOME" duration="00:00:00.0004206" startTime="2026-10-04T09:46:06.7854497+03:00" endTime="2026-10-04T09:46:06.7855043+03:00" testType="13cdc9d9-ddb5-4fa4-a97d-d965ccfc6d4b" outcome="Passed" testListId="8c84fa94-04c1-424b-9868-57a2d4851a1d" relativeResultsDirectory="7895bc0b-361a-4c24-ba22-b1403c0ca530" />
    <UnitTestResult executionId="98c224ff-d5b6-4970-a5ec-c98a80e74d43" testId="80ce8882-3e12-ad13-020d-20feafa40a83" testName="FluxVault.Windows.Tests.WindowsDirectoryBatchTests.Truncated_or_invalid_record_is_a_failed_scan(defect: &quot;component&quot;)" computerName="OS008-HOME" duration="00:00:00.0000244" startTime="2026-10-04T09:46:06.7578696+03:00" endTime="2026-10-04T09:46:06.7586468+03:00" testType="13cdc9d9-ddb5-4fa4-a97d-d965ccfc6d4b" outcome="Passed" testListId="8c84fa94-04c1-424b-9868-57a2d4851a1d" relativeResultsDirectory="98c224ff-d5b6-4970-a5ec-c98a80e74d43" />
    <UnitTestResult executionId="1a63f597-635d-47dd-9d52-23fe86c0dd26" testId="c1a7e40e-ebb0-4e21-e455-19590e14bdfa" testName="FluxVault.Windows.Tests.WindowsProtectionSourceTests.Live_capture_uses_the_caller_handle_and_releases_pins_with_the_result" computerName="OS008-HOME" duration="00:00:00.0070924" startTime="2026-10-04T09:46:06.8193667+03:00" endTime="2026-10-04T09:46:06.8258500+03:00" testType="13cdc9d9-ddb5-4fa4-a97d-d965ccfc6d4b" outcome="Passed" testListId="8c84fa94-04c1-424b-9868-57a2d4851a1d" relativeResultsDirectory="1a63f597-635d-47dd-9d52-23fe86c0dd26" />
    <UnitTestResult executionId="88994a51-06df-4407-ac77-29a004fa5c9c" testId="a51865f6-52a9-ae56-b04f-01f8cd4ab03d" testName="FluxVault.Windows.Tests.WindowsCallerSourceTests.Ambiguous_path_forms_are_rejected(relative: &quot;document.txt:stream&quot;)" computerName="OS008-HOME" duration="00:00:00.0024311" startTime="2026-10-04T09:46:06.8628103+03:00" endTime="2026-10-04T09:46:06.8648024+03:00" testType="13cdc9d9-ddb5-4fa4-a97d-d965ccfc6d4b" outcome="Passed" testListId="8c84fa94-04c1-424b-9868-57a2d4851a1d" relativeResultsDirectory="88994a51-06df-4407-ac77-29a004fa5c9c" />
    <UnitTestResult executionId="8b994393-1caf-4990-81d8-6e0d318722b5" testId="998ec45a-5907-ea1d-9d4a-2c29d7b5edd1" testName="FluxVault.Windows.Tests.WindowsDirectoryBatchTests.Truncated_or_invalid_record_is_a_failed_scan(defect: &quot;odd-name&quot;)" computerName="OS008-HOME" duration="00:00:00.0046791" startTime="2026-10-04T09:46:06.7367109+03:00" endTime="2026-10-04T09:46:06.7470566+03:00" testType="13cdc9d9-ddb5-4fa4-a97d-d965ccfc6d4b" outcome="Passed" testListId="8c84fa94-04c1-424b-9868-57a2d4851a1d" relativeResultsDirectory="8b994393-1caf-4990-81d8-6e0d318722b5" />
    <UnitTestResult executionId="bdf7a5ea-26d6-4268-b752-44a7c244f424" testId="c37e6e6a-03d5-89ca-dc9e-d222c6fc49f9" testName="FluxVault.Windows.Tests.WindowsDirectoryBatchTests.Truncated_or_invalid_record_is_a_failed_scan(defect: &quot;name&quot;)" computerName="OS008-HOME" duration="00:00:00.0000068" startTime="2026-10-04T09:46:06.7577570+03:00" endTime="2026-10-04T09:46:06.7577989+03:00" testType="13cdc9d9-ddb5-4fa4-a97d-d965ccfc6d4b" outcome="Passed" testListId="8c84fa94-04c1-424b-9868-57a2d4851a1d" relativeResultsDirectory="bdf7a5ea-26d6-4268-b752-44a7c244f424" />
    <UnitTestResult executionId="386cae24-f9a4-41bd-939a-a27951fac326" testId="22c4ce63-7a12-b093-f52e-c3e26fca9203" testName="FluxVault.Windows.Tests.WindowsCallerSourceTests.Case_distinct_requested_root_is_denied_before_source_bytes(blindAncestor: True)" computerName="OS008-HOME" duration="00:00:00.0073205" startTime="2026-10-04T09:46:06.8508719+03:00" endTime="2026-10-04T09:46:06.8583634+03:00" testType="13cdc9d9-ddb5-4fa4-a97d-d965ccfc6d4b" outcome="Passed" testListId="8c84fa94-04c1-424b-9868-57a2d4851a1d" relativeResultsDirectory="386cae24-f9a4-41bd-939a-a27951fac326" />
    <UnitTestResult executionId="dd8f1673-addd-43d4-90ef-e634b706e052" testId="7bb29203-22d9-49d9-7c67-c734370e1442" testName="FluxVault.Windows.Tests.WindowsProtectionSourceTests.Denied_directory_listing_throws_instead_of_returning_an_empty_scan" computerName="OS008-HOME" duration="00:00:00.0047720" startTime="2026-10-04T09:46:07.3378918+03:00" endTime="2026-10-04T09:46:07.3428042+03:00" testType="13cdc9d9-ddb5-4fa4-a97d-d965ccfc6d4b" outcome="Passed" testListId="8c84fa94-04c1-424b-9868-57a2d4851a1d" relativeResultsDirectory="dd8f1673-addd-43d4-90ef-e634b706e052" />
  </Results>
  <TestDefinitions>
    <UnitTest name="FluxVault.Windows.Tests.WindowsDirectoryBatchTests.Native_absence_classification_preserves_status_instead_of_translated_error(status: 3221225524, missing: True)" storage="c:\users\os008\.codex\worktrees\fluxvault-next002-plan\fluxvault\tests\fluxvault.windows.tests\bin\release\net10.0\fluxvault.windows.tests.dll" id="620f56af-d5e0-d950-5af0-e6c0b783cb8b">
      <Execution id="1015e380-171d-4b38-a902-0a711de3ee75" />
      <TestMethod codeBase="C:\Users\os008\.codex\worktrees\fluxvault-next002-plan\FluxVault\tests\FluxVault.Windows.Tests\bin\Release\net10.0\FluxVault.Windows.Tests.dll" adapterTypeName="executor://xunit/VsTestRunner3/netcore/" className="FluxVault.Windows.Tests.WindowsDirectoryBatchTests" name="Native_absence_classification_preserves_status_instead_of_translated_error" />
    </UnitTest>
    <UnitTest name="FluxVault.Windows.Tests.WindowsProtectionSourceTests.Live_capture_uses_the_caller_handle_and_releases_pins_with_the_result" storage="c:\users\os008\.codex\worktrees\fluxvault-next002-plan\fluxvault\tests\fluxvault.windows.tests\bin\release\net10.0\fluxvault.windows.tests.dll" id="c1a7e40e-ebb0-4e21-e455-19590e14bdfa">
      <Execution id="1a63f597-635d-47dd-9d52-23fe86c0dd26" />
      <TestMethod codeBase="C:\Users\os008\.codex\worktrees\fluxvault-next002-plan\FluxVault\tests\FluxVault.Windows.Tests\bin\Release\net10.0\FluxVault.Windows.Tests.dll" adapterTypeName="executor://xunit/VsTestRunner3/netcore/" className="FluxVault.Windows.Tests.WindowsProtectionSourceTests" name="Live_capture_uses_the_caller_handle_and_releases_pins_with_the_result" />
    </UnitTest>
    <UnitTest name="FluxVault.Windows.Tests.WindowsProtectionSourceTests.Denied_capture_has_no_privileged_fallback_and_outside_selection_is_failed" storage="c:\users\os008\.codex\worktrees\fluxvault-next002-plan\fluxvault\tests\fluxvault.windows.tests\bin\release\net10.0\fluxvault.windows.tests.dll" id="8b7f3dcc-5429-ace1-eeed-444152b14c35">
      <Execution id="4f9dfd17-e84e-41be-8778-f5954ffd4653" />
      <TestMethod codeBase="C:\Users\os008\.codex\worktrees\fluxvault-next002-plan\FluxVault\tests\FluxVault.Windows.Tests\bin\Release\net10.0\FluxVault.Windows.Tests.dll" adapterTypeName="executor://xunit/VsTestRunner3/netcore/" className="FluxVault.Windows.Tests.WindowsProtectionSourceTests" name="Denied_capture_has_no_privileged_fallback_and_outside_selection_is_failed" />
    </UnitTest>
    <UnitTest name="FluxVault.Windows.Tests.WindowsProtectionSourceTests.Confirmed_missing_leaf_and_component_are_distinct_from_denied_parent" storage="c:\users\os008\.codex\worktrees\fluxvault-next002-plan\fluxvault\tests\fluxvault.windows.tests\bin\release\net10.0\fluxvault.windows.tests.dll" id="22a38260-3163-91d8-b119-9eb7b4f6a492">
      <Execution id="5732ff61-51d3-46aa-ba1c-d29f7e123bba" />
      <TestMethod codeBase="C:\Users\os008\.codex\worktrees\fluxvault-next002-plan\FluxVault\tests\FluxVault.Windows.Tests\bin\Release\net10.0\FluxVault.Windows.Tests.dll" adapterTypeName="executor://xunit/VsTestRunner3/netcore/" className="FluxVault.Windows.Tests.WindowsProtectionSourceTests" name="Confirmed_missing_leaf_and_component_are_distinct_from_denied_parent" />
    </UnitTest>
    <UnitTest name="FluxVault.Windows.Tests.WindowsCallerSourceTests.Parent_is_pinned_before_the_source_file_is_opened" storage="c:\users\os008\.codex\worktrees\fluxvault-next002-plan\fluxvault\tests\fluxvault.windows.tests\bin\release\net10.0\fluxvault.windows.tests.dll" id="d8d2cde0-4f8e-675b-d2b9-f7a5b0da7d45">
      <Execution id="c97cbe5e-34ef-4737-9431-968d22a68388" />
      <TestMethod codeBase="C:\Users\os008\.codex\worktrees\fluxvault-next002-plan\FluxVault\tests\FluxVault.Windows.Tests\bin\Release\net10.0\FluxVault.Windows.Tests.dll" adapterTypeName="executor://xunit/VsTestRunner3/netcore/" className="FluxVault.Windows.Tests.WindowsCallerSourceTests" name="Parent_is_pinned_before_the_source_file_is_opened" />
    </UnitTest>
    <UnitTest name="FluxVault.Windows.Tests.WindowsCallerSourceTests.In_place_junction_mutation_cannot_redirect_source_bytes" storage="c:\users\os008\.codex\worktrees\fluxvault-next002-plan\fluxvault\tests\fluxvault.windows.tests\bin\release\net10.0\fluxvault.windows.tests.dll" id="a8763f67-fa4f-dfb2-6717-731f4550d770">
      <Execution id="7a465780-18b7-402d-aaf6-932becd12329" />
      <TestMethod codeBase="C:\Users\os008\.codex\worktrees\fluxvault-next002-plan\FluxVault\tests\FluxVault.Windows.Tests\bin\Release\net10.0\FluxVault.Windows.Tests.dll" adapterTypeName="executor://xunit/VsTestRunner3/netcore/" className="FluxVault.Windows.Tests.WindowsCallerSourceTests" name="In_place_junction_mutation_cannot_redirect_source_bytes" />
    </UnitTest>
    <UnitTest name="FluxVault.Windows.Tests.WindowsDirectoryBatchTests.Truncated_or_invalid_record_is_a_failed_scan(defect: &quot;name&quot;)" storage="c:\users\os008\.codex\worktrees\fluxvault-next002-plan\fluxvault\tests\fluxvault.windows.tests\bin\release\net10.0\fluxvault.windows.tests.dll" id="c37e6e6a-03d5-89ca-dc9e-d222c6fc49f9">
      <Execution id="bdf7a5ea-26d6-4268-b752-44a7c244f424" />
      <TestMethod codeBase="C:\Users\os008\.codex\worktrees\fluxvault-next002-plan\FluxVault\tests\FluxVault.Windows.Tests\bin\Release\net10.0\FluxVault.Windows.Tests.dll" adapterTypeName="executor://xunit/VsTestRunner3/netcore/" className="FluxVault.Windows.Tests.WindowsDirectoryBatchTests" name="Truncated_or_invalid_record_is_a_failed_scan" />
    </UnitTest>
    <UnitTest name="FluxVault.Windows.Tests.WindowsCallerSourceTests.Outside_selection_is_rejected_before_reading_bytes" storage="c:\users\os008\.codex\worktrees\fluxvault-next002-plan\fluxvault\tests\fluxvault.windows.tests\bin\release\net10.0\fluxvault.windows.tests.dll" id="9aab339d-5d25-98d1-412e-ad23392a96e0">
      <Execution id="28078389-5369-47e8-b4e7-72cab0cc746e" />
      <TestMethod codeBase="C:\Users\os008\.codex\worktrees\fluxvault-next002-plan\FluxVault\tests\FluxVault.Windows.Tests\bin\Release\net10.0\FluxVault.Windows.Tests.dll" adapterTypeName="executor://xunit/VsTestRunner3/netcore/" className="FluxVault.Windows.Tests.WindowsCallerSourceTests" name="Outside_selection_is_rejected_before_reading_bytes" />
    </UnitTest>
    <UnitTest name="FluxVault.Windows.Tests.WindowsCallerSourceTests.Traversal_only_ancestor_allows_root_bound_source_reads" storage="c:\users\os008\.codex\worktrees\fluxvault-next002-plan\fluxvault\tests\fluxvault.windows.tests\bin\release\net10.0\fluxvault.windows.tests.dll" id="16955b6e-2edc-a855-a385-7ea4a6ba79a7">
      <Execution id="9114fa39-a9eb-458a-a460-bd2eb11a76ba" />
      <TestMethod codeBase="C:\Users\os008\.codex\worktrees\fluxvault-next002-plan\FluxVault\tests\FluxVault.Windows.Tests\bin\Release\net10.0\FluxVault.Windows.Tests.dll" adapterTypeName="executor://xunit/VsTestRunner3/netcore/" className="FluxVault.Windows.Tests.WindowsCallerSourceTests" name="Traversal_only_ancestor_allows_root_bound_source_reads" />
    </UnitTest>
    <UnitTest name="FluxVault.Windows.Tests.WindowsDirectoryBatchTests.Native_absence_classification_preserves_status_instead_of_translated_error(status: 3221225530, missing: True)" storage="c:\users\os008\.codex\worktrees\fluxvault-next002-plan\fluxvault\tests\fluxvault.windows.tests\bin\release\net10.0\fluxvault.windows.tests.dll" id="45df8dc7-615b-86e4-1063-e0173385017f">
      <Execution id="6a72ff53-4c36-4b38-9dff-d5055e64032a" />
      <TestMethod codeBase="C:\Users\os008\.codex\worktrees\fluxvault-next002-plan\FluxVault\tests\FluxVault.Windows.Tests\bin\Release\net10.0\FluxVault.Windows.Tests.dll" adapterTypeName="executor://xunit/VsTestRunner3/netcore/" className="FluxVault.Windows.Tests.WindowsDirectoryBatchTests" name="Native_absence_classification_preserves_status_instead_of_translated_error" />
    </UnitTest>
    <UnitTest name="FluxVault.Windows.Tests.WindowsProtectionSourceTests.Missing_selected_root_is_missing_for_status_but_unavailable_for_child_reconciliation" storage="c:\users\os008\.codex\worktrees\fluxvault-next002-plan\fluxvault\tests\fluxvault.windows.tests\bin\release\net10.0\fluxvault.windows.tests.dll" id="c4927af5-b598-753b-472d-f9a6c1f69703">
      <Execution id="1481a583-0bfa-46e7-8ba6-c42c2140b123" />
      <TestMethod codeBase="C:\Users\os008\.codex\worktrees\fluxvault-next002-plan\FluxVault\tests\FluxVault.Windows.Tests\bin\Release\net10.0\FluxVault.Windows.Tests.dll" adapterTypeName="executor://xunit/VsTestRunner3/netcore/" className="FluxVault.Windows.Tests.WindowsProtectionSourceTests" name="Missing_selected_root_is_missing_for_status_but_unavailable_for_child_reconciliation" />
    </UnitTest>
    <UnitTest name="FluxVault.Windows.Tests.WindowsProtectionSourceTests.Denied_directory_listing_throws_instead_of_returning_an_empty_scan" storage="c:\users\os008\.codex\worktrees\fluxvault-next002-plan\fluxvault\tests\fluxvault.windows.tests\bin\release\net10.0\fluxvault.windows.tests.dll" id="7bb29203-22d9-49d9-7c67-c734370e1442">
      <Execution id="dd8f1673-addd-43d4-90ef-e634b706e052" />
      <TestMethod codeBase="C:\Users\os008\.codex\worktrees\fluxvault-next002-plan\FluxVault\tests\FluxVault.Windows.Tests\bin\Release\net10.0\FluxVault.Windows.Tests.dll" adapterTypeName="executor://xunit/VsTestRunner3/netcore/" className="FluxVault.Windows.Tests.WindowsProtectionSourceTests" name="Denied_directory_listing_throws_instead_of_returning_an_empty_scan" />
    </UnitTest>
    <UnitTest name="FluxVault.Windows.Tests.WindowsCallerSourceTests.Case_distinct_requested_root_is_denied_before_source_bytes(blindAncestor: False)" storage="c:\users\os008\.codex\worktrees\fluxvault-next002-plan\fluxvault\tests\fluxvault.windows.tests\bin\release\net10.0\fluxvault.windows.tests.dll" id="2a524a7f-d3d0-92e7-e5d3-5842da449d78">
      <Execution id="e3653836-d4a1-4234-bb92-4ef8ec795fd4" />
      <TestMethod codeBase="C:\Users\os008\.codex\worktrees\fluxvault-next002-plan\FluxVault\tests\FluxVault.Windows.Tests\bin\Release\net10.0\FluxVault.Windows.Tests.dll" adapterTypeName="executor://xunit/VsTestRunner3/netcore/" className="FluxVault.Windows.Tests.WindowsCallerSourceTests" name="Case_distinct_requested_root_is_denied_before_source_bytes" />
    </UnitTest>
    <UnitTest name="FluxVault.Windows.Tests.WindowsDirectoryBatchTests.Native_absence_classification_preserves_status_instead_of_translated_error(status: 3221225635, missing: False)" storage="c:\users\os008\.codex\worktrees\fluxvault-next002-plan\fluxvault\tests\fluxvault.windows.tests\bin\release\net10.0\fluxvault.windows.tests.dll" id="4531d540-9719-884d-1c24-0ea3a34d7e3f">
      <Execution id="e7c167e5-2bc9-4a35-8241-cb41e7938a6b" />
      <TestMethod codeBase="C:\Users\os008\.codex\worktrees\fluxvault-next002-plan\FluxVault\tests\FluxVault.Windows.Tests\bin\Release\net10.0\FluxVault.Windows.Tests.dll" adapterTypeName="executor://xunit/VsTestRunner3/netcore/" className="FluxVault.Windows.Tests.WindowsDirectoryBatchTests" name="Native_absence_classification_preserves_status_instead_of_translated_error" />
    </UnitTest>
    <UnitTest name="FluxVault.Windows.Tests.WindowsCallerSourceTests.Leaf_or_parent_reparse_point_is_rejected(parent: False)" storage="c:\users\os008\.codex\worktrees\fluxvault-next002-plan\fluxvault\tests\fluxvault.windows.tests\bin\release\net10.0\fluxvault.windows.tests.dll" id="017d0956-2ceb-83ee-88cc-4f873f3e6769">
      <Execution id="9b8d3a33-6691-4796-98d9-41d497a24342" />
      <TestMethod codeBase="C:\Users\os008\.codex\worktrees\fluxvault-next002-plan\FluxVault\tests\FluxVault.Windows.Tests\bin\Release\net10.0\FluxVault.Windows.Tests.dll" adapterTypeName="executor://xunit/VsTestRunner3/netcore/" className="FluxVault.Windows.Tests.WindowsCallerSourceTests" name="Leaf_or_parent_reparse_point_is_rejected" />
    </UnitTest>
    <UnitTest name="FluxVault.Windows.Tests.WindowsDirectoryBatchTests.Complete_batch_preserves_names_and_skips_only_dot_entries" storage="c:\users\os008\.codex\worktrees\fluxvault-next002-plan\fluxvault\tests\fluxvault.windows.tests\bin\release\net10.0\fluxvault.windows.tests.dll" id="aa2f2692-7502-7a1c-f5d9-26ec903614e4">
      <Execution id="18ddbf43-edc8-4509-9aa3-02196a93e016" />
      <TestMethod codeBase="C:\Users\os008\.codex\worktrees\fluxvault-next002-plan\FluxVault\tests\FluxVault.Windows.Tests\bin\Release\net10.0\FluxVault.Windows.Tests.dll" adapterTypeName="executor://xunit/VsTestRunner3/netcore/" className="FluxVault.Windows.Tests.WindowsDirectoryBatchTests" name="Complete_batch_preserves_names_and_skips_only_dot_entries" />
    </UnitTest>
    <UnitTest name="FluxVault.Windows.Tests.WindowsCallerSourceTests.Replaced_leaf_is_opened_without_following_its_new_reparse_target" storage="c:\users\os008\.codex\worktrees\fluxvault-next002-plan\fluxvault\tests\fluxvault.windows.tests\bin\release\net10.0\fluxvault.windows.tests.dll" id="9b4e830e-becc-d56b-8505-d32a42a741bc">
      <Execution id="42d2b8e2-8e18-4402-945e-0dee33a2eaf7" />
      <TestMethod codeBase="C:\Users\os008\.codex\worktrees\fluxvault-next002-plan\FluxVault\tests\FluxVault.Windows.Tests\bin\Release\net10.0\FluxVault.Windows.Tests.dll" adapterTypeName="executor://xunit/VsTestRunner3/netcore/" className="FluxVault.Windows.Tests.WindowsCallerSourceTests" name="Replaced_leaf_is_opened_without_following_its_new_reparse_target" />
    </UnitTest>
    <UnitTest name="FluxVault.Windows.Tests.WindowsDirectoryBatchTests.Truncated_or_invalid_record_is_a_failed_scan(defect: &quot;offset&quot;)" storage="c:\users\os008\.codex\worktrees\fluxvault-next002-plan\fluxvault\tests\fluxvault.windows.tests\bin\release\net10.0\fluxvault.windows.tests.dll" id="0b68dd6e-4ae7-db0c-d159-1539d983c909">
      <Execution id="99dee132-08f4-48a6-9047-53a3c2768dcd" />
      <TestMethod codeBase="C:\Users\os008\.codex\worktrees\fluxvault-next002-plan\FluxVault\tests\FluxVault.Windows.Tests\bin\Release\net10.0\FluxVault.Windows.Tests.dll" adapterTypeName="executor://xunit/VsTestRunner3/netcore/" className="FluxVault.Windows.Tests.WindowsDirectoryBatchTests" name="Truncated_or_invalid_record_is_a_failed_scan" />
    </UnitTest>
    <UnitTest name="FluxVault.Windows.Tests.WindowsCallerSourceTests.Case_distinct_requested_root_is_denied_before_source_bytes(blindAncestor: True)" storage="c:\users\os008\.codex\worktrees\fluxvault-next002-plan\fluxvault\tests\fluxvault.windows.tests\bin\release\net10.0\fluxvault.windows.tests.dll" id="22c4ce63-7a12-b093-f52e-c3e26fca9203">
      <Execution id="386cae24-f9a4-41bd-939a-a27951fac326" />
      <TestMethod codeBase="C:\Users\os008\.codex\worktrees\fluxvault-next002-plan\FluxVault\tests\FluxVault.Windows.Tests\bin\Release\net10.0\FluxVault.Windows.Tests.dll" adapterTypeName="executor://xunit/VsTestRunner3/netcore/" className="FluxVault.Windows.Tests.WindowsCallerSourceTests" name="Case_distinct_requested_root_is_denied_before_source_bytes" />
    </UnitTest>
    <UnitTest name="FluxVault.Windows.Tests.WindowsDirectoryBatchTests.Truncated_or_invalid_record_is_a_failed_scan(defect: &quot;trailing-header&quot;)" storage="c:\users\os008\.codex\worktrees\fluxvault-next002-plan\fluxvault\tests\fluxvault.windows.tests\bin\release\net10.0\fluxvault.windows.tests.dll" id="3198cb07-25e1-85d7-4c20-39fc0dbb4602">
      <Execution id="90fd8f02-b586-41dc-bc51-edf70614fc17" />
      <TestMethod codeBase="C:\Users\os008\.codex\worktrees\fluxvault-next002-plan\FluxVault\tests\FluxVault.Windows.Tests\bin\Release\net10.0\FluxVault.Windows.Tests.dll" adapterTypeName="executor://xunit/VsTestRunner3/netcore/" className="FluxVault.Windows.Tests.WindowsDirectoryBatchTests" name="Truncated_or_invalid_record_is_a_failed_scan" />
    </UnitTest>
    <UnitTest name="FluxVault.Windows.Tests.WindowsDirectoryBatchTests.Truncated_or_invalid_record_is_a_failed_scan(defect: &quot;odd-name&quot;)" storage="c:\users\os008\.codex\worktrees\fluxvault-next002-plan\fluxvault\tests\fluxvault.windows.tests\bin\release\net10.0\fluxvault.windows.tests.dll" id="998ec45a-5907-ea1d-9d4a-2c29d7b5edd1">
      <Execution id="8b994393-1caf-4990-81d8-6e0d318722b5" />
      <TestMethod codeBase="C:\Users\os008\.codex\worktrees\fluxvault-next002-plan\FluxVault\tests\FluxVault.Windows.Tests\bin\Release\net10.0\FluxVault.Windows.Tests.dll" adapterTypeName="executor://xunit/VsTestRunner3/netcore/" className="FluxVault.Windows.Tests.WindowsDirectoryBatchTests" name="Truncated_or_invalid_record_is_a_failed_scan" />
    </UnitTest>
    <UnitTest name="FluxVault.Windows.Tests.WindowsCallerSourceTests.Source_handle_retains_parent_identity_until_disposed" storage="c:\users\os008\.codex\worktrees\fluxvault-next002-plan\fluxvault\tests\fluxvault.windows.tests\bin\release\net10.0\fluxvault.windows.tests.dll" id="f2366844-9ccc-0211-9d33-2de08034b71a">
      <Execution id="5cc88efe-16ab-4a02-a0f5-8ba15f179055" />
      <TestMethod codeBase="C:\Users\os008\.codex\worktrees\fluxvault-next002-plan\FluxVault\tests\FluxVault.Windows.Tests\bin\Release\net10.0\FluxVault.Windows.Tests.dll" adapterTypeName="executor://xunit/VsTestRunner3/netcore/" className="FluxVault.Windows.Tests.WindowsCallerSourceTests" name="Source_handle_retains_parent_identity_until_disposed" />
    </UnitTest>
    <UnitTest name="FluxVault.Windows.Tests.WindowsProtectionSourceTests.Multiple_native_batches_preserve_every_unicode_candidate_and_child_kind" storage="c:\users\os008\.codex\worktrees\fluxvault-next002-plan\fluxvault\tests\fluxvault.windows.tests\bin\release\net10.0\fluxvault.windows.tests.dll" id="1bef19cf-b192-895c-3188-136d4f100c33">
      <Execution id="1b060ed7-ce69-4096-9f67-ed3d6e72b87a" />
      <TestMethod codeBase="C:\Users\os008\.codex\worktrees\fluxvault-next002-plan\FluxVault\tests\FluxVault.Windows.Tests\bin\Release\net10.0\FluxVault.Windows.Tests.dll" adapterTypeName="executor://xunit/VsTestRunner3/netcore/" className="FluxVault.Windows.Tests.WindowsProtectionSourceTests" name="Multiple_native_batches_preserve_every_unicode_candidate_and_child_kind" />
    </UnitTest>
    <UnitTest name="FluxVault.Windows.Tests.WindowsCallerSourceTests.Cancelled_open_does_not_acquire_handles" storage="c:\users\os008\.codex\worktrees\fluxvault-next002-plan\fluxvault\tests\fluxvault.windows.tests\bin\release\net10.0\fluxvault.windows.tests.dll" id="9340eb76-917f-9d51-7352-c35530c6bfa6">
      <Execution id="7c62ec24-701f-4ac9-966e-9440b219a090" />
      <TestMethod codeBase="C:\Users\os008\.codex\worktrees\fluxvault-next002-plan\FluxVault\tests\FluxVault.Windows.Tests\bin\Release\net10.0\FluxVault.Windows.Tests.dll" adapterTypeName="executor://xunit/VsTestRunner3/netcore/" className="FluxVault.Windows.Tests.WindowsCallerSourceTests" name="Cancelled_open_does_not_acquire_handles" />
    </UnitTest>
    <UnitTest name="FluxVault.Windows.Tests.WindowsProtectionSourceTests.Denied_metadata_is_unavailable_and_not_missing" storage="c:\users\os008\.codex\worktrees\fluxvault-next002-plan\fluxvault\tests\fluxvault.windows.tests\bin\release\net10.0\fluxvault.windows.tests.dll" id="ecb6ec27-6914-aee7-5899-18905500d175">
      <Execution id="c747d994-bf97-4be5-ac1c-c0f278c9d3e7" />
      <TestMethod codeBase="C:\Users\os008\.codex\worktrees\fluxvault-next002-plan\FluxVault\tests\FluxVault.Windows.Tests\bin\Release\net10.0\FluxVault.Windows.Tests.dll" adapterTypeName="executor://xunit/VsTestRunner3/netcore/" className="FluxVault.Windows.Tests.WindowsProtectionSourceTests" name="Denied_metadata_is_unavailable_and_not_missing" />
    </UnitTest>
    <UnitTest name="FluxVault.Windows.Tests.WindowsCallerSourceTests.Hard_linked_source_is_rejected" storage="c:\users\os008\.codex\worktrees\fluxvault-next002-plan\fluxvault\tests\fluxvault.windows.tests\bin\release\net10.0\fluxvault.windows.tests.dll" id="fe792ecf-f403-bc97-d1fe-bc6b062dad22">
      <Execution id="040a0c68-2632-4211-b7b5-7bf9c18ac151" />
      <TestMethod codeBase="C:\Users\os008\.codex\worktrees\fluxvault-next002-plan\FluxVault\tests\FluxVault.Windows.Tests\bin\Release\net10.0\FluxVault.Windows.Tests.dll" adapterTypeName="executor://xunit/VsTestRunner3/netcore/" className="FluxVault.Windows.Tests.WindowsCallerSourceTests" name="Hard_linked_source_is_rejected" />
    </UnitTest>
    <UnitTest name="FluxVault.Windows.Tests.WindowsDirectoryBatchTests.Native_absence_classification_preserves_status_instead_of_translated_error(status: 3221225486, missing: False)" storage="c:\users\os008\.codex\worktrees\fluxvault-next002-plan\fluxvault\tests\fluxvault.windows.tests\bin\release\net10.0\fluxvault.windows.tests.dll" id="df7b2c31-1ee6-5d3e-f598-a70bd542eb80">
      <Execution id="3d89523d-b2cd-40a6-abdc-1f1f5d5898c6" />
      <TestMethod codeBase="C:\Users\os008\.codex\worktrees\fluxvault-next002-plan\FluxVault\tests\FluxVault.Windows.Tests\bin\Release\net10.0\FluxVault.Windows.Tests.dll" adapterTypeName="executor://xunit/VsTestRunner3/netcore/" className="FluxVault.Windows.Tests.WindowsDirectoryBatchTests" name="Native_absence_classification_preserves_status_instead_of_translated_error" />
    </UnitTest>
    <UnitTest name="FluxVault.Windows.Tests.WindowsDirectoryBatchTests.Truncated_or_invalid_record_is_a_failed_scan(defect: &quot;header&quot;)" storage="c:\users\os008\.codex\worktrees\fluxvault-next002-plan\fluxvault\tests\fluxvault.windows.tests\bin\release\net10.0\fluxvault.windows.tests.dll" id="4a20d084-f9d9-f8eb-0bf0-2e5141e8cc2c">
      <Execution id="73d0ae9c-f6cb-4abe-9012-6c266ab5e911" />
      <TestMethod codeBase="C:\Users\os008\.codex\worktrees\fluxvault-next002-plan\FluxVault\tests\FluxVault.Windows.Tests\bin\Release\net10.0\FluxVault.Windows.Tests.dll" adapterTypeName="executor://xunit/VsTestRunner3/netcore/" className="FluxVault.Windows.Tests.WindowsDirectoryBatchTests" name="Truncated_or_invalid_record_is_a_failed_scan" />
    </UnitTest>
    <UnitTest name="FluxVault.Windows.Tests.WindowsDirectoryBatchTests.Native_absence_classification_preserves_status_instead_of_translated_error(status: 3221225539, missing: False)" storage="c:\users\os008\.codex\worktrees\fluxvault-next002-plan\fluxvault\tests\fluxvault.windows.tests\bin\release\net10.0\fluxvault.windows.tests.dll" id="cc9e6c26-9643-31e4-4a8a-b4207afb6830">
      <Execution id="e8d52b45-9592-415d-acf5-f611cef1dc7c" />
      <TestMethod codeBase="C:\Users\os008\.codex\worktrees\fluxvault-next002-plan\FluxVault\tests\FluxVault.Windows.Tests\bin\Release\net10.0\FluxVault.Windows.Tests.dll" adapterTypeName="executor://xunit/VsTestRunner3/netcore/" className="FluxVault.Windows.Tests.WindowsDirectoryBatchTests" name="Native_absence_classification_preserves_status_instead_of_translated_error" />
    </UnitTest>
    <UnitTest name="FluxVault.Windows.Tests.WindowsCallerSourceTests.Leaf_or_parent_reparse_point_is_rejected(parent: True)" storage="c:\users\os008\.codex\worktrees\fluxvault-next002-plan\fluxvault\tests\fluxvault.windows.tests\bin\release\net10.0\fluxvault.windows.tests.dll" id="16235f98-8543-1d46-dc4d-4cbf550b8068">
      <Execution id="aa8bdda6-b4fe-44aa-ae94-163d0ad8261e" />
      <TestMethod codeBase="C:\Users\os008\.codex\worktrees\fluxvault-next002-plan\FluxVault\tests\FluxVault.Windows.Tests\bin\Release\net10.0\FluxVault.Windows.Tests.dll" adapterTypeName="executor://xunit/VsTestRunner3/netcore/" className="FluxVault.Windows.Tests.WindowsCallerSourceTests" name="Leaf_or_parent_reparse_point_is_rejected" />
    </UnitTest>
    <UnitTest name="FluxVault.Windows.Tests.WindowsCallerSourceTests.Ambiguous_path_forms_are_rejected(relative: &quot;sub\\..\\document.txt&quot;)" storage="c:\users\os008\.codex\worktrees\fluxvault-next002-plan\fluxvault\tests\fluxvault.windows.tests\bin\release\net10.0\fluxvault.windows.tests.dll" id="ca09fe18-0357-d215-ef37-7b0896a54ee7">
      <Execution id="eb90a697-a21b-4535-b81a-6fa3610d7f97" />
      <TestMethod codeBase="C:\Users\os008\.codex\worktrees\fluxvault-next002-plan\FluxVault\tests\FluxVault.Windows.Tests\bin\Release\net10.0\FluxVault.Windows.Tests.dll" adapterTypeName="executor://xunit/VsTestRunner3/netcore/" className="FluxVault.Windows.Tests.WindowsCallerSourceTests" name="Ambiguous_path_forms_are_rejected" />
    </UnitTest>
    <UnitTest name="FluxVault.Windows.Tests.WindowsDirectoryBatchTests.Truncated_or_invalid_record_is_a_failed_scan(defect: &quot;alignment&quot;)" storage="c:\users\os008\.codex\worktrees\fluxvault-next002-plan\fluxvault\tests\fluxvault.windows.tests\bin\release\net10.0\fluxvault.windows.tests.dll" id="620bdb48-b707-f60a-a140-cb1184bf3d72">
      <Execution id="379ac8f6-9e46-4536-b9a4-6762bef2f9a8" />
      <TestMethod codeBase="C:\Users\os008\.codex\worktrees\fluxvault-next002-plan\FluxVault\tests\FluxVault.Windows.Tests\bin\Release\net10.0\FluxVault.Windows.Tests.dll" adapterTypeName="executor://xunit/VsTestRunner3/netcore/" className="FluxVault.Windows.Tests.WindowsDirectoryBatchTests" name="Truncated_or_invalid_record_is_a_failed_scan" />
    </UnitTest>
    <UnitTest name="FluxVault.Windows.Tests.WindowsDirectoryBatchTests.Truncated_or_invalid_record_is_a_failed_scan(defect: &quot;component&quot;)" storage="c:\users\os008\.codex\worktrees\fluxvault-next002-plan\fluxvault\tests\fluxvault.windows.tests\bin\release\net10.0\fluxvault.windows.tests.dll" id="80ce8882-3e12-ad13-020d-20feafa40a83">
      <Execution id="98c224ff-d5b6-4970-a5ec-c98a80e74d43" />
      <TestMethod codeBase="C:\Users\os008\.codex\worktrees\fluxvault-next002-plan\FluxVault\tests\FluxVault.Windows.Tests\bin\Release\net10.0\FluxVault.Windows.Tests.dll" adapterTypeName="executor://xunit/VsTestRunner3/netcore/" className="FluxVault.Windows.Tests.WindowsDirectoryBatchTests" name="Truncated_or_invalid_record_is_a_failed_scan" />
    </UnitTest>
    <UnitTest name="FluxVault.Windows.Tests.WindowsProtectionSourceTests.Metadata_is_read_from_a_caller_opened_handle_and_has_no_data_read_requirement" storage="c:\users\os008\.codex\worktrees\fluxvault-next002-plan\fluxvault\tests\fluxvault.windows.tests\bin\release\net10.0\fluxvault.windows.tests.dll" id="828c9442-07c4-e380-3ba9-ee497ddb319e">
      <Execution id="abe126fc-e390-4856-9a08-4024577e4f69" />
      <TestMethod codeBase="C:\Users\os008\.codex\worktrees\fluxvault-next002-plan\FluxVault\tests\FluxVault.Windows.Tests\bin\Release\net10.0\FluxVault.Windows.Tests.dll" adapterTypeName="executor://xunit/VsTestRunner3/netcore/" className="FluxVault.Windows.Tests.WindowsProtectionSourceTests" name="Metadata_is_read_from_a_caller_opened_handle_and_has_no_data_read_requirement" />
    </UnitTest>
    <UnitTest name="FluxVault.Windows.Tests.WindowsCallerSourceTests.A_child_restricted_after_parent_admission_is_denied_by_native_open" storage="c:\users\os008\.codex\worktrees\fluxvault-next002-plan\fluxvault\tests\fluxvault.windows.tests\bin\release\net10.0\fluxvault.windows.tests.dll" id="8f20478f-59c0-459a-6542-4629b29f63cc">
      <Execution id="8dd35430-bdb4-4cbd-8061-a433ce24568a" />
      <TestMethod codeBase="C:\Users\os008\.codex\worktrees\fluxvault-next002-plan\FluxVault\tests\FluxVault.Windows.Tests\bin\Release\net10.0\FluxVault.Windows.Tests.dll" adapterTypeName="executor://xunit/VsTestRunner3/netcore/" className="FluxVault.Windows.Tests.WindowsCallerSourceTests" name="A_child_restricted_after_parent_admission_is_denied_by_native_open" />
    </UnitTest>
    <UnitTest name="FluxVault.Windows.Tests.WindowsProtectionSourceTests.Lazy_scan_pins_the_directory_until_disposal_and_releases_it_after_cancellation" storage="c:\users\os008\.codex\worktrees\fluxvault-next002-plan\fluxvault\tests\fluxvault.windows.tests\bin\release\net10.0\fluxvault.windows.tests.dll" id="11d5a462-c6c2-e385-da0c-d11a649beb76">
      <Execution id="b3efd7b9-db26-46ef-a842-2982cf694d03" />
      <TestMethod codeBase="C:\Users\os008\.codex\worktrees\fluxvault-next002-plan\FluxVault\tests\FluxVault.Windows.Tests\bin\Release\net10.0\FluxVault.Windows.Tests.dll" adapterTypeName="executor://xunit/VsTestRunner3/netcore/" className="FluxVault.Windows.Tests.WindowsProtectionSourceTests" name="Lazy_scan_pins_the_directory_until_disposal_and_releases_it_after_cancellation" />
    </UnitTest>
    <UnitTest name="FluxVault.Windows.Tests.WindowsCallerSourceTests.Ambiguous_path_forms_are_rejected(relative: &quot;document.txt:stream&quot;)" storage="c:\users\os008\.codex\worktrees\fluxvault-next002-plan\fluxvault\tests\fluxvault.windows.tests\bin\release\net10.0\fluxvault.windows.tests.dll" id="a51865f6-52a9-ae56-b04f-01f8cd4ab03d">
      <Execution id="88994a51-06df-4407-ac77-29a004fa5c9c" />
      <TestMethod codeBase="C:\Users\os008\.codex\worktrees\fluxvault-next002-plan\FluxVault\tests\FluxVault.Windows.Tests\bin\Release\net10.0\FluxVault.Windows.Tests.dll" adapterTypeName="executor://xunit/VsTestRunner3/netcore/" className="FluxVault.Windows.Tests.WindowsCallerSourceTests" name="Ambiguous_path_forms_are_rejected" />
    </UnitTest>
    <UnitTest name="FluxVault.Windows.Tests.WindowsProtectionSourceTests.Cancelled_capture_throws_and_acquires_no_handles" storage="c:\users\os008\.codex\worktrees\fluxvault-next002-plan\fluxvault\tests\fluxvault.windows.tests\bin\release\net10.0\fluxvault.windows.tests.dll" id="368a3780-2403-00cc-26b9-da2885c1e51d">
      <Execution id="bca8115b-9093-42ec-b6eb-de7e9202c107" />
      <TestMethod codeBase="C:\Users\os008\.codex\worktrees\fluxvault-next002-plan\FluxVault\tests\FluxVault.Windows.Tests\bin\Release\net10.0\FluxVault.Windows.Tests.dll" adapterTypeName="executor://xunit/VsTestRunner3/netcore/" className="FluxVault.Windows.Tests.WindowsProtectionSourceTests" name="Cancelled_capture_throws_and_acquires_no_handles" />
    </UnitTest>
    <UnitTest name="FluxVault.Windows.Tests.WindowsDirectoryBatchTests.Malformed_utf16_is_not_rewritten_as_a_replacement_character_sibling" storage="c:\users\os008\.codex\worktrees\fluxvault-next002-plan\fluxvault\tests\fluxvault.windows.tests\bin\release\net10.0\fluxvault.windows.tests.dll" id="1b5f410e-0a9a-5800-01d9-8c8f1299e6e0">
      <Execution id="7895bc0b-361a-4c24-ba22-b1403c0ca530" />
      <TestMethod codeBase="C:\Users\os008\.codex\worktrees\fluxvault-next002-plan\FluxVault\tests\FluxVault.Windows.Tests\bin\Release\net10.0\FluxVault.Windows.Tests.dll" adapterTypeName="executor://xunit/VsTestRunner3/netcore/" className="FluxVault.Windows.Tests.WindowsDirectoryBatchTests" name="Malformed_utf16_is_not_rewritten_as_a_replacement_character_sibling" />
    </UnitTest>
    <UnitTest name="FluxVault.Windows.Tests.WindowsCallerSourceTests.Ordinary_case_variant_resolves_the_same_selected_root" storage="c:\users\os008\.codex\worktrees\fluxvault-next002-plan\fluxvault\tests\fluxvault.windows.tests\bin\release\net10.0\fluxvault.windows.tests.dll" id="c882a0e6-1992-e8d9-387a-f36d9f9cfabe">
      <Execution id="195ab011-e80d-48ea-ac71-b543ba76d5cd" />
      <TestMethod codeBase="C:\Users\os008\.codex\worktrees\fluxvault-next002-plan\FluxVault\tests\FluxVault.Windows.Tests\bin\Release\net10.0\FluxVault.Windows.Tests.dll" adapterTypeName="executor://xunit/VsTestRunner3/netcore/" className="FluxVault.Windows.Tests.WindowsCallerSourceTests" name="Ordinary_case_variant_resolves_the_same_selected_root" />
    </UnitTest>
    <UnitTest name="FluxVault.Windows.Tests.WindowsProtectionSourceTests.Reparse_and_outside_roots_are_unavailable_even_if_the_leaf_is_missing" storage="c:\users\os008\.codex\worktrees\fluxvault-next002-plan\fluxvault\tests\fluxvault.windows.tests\bin\release\net10.0\fluxvault.windows.tests.dll" id="448b9fa2-82e9-6a5f-2b53-c005fb2e5465">
      <Execution id="ed7d1ae1-6e94-41d2-bf00-b4cb73d63dbf" />
      <TestMethod codeBase="C:\Users\os008\.codex\worktrees\fluxvault-next002-plan\FluxVault\tests\FluxVault.Windows.Tests\bin\Release\net10.0\FluxVault.Windows.Tests.dll" adapterTypeName="executor://xunit/VsTestRunner3/netcore/" className="FluxVault.Windows.Tests.WindowsProtectionSourceTests" name="Reparse_and_outside_roots_are_unavailable_even_if_the_leaf_is_missing" />
    </UnitTest>
  </TestDefinitions>
  <TestEntries>
    <TestEntry testId="cc9e6c26-9643-31e4-4a8a-b4207afb6830" executionId="e8d52b45-9592-415d-acf5-f611cef1dc7c" testListId="8c84fa94-04c1-424b-9868-57a2d4851a1d" />
    <TestEntry testId="f2366844-9ccc-0211-9d33-2de08034b71a" executionId="5cc88efe-16ab-4a02-a0f5-8ba15f179055" testListId="8c84fa94-04c1-424b-9868-57a2d4851a1d" />
    <TestEntry testId="11d5a462-c6c2-e385-da0c-d11a649beb76" executionId="b3efd7b9-db26-46ef-a842-2982cf694d03" testListId="8c84fa94-04c1-424b-9868-57a2d4851a1d" />
    <TestEntry testId="c882a0e6-1992-e8d9-387a-f36d9f9cfabe" executionId="195ab011-e80d-48ea-ac71-b543ba76d5cd" testListId="8c84fa94-04c1-424b-9868-57a2d4851a1d" />
    <TestEntry testId="0b68dd6e-4ae7-db0c-d159-1539d983c909" executionId="99dee132-08f4-48a6-9047-53a3c2768dcd" testListId="8c84fa94-04c1-424b-9868-57a2d4851a1d" />
    <TestEntry testId="9b4e830e-becc-d56b-8505-d32a42a741bc" executionId="42d2b8e2-8e18-4402-945e-0dee33a2eaf7" testListId="8c84fa94-04c1-424b-9868-57a2d4851a1d" />
    <TestEntry testId="620bdb48-b707-f60a-a140-cb1184bf3d72" executionId="379ac8f6-9e46-4536-b9a4-6762bef2f9a8" testListId="8c84fa94-04c1-424b-9868-57a2d4851a1d" />
    <TestEntry testId="aa2f2692-7502-7a1c-f5d9-26ec903614e4" executionId="18ddbf43-edc8-4509-9aa3-02196a93e016" testListId="8c84fa94-04c1-424b-9868-57a2d4851a1d" />
    <TestEntry testId="620f56af-d5e0-d950-5af0-e6c0b783cb8b" executionId="1015e380-171d-4b38-a902-0a711de3ee75" testListId="8c84fa94-04c1-424b-9868-57a2d4851a1d" />
    <TestEntry testId="448b9fa2-82e9-6a5f-2b53-c005fb2e5465" executionId="ed7d1ae1-6e94-41d2-bf00-b4cb73d63dbf" testListId="8c84fa94-04c1-424b-9868-57a2d4851a1d" />
    <TestEntry testId="9aab339d-5d25-98d1-412e-ad23392a96e0" executionId="28078389-5369-47e8-b4e7-72cab0cc746e" testListId="8c84fa94-04c1-424b-9868-57a2d4851a1d" />
    <TestEntry testId="017d0956-2ceb-83ee-88cc-4f873f3e6769" executionId="9b8d3a33-6691-4796-98d9-41d497a24342" testListId="8c84fa94-04c1-424b-9868-57a2d4851a1d" />
    <TestEntry testId="4531d540-9719-884d-1c24-0ea3a34d7e3f" executionId="e7c167e5-2bc9-4a35-8241-cb41e7938a6b" testListId="8c84fa94-04c1-424b-9868-57a2d4851a1d" />
    <TestEntry testId="3198cb07-25e1-85d7-4c20-39fc0dbb4602" executionId="90fd8f02-b586-41dc-bc51-edf70614fc17" testListId="8c84fa94-04c1-424b-9868-57a2d4851a1d" />
    <TestEntry testId="c4927af5-b598-753b-472d-f9a6c1f69703" executionId="1481a583-0bfa-46e7-8ba6-c42c2140b123" testListId="8c84fa94-04c1-424b-9868-57a2d4851a1d" />
    <TestEntry testId="fe792ecf-f403-bc97-d1fe-bc6b062dad22" executionId="040a0c68-2632-4211-b7b5-7bf9c18ac151" testListId="8c84fa94-04c1-424b-9868-57a2d4851a1d" />
    <TestEntry testId="df7b2c31-1ee6-5d3e-f598-a70bd542eb80" executionId="3d89523d-b2cd-40a6-abdc-1f1f5d5898c6" testListId="8c84fa94-04c1-424b-9868-57a2d4851a1d" />
    <TestEntry testId="8f20478f-59c0-459a-6542-4629b29f63cc" executionId="8dd35430-bdb4-4cbd-8061-a433ce24568a" testListId="8c84fa94-04c1-424b-9868-57a2d4851a1d" />
    <TestEntry testId="22a38260-3163-91d8-b119-9eb7b4f6a492" executionId="5732ff61-51d3-46aa-ba1c-d29f7e123bba" testListId="8c84fa94-04c1-424b-9868-57a2d4851a1d" />
    <TestEntry testId="d8d2cde0-4f8e-675b-d2b9-f7a5b0da7d45" executionId="c97cbe5e-34ef-4737-9431-968d22a68388" testListId="8c84fa94-04c1-424b-9868-57a2d4851a1d" />
    <TestEntry testId="4a20d084-f9d9-f8eb-0bf0-2e5141e8cc2c" executionId="73d0ae9c-f6cb-4abe-9012-6c266ab5e911" testListId="8c84fa94-04c1-424b-9868-57a2d4851a1d" />
    <TestEntry testId="16235f98-8543-1d46-dc4d-4cbf550b8068" executionId="aa8bdda6-b4fe-44aa-ae94-163d0ad8261e" testListId="8c84fa94-04c1-424b-9868-57a2d4851a1d" />
    <TestEntry testId="368a3780-2403-00cc-26b9-da2885c1e51d" executionId="bca8115b-9093-42ec-b6eb-de7e9202c107" testListId="8c84fa94-04c1-424b-9868-57a2d4851a1d" />
    <TestEntry testId="8b7f3dcc-5429-ace1-eeed-444152b14c35" executionId="4f9dfd17-e84e-41be-8778-f5954ffd4653" testListId="8c84fa94-04c1-424b-9868-57a2d4851a1d" />
    <TestEntry testId="ca09fe18-0357-d215-ef37-7b0896a54ee7" executionId="eb90a697-a21b-4535-b81a-6fa3610d7f97" testListId="8c84fa94-04c1-424b-9868-57a2d4851a1d" />
    <TestEntry testId="16955b6e-2edc-a855-a385-7ea4a6ba79a7" executionId="9114fa39-a9eb-458a-a460-bd2eb11a76ba" testListId="8c84fa94-04c1-424b-9868-57a2d4851a1d" />
    <TestEntry testId="2a524a7f-d3d0-92e7-e5d3-5842da449d78" executionId="e3653836-d4a1-4234-bb92-4ef8ec795fd4" testListId="8c84fa94-04c1-424b-9868-57a2d4851a1d" />
    <TestEntry testId="45df8dc7-615b-86e4-1063-e0173385017f" executionId="6a72ff53-4c36-4b38-9dff-d5055e64032a" testListId="8c84fa94-04c1-424b-9868-57a2d4851a1d" />
    <TestEntry testId="1bef19cf-b192-895c-3188-136d4f100c33" executionId="1b060ed7-ce69-4096-9f67-ed3d6e72b87a" testListId="8c84fa94-04c1-424b-9868-57a2d4851a1d" />
    <TestEntry testId="828c9442-07c4-e380-3ba9-ee497ddb319e" executionId="abe126fc-e390-4856-9a08-4024577e4f69" testListId="8c84fa94-04c1-424b-9868-57a2d4851a1d" />
    <TestEntry testId="a8763f67-fa4f-dfb2-6717-731f4550d770" executionId="7a465780-18b7-402d-aaf6-932becd12329" testListId="8c84fa94-04c1-424b-9868-57a2d4851a1d" />
    <TestEntry testId="ecb6ec27-6914-aee7-5899-18905500d175" executionId="c747d994-bf97-4be5-ac1c-c0f278c9d3e7" testListId="8c84fa94-04c1-424b-9868-57a2d4851a1d" />
    <TestEntry testId="9340eb76-917f-9d51-7352-c35530c6bfa6" executionId="7c62ec24-701f-4ac9-966e-9440b219a090" testListId="8c84fa94-04c1-424b-9868-57a2d4851a1d" />
    <TestEntry testId="1b5f410e-0a9a-5800-01d9-8c8f1299e6e0" executionId="7895bc0b-361a-4c24-ba22-b1403c0ca530" testListId="8c84fa94-04c1-424b-9868-57a2d4851a1d" />
    <TestEntry testId="80ce8882-3e12-ad13-020d-20feafa40a83" executionId="98c224ff-d5b6-4970-a5ec-c98a80e74d43" testListId="8c84fa94-04c1-424b-9868-57a2d4851a1d" />
    <TestEntry testId="c1a7e40e-ebb0-4e21-e455-19590e14bdfa" executionId="1a63f597-635d-47dd-9d52-23fe86c0dd26" testListId="8c84fa94-04c1-424b-9868-57a2d4851a1d" />
    <TestEntry testId="a51865f6-52a9-ae56-b04f-01f8cd4ab03d" executionId="88994a51-06df-4407-ac77-29a004fa5c9c" testListId="8c84fa94-04c1-424b-9868-57a2d4851a1d" />
    <TestEntry testId="998ec45a-5907-ea1d-9d4a-2c29d7b5edd1" executionId="8b994393-1caf-4990-81d8-6e0d318722b5" testListId="8c84fa94-04c1-424b-9868-57a2d4851a1d" />
    <TestEntry testId="c37e6e6a-03d5-89ca-dc9e-d222c6fc49f9" executionId="bdf7a5ea-26d6-4268-b752-44a7c244f424" testListId="8c84fa94-04c1-424b-9868-57a2d4851a1d" />
    <TestEntry testId="22c4ce63-7a12-b093-f52e-c3e26fca9203" executionId="386cae24-f9a4-41bd-939a-a27951fac326" testListId="8c84fa94-04c1-424b-9868-57a2d4851a1d" />
    <TestEntry testId="7bb29203-22d9-49d9-7c67-c734370e1442" executionId="dd8f1673-addd-43d4-90ef-e634b706e052" testListId="8c84fa94-04c1-424b-9868-57a2d4851a1d" />
  </TestEntries>
  <TestLists>
    <TestList name="Results Not in a List" id="8c84fa94-04c1-424b-9868-57a2d4851a1d" />
    <TestList name="All Loaded Results" id="19431567-8539-422a-85d7-44ee4e166bda" />
  </TestLists>
  <ResultSummary outcome="Completed">
    <Counters total="41" executed="41" passed="41" failed="0" error="0" timeout="0" aborted="0" inconclusive="0" passedButRunAborted="0" notRunnable="0" notExecuted="0" disconnected="0" warning="0" completed="0" inProgress="0" pending="0" />
    <Output>
      <StdOut>[xUnit.net 00:00:00.00] xUnit.net VSTest Adapter v3.1.4+50e68bbb8b (64-bit .NET 10.0.12)&#xD;
[xUnit.net 00:00:00.08]   Discovering: FluxVault.Windows.Tests&#xD;
[xUnit.net 00:00:00.13]   Discovered:  FluxVault.Windows.Tests&#xD;
[xUnit.net 00:00:00.16]   Starting:    FluxVault.Windows.Tests&#xD;
[xUnit.net 00:00:00.80]   Finished:    FluxVault.Windows.Tests&#xD;
</StdOut>
    </Output>
  </ResultSummary>
</TestRun>