[6268]  LOG:  starting PostgreSQL 18.6 on x86_64-windows, compiled by msvc-19.44.35228, 64-bit
[6268]  LOG:  listening on IPv4 address "127.0.0.1", port 53414
[6268]  LOG:  listening on IPv6 address "::1", port 53414
[39768]  LOG:  database system was shut down at 2026-10-04 09:52:29 EEST
[6268]  LOG:  database system is ready to accept connections
[20600] [unknown] LOG:  connection received: host=127.0.0.1 port=53425
[20600] [unknown] LOG:  connection authenticated: identity="fv_gate_bootstrap" method=scram-sha-256 (C:/ProgramData/FluxVault.Tests/NEXT002/618bf731e1894852800a3875763a43cc/data/pg_hba.conf:1)
[20600] [unknown] LOG:  connection authorized: user=fv_gate_bootstrap database=postgres application_name=psql
[20600] psql LOG:  connection ready: setup total=63.223 ms, fork=21.673 ms, authentication=21.432 ms
[6268]  LOG:  received SIGHUP, reloading configuration files
[23380] [unknown] LOG:  connection received: host=127.0.0.1 port=53429
[23380] [unknown] LOG:  connection authenticated: identity="NT AUTHORITY\SYSTEM" method=sspi (C:/ProgramData/FluxVault.Tests/NEXT002/618bf731e1894852800a3875763a43cc/data/pg_hba.conf:1)
[23380] [unknown] LOG:  no match in usermap "fv_gate_system" for user "fv_gate_service" authenticated as "SYSTEM@NT AUTHORITY"
[23380] [unknown] FATAL:  SSPI authentication failed for user "fv_gate_service"
[23380] [unknown] DETAIL:  Connection matched file "C:/ProgramData/FluxVault.Tests/NEXT002/618bf731e1894852800a3875763a43cc/data/pg_hba.conf" line 1: "host fv_gate_261003 fv_gate_service 127.0.0.1/32 sspi map=fv_gate_system include_realm=1"
[45880] [unknown] LOG:  connection received: host=127.0.0.1 port=53430
[45880] [unknown] LOG:  connection authenticated: identity="NT AUTHORITY\SYSTEM" method=sspi (C:/ProgramData/FluxVault.Tests/NEXT002/618bf731e1894852800a3875763a43cc/data/pg_hba.conf:1)
[45880] [unknown] LOG:  no match in usermap "fv_gate_system" for user "fv_gate_service" authenticated as "SYSTEM@NT AUTHORITY"
[45880] [unknown] FATAL:  SSPI authentication failed for user "fv_gate_service"
[45880] [unknown] DETAIL:  Connection matched file "C:/ProgramData/FluxVault.Tests/NEXT002/618bf731e1894852800a3875763a43cc/data/pg_hba.conf" line 1: "host fv_gate_261003 fv_gate_service 127.0.0.1/32 sspi map=fv_gate_system include_realm=1"
[55968] [unknown] LOG:  connection received: host=127.0.0.1 port=53432
[55968] [unknown] LOG:  connection authenticated: identity="NT AUTHORITY\SYSTEM" method=sspi (C:/ProgramData/FluxVault.Tests/NEXT002/618bf731e1894852800a3875763a43cc/data/pg_hba.conf:1)
[55968] [unknown] LOG:  no match in usermap "fv_gate_system" for user "fv_gate_service" authenticated as "SYSTEM@NT AUTHORITY"
[55968] [unknown] FATAL:  SSPI authentication failed for user "fv_gate_service"
[55968] [unknown] DETAIL:  Connection matched file "C:/ProgramData/FluxVault.Tests/NEXT002/618bf731e1894852800a3875763a43cc/data/pg_hba.conf" line 1: "host fv_gate_261003 fv_gate_service 127.0.0.1/32 sspi map=fv_gate_system include_realm=1"
[55292] [unknown] LOG:  connection received: host=::1 port=53435
[55292] [unknown] LOG:  connection authenticated: identity="NT AUTHORITY\SYSTEM" method=sspi (C:/ProgramData/FluxVault.Tests/NEXT002/618bf731e1894852800a3875763a43cc/data/pg_hba.conf:2)
[55292] [unknown] LOG:  no match in usermap "fv_gate_system" for user "fv_gate_service" authenticated as "SYSTEM@NT AUTHORITY"
[55292] [unknown] FATAL:  SSPI authentication failed for user "fv_gate_service"
[55292] [unknown] DETAIL:  Connection matched file "C:/ProgramData/FluxVault.Tests/NEXT002/618bf731e1894852800a3875763a43cc/data/pg_hba.conf" line 2: "host fv_gate_261003 fv_gate_service ::1/128 sspi map=fv_gate_system include_realm=1"
[34048] [unknown] LOG:  connection received: host=::1 port=53436
[34048] [unknown] LOG:  connection authenticated: identity="NT AUTHORITY\SYSTEM" method=sspi (C:/ProgramData/FluxVault.Tests/NEXT002/618bf731e1894852800a3875763a43cc/data/pg_hba.conf:2)
[34048] [unknown] LOG:  no match in usermap "fv_gate_system" for user "fv_gate_service" authenticated as "SYSTEM@NT AUTHORITY"
[34048] [unknown] FATAL:  SSPI authentication failed for user "fv_gate_service"
[34048] [unknown] DETAIL:  Connection matched file "C:/ProgramData/FluxVault.Tests/NEXT002/618bf731e1894852800a3875763a43cc/data/pg_hba.conf" line 2: "host fv_gate_261003 fv_gate_service ::1/128 sspi map=fv_gate_system include_realm=1"
[18020] [unknown] LOG:  connection received: host=::1 port=53438
[18020] [unknown] LOG:  connection authenticated: identity="NT AUTHORITY\SYSTEM" method=sspi (C:/ProgramData/FluxVault.Tests/NEXT002/618bf731e1894852800a3875763a43cc/data/pg_hba.conf:2)
[18020] [unknown] LOG:  no match in usermap "fv_gate_system" for user "fv_gate_service" authenticated as "SYSTEM@NT AUTHORITY"
[18020] [unknown] FATAL:  SSPI authentication failed for user "fv_gate_service"
[18020] [unknown] DETAIL:  Connection matched file "C:/ProgramData/FluxVault.Tests/NEXT002/618bf731e1894852800a3875763a43cc/data/pg_hba.conf" line 2: "host fv_gate_261003 fv_gate_service ::1/128 sspi map=fv_gate_system include_realm=1"
[6268]  LOG:  received SIGHUP, reloading configuration files
[46700] [unknown] LOG:  connection received: host=127.0.0.1 port=53442
[46700] [unknown] LOG:  connection authenticated: identity="NT AUTHORITY\SYSTEM" method=sspi (C:/ProgramData/FluxVault.Tests/NEXT002/618bf731e1894852800a3875763a43cc/data/pg_hba.conf:1)
[46700] [unknown] LOG:  connection authorized: user=fv_gate_service database=fv_gate_261003 application_name=FVGate.d62c75357dbd41f88972557ad8bdc07d.System
[46700] FVGate.d62c75357dbd41f88972557ad8bdc07d.System LOG:  connection ready: setup total=44.319 ms, fork=19.637 ms, authentication=8.536 ms
[55500] [unknown] LOG:  connection received: host=127.0.0.1 port=53445
[55500] [unknown] LOG:  connection authenticated: identity="NT AUTHORITY\SYSTEM" method=sspi (C:/ProgramData/FluxVault.Tests/NEXT002/618bf731e1894852800a3875763a43cc/data/pg_hba.conf:1)
[55500] [unknown] LOG:  connection authorized: user=fv_gate_service database=fv_gate_261003 application_name=FVGate.6f65a909b13342598128aeef28bf8787.libpq
[55500] FVGate.6f65a909b13342598128aeef28bf8787.libpq LOG:  connection ready: setup total=32.581 ms, fork=19.380 ms, authentication=5.325 ms
[59328] [unknown] LOG:  connection received: host=::1 port=53447
[59328] [unknown] LOG:  connection authenticated: identity="NT AUTHORITY\SYSTEM" method=sspi (C:/ProgramData/FluxVault.Tests/NEXT002/618bf731e1894852800a3875763a43cc/data/pg_hba.conf:2)
[59328] [unknown] LOG:  connection authorized: user=fv_gate_service database=fv_gate_261003 application_name=FVGate.c6247fe33f584fdfadf23e2d4575f168.System
[59328] FVGate.c6247fe33f584fdfadf23e2d4575f168.System LOG:  connection ready: setup total=39.546 ms, fork=18.735 ms, authentication=8.343 ms
[58456] [unknown] LOG:  connection received: host=::1 port=53451
[58456] [unknown] LOG:  connection authenticated: identity="NT AUTHORITY\SYSTEM" method=sspi (C:/ProgramData/FluxVault.Tests/NEXT002/618bf731e1894852800a3875763a43cc/data/pg_hba.conf:2)
[58456] [unknown] LOG:  connection authorized: user=fv_gate_service database=fv_gate_261003 application_name=FVGate.961715084d6d4571840257f1f8ac74bc.libpq
[58456] FVGate.961715084d6d4571840257f1f8ac74bc.libpq LOG:  connection ready: setup total=34.149 ms, fork=19.700 ms, authentication=5.124 ms
[19260] [unknown] LOG:  connection received: host=127.0.0.1 port=62028
[19260] [unknown] LOG:  connection authenticated: identity="OS008-HOME\FVGateA_261003" method=sspi (C:/ProgramData/FluxVault.Tests/NEXT002/618bf731e1894852800a3875763a43cc/data/pg_hba.conf:1)
[19260] [unknown] LOG:  no match in usermap "fv_gate_system" for user "fv_gate_service" authenticated as "FVGateA_261003@OS008-HOME"
[19260] [unknown] FATAL:  SSPI authentication failed for user "fv_gate_service"
[19260] [unknown] DETAIL:  Connection matched file "C:/ProgramData/FluxVault.Tests/NEXT002/618bf731e1894852800a3875763a43cc/data/pg_hba.conf" line 1: "host fv_gate_261003 fv_gate_service 127.0.0.1/32 sspi map=fv_gate_system include_realm=1"
[7616] [unknown] LOG:  connection received: host=127.0.0.1 port=62029
[7616] [unknown] LOG:  connection authenticated: identity="OS008-HOME\FVGateA_261003" method=sspi (C:/ProgramData/FluxVault.Tests/NEXT002/618bf731e1894852800a3875763a43cc/data/pg_hba.conf:1)
[7616] [unknown] LOG:  no match in usermap "fv_gate_system" for user "fv_gate_service" authenticated as "FVGateA_261003@OS008-HOME"
[7616] [unknown] FATAL:  SSPI authentication failed for user "fv_gate_service"
[7616] [unknown] DETAIL:  Connection matched file "C:/ProgramData/FluxVault.Tests/NEXT002/618bf731e1894852800a3875763a43cc/data/pg_hba.conf" line 1: "host fv_gate_261003 fv_gate_service 127.0.0.1/32 sspi map=fv_gate_system include_realm=1"
[35716] [unknown] LOG:  connection received: host=127.0.0.1 port=62032
[35716] [unknown] LOG:  connection authenticated: identity="OS008-HOME\FVGateA_261003" method=sspi (C:/ProgramData/FluxVault.Tests/NEXT002/618bf731e1894852800a3875763a43cc/data/pg_hba.conf:1)
[35716] [unknown] LOG:  no match in usermap "fv_gate_system" for user "fv_gate_service" authenticated as "FVGateA_261003@OS008-HOME"
[35716] [unknown] FATAL:  SSPI authentication failed for user "fv_gate_service"
[35716] [unknown] DETAIL:  Connection matched file "C:/ProgramData/FluxVault.Tests/NEXT002/618bf731e1894852800a3875763a43cc/data/pg_hba.conf" line 1: "host fv_gate_261003 fv_gate_service 127.0.0.1/32 sspi map=fv_gate_system include_realm=1"
[40476] [unknown] LOG:  connection received: host=::1 port=62033
[40476] [unknown] LOG:  connection authenticated: identity="OS008-HOME\FVGateA_261003" method=sspi (C:/ProgramData/FluxVault.Tests/NEXT002/618bf731e1894852800a3875763a43cc/data/pg_hba.conf:2)
[40476] [unknown] LOG:  no match in usermap "fv_gate_system" for user "fv_gate_service" authenticated as "FVGateA_261003@OS008-HOME"
[40476] [unknown] FATAL:  SSPI authentication failed for user "fv_gate_service"
[40476] [unknown] DETAIL:  Connection matched file "C:/ProgramData/FluxVault.Tests/NEXT002/618bf731e1894852800a3875763a43cc/data/pg_hba.conf" line 2: "host fv_gate_261003 fv_gate_service ::1/128 sspi map=fv_gate_system include_realm=1"
[58160] [unknown] LOG:  connection received: host=::1 port=62034
[58160] [unknown] LOG:  connection authenticated: identity="OS008-HOME\FVGateA_261003" method=sspi (C:/ProgramData/FluxVault.Tests/NEXT002/618bf731e1894852800a3875763a43cc/data/pg_hba.conf:2)
[58160] [unknown] LOG:  no match in usermap "fv_gate_system" for user "fv_gate_service" authenticated as "FVGateA_261003@OS008-HOME"
[58160] [unknown] FATAL:  SSPI authentication failed for user "fv_gate_service"
[58160] [unknown] DETAIL:  Connection matched file "C:/ProgramData/FluxVault.Tests/NEXT002/618bf731e1894852800a3875763a43cc/data/pg_hba.conf" line 2: "host fv_gate_261003 fv_gate_service ::1/128 sspi map=fv_gate_system include_realm=1"
[24716] [unknown] LOG:  connection received: host=::1 port=62037
[24716] [unknown] LOG:  connection authenticated: identity="OS008-HOME\FVGateA_261003" method=sspi (C:/ProgramData/FluxVault.Tests/NEXT002/618bf731e1894852800a3875763a43cc/data/pg_hba.conf:2)
[24716] [unknown] LOG:  no match in usermap "fv_gate_system" for user "fv_gate_service" authenticated as "FVGateA_261003@OS008-HOME"
[24716] [unknown] FATAL:  SSPI authentication failed for user "fv_gate_service"
[24716] [unknown] DETAIL:  Connection matched file "C:/ProgramData/FluxVault.Tests/NEXT002/618bf731e1894852800a3875763a43cc/data/pg_hba.conf" line 2: "host fv_gate_261003 fv_gate_service ::1/128 sspi map=fv_gate_system include_realm=1"
[57736] [unknown] LOG:  connection received: host=127.0.0.1 port=62039
[57736] [unknown] LOG:  connection authenticated: identity="OS008-HOME\FVGateB_261003" method=sspi (C:/ProgramData/FluxVault.Tests/NEXT002/618bf731e1894852800a3875763a43cc/data/pg_hba.conf:1)
[57736] [unknown] LOG:  no match in usermap "fv_gate_system" for user "fv_gate_service" authenticated as "FVGateB_261003@OS008-HOME"
[57736] [unknown] FATAL:  SSPI authentication failed for user "fv_gate_service"
[57736] [unknown] DETAIL:  Connection matched file "C:/ProgramData/FluxVault.Tests/NEXT002/618bf731e1894852800a3875763a43cc/data/pg_hba.conf" line 1: "host fv_gate_261003 fv_gate_service 127.0.0.1/32 sspi map=fv_gate_system include_realm=1"
[28608] [unknown] LOG:  connection received: host=127.0.0.1 port=62040
[28608] [unknown] LOG:  connection authenticated: identity="OS008-HOME\FVGateB_261003" method=sspi (C:/ProgramData/FluxVault.Tests/NEXT002/618bf731e1894852800a3875763a43cc/data/pg_hba.conf:1)
[28608] [unknown] LOG:  no match in usermap "fv_gate_system" for user "fv_gate_service" authenticated as "FVGateB_261003@OS008-HOME"
[28608] [unknown] FATAL:  SSPI authentication failed for user "fv_gate_service"
[28608] [unknown] DETAIL:  Connection matched file "C:/ProgramData/FluxVault.Tests/NEXT002/618bf731e1894852800a3875763a43cc/data/pg_hba.conf" line 1: "host fv_gate_261003 fv_gate_service 127.0.0.1/32 sspi map=fv_gate_system include_realm=1"
[41068] [unknown] LOG:  connection received: host=127.0.0.1 port=62042
[41068] [unknown] LOG:  connection authenticated: identity="OS008-HOME\FVGateB_261003" method=sspi (C:/ProgramData/FluxVault.Tests/NEXT002/618bf731e1894852800a3875763a43cc/data/pg_hba.conf:1)
[41068] [unknown] LOG:  no match in usermap "fv_gate_system" for user "fv_gate_service" authenticated as "FVGateB_261003@OS008-HOME"
[41068] [unknown] FATAL:  SSPI authentication failed for user "fv_gate_service"
[41068] [unknown] DETAIL:  Connection matched file "C:/ProgramData/FluxVault.Tests/NEXT002/618bf731e1894852800a3875763a43cc/data/pg_hba.conf" line 1: "host fv_gate_261003 fv_gate_service 127.0.0.1/32 sspi map=fv_gate_system include_realm=1"
[35004] [unknown] LOG:  connection received: host=::1 port=62045
[35004] [unknown] LOG:  connection authenticated: identity="OS008-HOME\FVGateB_261003" method=sspi (C:/ProgramData/FluxVault.Tests/NEXT002/618bf731e1894852800a3875763a43cc/data/pg_hba.conf:2)
[35004] [unknown] LOG:  no match in usermap "fv_gate_system" for user "fv_gate_service" authenticated as "FVGateB_261003@OS008-HOME"
[35004] [unknown] FATAL:  SSPI authentication failed for user "fv_gate_service"
[35004] [unknown] DETAIL:  Connection matched file "C:/ProgramData/FluxVault.Tests/NEXT002/618bf731e1894852800a3875763a43cc/data/pg_hba.conf" line 2: "host fv_gate_261003 fv_gate_service ::1/128 sspi map=fv_gate_system include_realm=1"
[50416] [unknown] LOG:  connection received: host=::1 port=62046
[50416] [unknown] LOG:  connection authenticated: identity="OS008-HOME\FVGateB_261003" method=sspi (C:/ProgramData/FluxVault.Tests/NEXT002/618bf731e1894852800a3875763a43cc/data/pg_hba.conf:2)
[50416] [unknown] LOG:  no match in usermap "fv_gate_system" for user "fv_gate_service" authenticated as "FVGateB_261003@OS008-HOME"
[50416] [unknown] FATAL:  SSPI authentication failed for user "fv_gate_service"
[50416] [unknown] DETAIL:  Connection matched file "C:/ProgramData/FluxVault.Tests/NEXT002/618bf731e1894852800a3875763a43cc/data/pg_hba.conf" line 2: "host fv_gate_261003 fv_gate_service ::1/128 sspi map=fv_gate_system include_realm=1"
[49324] [unknown] LOG:  connection received: host=::1 port=62048
[49324] [unknown] LOG:  connection authenticated: identity="OS008-HOME\FVGateB_261003" method=sspi (C:/ProgramData/FluxVault.Tests/NEXT002/618bf731e1894852800a3875763a43cc/data/pg_hba.conf:2)
[49324] [unknown] LOG:  no match in usermap "fv_gate_system" for user "fv_gate_service" authenticated as "FVGateB_261003@OS008-HOME"
[49324] [unknown] FATAL:  SSPI authentication failed for user "fv_gate_service"
[49324] [unknown] DETAIL:  Connection matched file "C:/ProgramData/FluxVault.Tests/NEXT002/618bf731e1894852800a3875763a43cc/data/pg_hba.conf" line 2: "host fv_gate_261003 fv_gate_service ::1/128 sspi map=fv_gate_system include_realm=1"
[36248] [unknown] LOG:  connection received: host=127.0.0.1 port=62051
[36248] [unknown] LOG:  connection authenticated: identity="NT AUTHORITY\SYSTEM" method=sspi (C:/ProgramData/FluxVault.Tests/NEXT002/618bf731e1894852800a3875763a43cc/data/pg_hba.conf:1)
[36248] [unknown] LOG:  connection authorized: user=fv_gate_service database=fv_gate_261003 application_name=FVGate.0c55f31061554ea2a85f935715b861ee.System
[36248] FVGate.0c55f31061554ea2a85f935715b861ee.System LOG:  connection ready: setup total=41.560 ms, fork=21.229 ms, authentication=7.970 ms
[51876] [unknown] LOG:  connection received: host=127.0.0.1 port=62052
[51876] [unknown] LOG:  connection authenticated: identity="NT AUTHORITY\SYSTEM" method=sspi (C:/ProgramData/FluxVault.Tests/NEXT002/618bf731e1894852800a3875763a43cc/data/pg_hba.conf:1)
[51876] [unknown] LOG:  connection authorized: user=fv_gate_service database=fv_gate_261003
[51876] [unknown] LOG:  connection ready: setup total=33.182 ms, fork=20.214 ms, authentication=3.807 ms
[44524] [unknown] LOG:  connection received: host=127.0.0.1 port=62054
[44524] [unknown] LOG:  connection authenticated: identity="NT AUTHORITY\SYSTEM" method=sspi (C:/ProgramData/FluxVault.Tests/NEXT002/618bf731e1894852800a3875763a43cc/data/pg_hba.conf:1)
[44524] [unknown] LOG:  connection authorized: user=fv_gate_service database=fv_gate_261003
[44524] [unknown] LOG:  connection ready: setup total=32.857 ms, fork=19.972 ms, authentication=3.793 ms
[6268]  LOG:  received fast shutdown request
[6268]  LOG:  aborting any active transactions
[6268]  LOG:  background worker "logical replication launcher" (PID 20272) exited with exit code 1
[2792]  LOG:  shutting down
[2792]  LOG:  checkpoint starting: shutdown immediate
[2792]  LOG:  checkpoint complete: wrote 1089 buffers (26.6%), wrote 3 SLRU buffers; 0 WAL file(s) added, 0 removed, 0 recycled; write=0.037 s, sync=0.307 s, total=0.351 s; sync files=403, longest=0.005 s, average=0.001 s; distance=5322 kB, estimate=5322 kB; lsn=0/1D26020, redo lsn=0/1D26020
[6268]  LOG:  database system is shut down
