<?xml version="1.0" encoding="utf-8"?>
<TestRun id="b2dca658-fc84-4216-b1b6-78e945866997" name="os008@OS008-HOME 2026-10-04 09:30:48" runUser="OS008-HOME\os008" xmlns="http://microsoft.com/schemas/VisualStudio/TeamTest/2010">
  <Times creation="2026-10-04T09:30:48.7114854+03:00" queuing="2026-10-04T09:30:48.7114855+03:00" start="2026-10-04T09:30:47.9992889+03:00" finish="2026-10-04T09:30:49.2530949+03:00" />
  <TestSettings name="default" id="4c88d841-83d9-4257-8f18-e065ac169234">
    <Deployment runDeploymentRoot="os008_OS008-HOME_2026-10-04_09_30_48" />
  </TestSettings>
  <Results>
    <UnitTestResult executionId="cee2a19e-e4a0-43ee-b850-8d43b17626ea" testId="11d5a462-c6c2-e385-da0c-d11a649beb76" testName="FluxVault.Windows.Tests.WindowsProtectionSourceTests.Lazy_scan_pins_the_directory_until_disposal_and_releases_it_after_cancellation" computerName="OS008-HOME" duration="00:00:00.0461695" startTime="2026-10-04T09:30:48.5764537+03:00" endTime="2026-10-04T09:30:48.6304918+03:00" testType="13cdc9d9-ddb5-4fa4-a97d-d965ccfc6d4b" outcome="Passed" testListId="8c84fa94-04c1-424b-9868-57a2d4851a1d" relativeResultsDirectory="cee2a19e-e4a0-43ee-b850-8d43b17626ea" />
    <UnitTestResult executionId="d1f56466-0779-4b68-9a3a-87aadbd07387" testId="a51865f6-52a9-ae56-b04f-01f8cd4ab03d" testName="FluxVault.Windows.Tests.WindowsCallerSourceTests.Ambiguous_path_forms_are_rejected(relative: &quot;document.txt:stream&quot;)" computerName="OS008-HOME" duration="00:00:00.0028746" startTime="2026-10-04T09:30:48.7091766+03:00" endTime="2026-10-04T09:30:48.7121835+03:00" testType="13cdc9d9-ddb5-4fa4-a97d-d965ccfc6d4b" outcome="Passed" testListId="8c84fa94-04c1-424b-9868-57a2d4851a1d" relativeResultsDirectory="d1f56466-0779-4b68-9a3a-87aadbd07387" />
    <UnitTestResult executionId="e62cf58e-a43c-43dc-b563-c5f32c3ee796" testId="017d0956-2ceb-83ee-88cc-4f873f3e6769" testName="FluxVault.Windows.Tests.WindowsCallerSourceTests.Leaf_or_parent_reparse_point_is_rejected(parent: False)" computerName="OS008-HOME" duration="00:00:00.0045040" startTime="2026-10-04T09:30:48.6862686+03:00" endTime="2026-10-04T09:30:48.6863070+03:00" testType="13cdc9d9-ddb5-4fa4-a97d-d965ccfc6d4b" outcome="Passed" testListId="8c84fa94-04c1-424b-9868-57a2d4851a1d" relativeResultsDirectory="e62cf58e-a43c-43dc-b563-c5f32c3ee796" />
    <UnitTestResult executionId="2f5ea213-6044-4119-8727-def8c6bb3640" testId="fe792ecf-f403-bc97-d1fe-bc6b062dad22" testName="FluxVault.Windows.Tests.WindowsCallerSourceTests.Hard_linked_source_is_rejected" computerName="OS008-HOME" duration="00:00:00.0088173" startTime="2026-10-04T09:30:48.6417725+03:00" endTime="2026-10-04T09:30:48.6418490+03:00" testType="13cdc9d9-ddb5-4fa4-a97d-d965ccfc6d4b" outcome="Passed" testListId="8c84fa94-04c1-424b-9868-57a2d4851a1d" relativeResultsDirectory="2f5ea213-6044-4119-8727-def8c6bb3640" />
    <UnitTestResult executionId="929c509f-6c22-405c-889c-a32bd1d0a58e" testId="7bb29203-22d9-49d9-7c67-c734370e1442" testName="FluxVault.Windows.Tests.WindowsProtectionSourceTests.Denied_directory_listing_throws_instead_of_returning_an_empty_scan" computerName="OS008-HOME" duration="00:00:00.0046051" startTime="2026-10-04T09:30:49.1927187+03:00" endTime="2026-10-04T09:30:49.1973523+03:00" testType="13cdc9d9-ddb5-4fa4-a97d-d965ccfc6d4b" outcome="Passed" testListId="8c84fa94-04c1-424b-9868-57a2d4851a1d" relativeResultsDirectory="929c509f-6c22-405c-889c-a32bd1d0a58e" />
    <UnitTestResult executionId="be03507f-6931-4e03-89d6-d12421d5326d" testId="448b9fa2-82e9-6a5f-2b53-c005fb2e5465" testName="FluxVault.Windows.Tests.WindowsProtectionSourceTests.Reparse_and_outside_roots_are_unavailable_even_if_the_leaf_is_missing" computerName="OS008-HOME" duration="00:00:00.0051050" startTime="2026-10-04T09:30:48.6460181+03:00" endTime="2026-10-04T09:30:48.6513537+03:00" testType="13cdc9d9-ddb5-4fa4-a97d-d965ccfc6d4b" outcome="Passed" testListId="8c84fa94-04c1-424b-9868-57a2d4851a1d" relativeResultsDirectory="be03507f-6931-4e03-89d6-d12421d5326d" />
    <UnitTestResult executionId="1719df12-fa7e-4828-add9-2bccd35a9b2a" testId="9b4e830e-becc-d56b-8505-d32a42a741bc" testName="FluxVault.Windows.Tests.WindowsCallerSourceTests.Replaced_leaf_is_opened_without_following_its_new_reparse_target" computerName="OS008-HOME" duration="00:00:00.0064811" startTime="2026-10-04T09:30:48.7201450+03:00" endTime="2026-10-04T09:30:48.7248198+03:00" testType="13cdc9d9-ddb5-4fa4-a97d-d965ccfc6d4b" outcome="Passed" testListId="8c84fa94-04c1-424b-9868-57a2d4851a1d" relativeResultsDirectory="1719df12-fa7e-4828-add9-2bccd35a9b2a" />
    <UnitTestResult executionId="88e54889-9921-41ab-94f6-93ba13780ac8" testId="8f20478f-59c0-459a-6542-4629b29f63cc" testName="FluxVault.Windows.Tests.WindowsCallerSourceTests.A_child_restricted_after_parent_admission_is_denied_by_native_open" computerName="OS008-HOME" duration="00:00:00.0046445" startTime="2026-10-04T09:30:48.6463297+03:00" endTime="2026-10-04T09:30:48.6511824+03:00" testType="13cdc9d9-ddb5-4fa4-a97d-d965ccfc6d4b" outcome="Passed" testListId="8c84fa94-04c1-424b-9868-57a2d4851a1d" relativeResultsDirectory="88e54889-9921-41ab-94f6-93ba13780ac8" />
    <UnitTestResult executionId="9bdd1efd-bc0b-4fda-bd79-84e9e6a9cdeb" testId="f2366844-9ccc-0211-9d33-2de08034b71a" testName="FluxVault.Windows.Tests.WindowsCallerSourceTests.Source_handle_retains_parent_identity_until_disposed" computerName="OS008-HOME" duration="00:00:00.0055397" startTime="2026-10-04T09:30:48.7123378+03:00" endTime="2026-10-04T09:30:48.7180629+03:00" testType="13cdc9d9-ddb5-4fa4-a97d-d965ccfc6d4b" outcome="Passed" testListId="8c84fa94-04c1-424b-9868-57a2d4851a1d" relativeResultsDirectory="9bdd1efd-bc0b-4fda-bd79-84e9e6a9cdeb" />
    <UnitTestResult executionId="6a04781c-f40f-4f0b-aa38-8afacd7714ee" testId="ca09fe18-0357-d215-ef37-7b0896a54ee7" testName="FluxVault.Windows.Tests.WindowsCallerSourceTests.Ambiguous_path_forms_are_rejected(relative: &quot;sub\\..\\document.txt&quot;)" computerName="OS008-HOME" duration="00:00:00.0040900" startTime="2026-10-04T09:30:48.7047484+03:00" endTime="2026-10-04T09:30:48.7090447+03:00" testType="13cdc9d9-ddb5-4fa4-a97d-d965ccfc6d4b" outcome="Passed" testListId="8c84fa94-04c1-424b-9868-57a2d4851a1d" relativeResultsDirectory="6a04781c-f40f-4f0b-aa38-8afacd7714ee" />
    <UnitTestResult executionId="2de0362f-ea87-4e0b-a24c-5e5ea3ce1306" testId="9aab339d-5d25-98d1-412e-ad23392a96e0" testName="FluxVault.Windows.Tests.WindowsCallerSourceTests.Outside_selection_is_rejected_before_reading_bytes" computerName="OS008-HOME" duration="00:00:00.0035836" startTime="2026-10-04T09:30:48.7249555+03:00" endTime="2026-10-04T09:30:48.7286780+03:00" testType="13cdc9d9-ddb5-4fa4-a97d-d965ccfc6d4b" outcome="Passed" testListId="8c84fa94-04c1-424b-9868-57a2d4851a1d" relativeResultsDirectory="2de0362f-ea87-4e0b-a24c-5e5ea3ce1306" />
    <UnitTestResult executionId="1fbe5d09-d5f3-4f75-a6ff-d1401fbc4ae9" testId="16955b6e-2edc-a855-a385-7ea4a6ba79a7" testName="FluxVault.Windows.Tests.WindowsCallerSourceTests.Traversal_only_ancestor_allows_root_bound_source_reads" computerName="OS008-HOME" duration="00:00:00.0090493" startTime="2026-10-04T09:30:48.6513053+03:00" endTime="2026-10-04T09:30:48.6605939+03:00" testType="13cdc9d9-ddb5-4fa4-a97d-d965ccfc6d4b" outcome="Passed" testListId="8c84fa94-04c1-424b-9868-57a2d4851a1d" relativeResultsDirectory="1fbe5d09-d5f3-4f75-a6ff-d1401fbc4ae9" />
    <UnitTestResult executionId="5f909b79-35b6-4b36-8125-4445e8a0a447" testId="22c4ce63-7a12-b093-f52e-c3e26fca9203" testName="FluxVault.Windows.Tests.WindowsCallerSourceTests.Case_distinct_requested_root_is_denied_before_source_bytes(blindAncestor: True)" computerName="OS008-HOME" duration="00:00:00.0071233" startTime="2026-10-04T09:30:48.6973230+03:00" endTime="2026-10-04T09:30:48.7045857+03:00" testType="13cdc9d9-ddb5-4fa4-a97d-d965ccfc6d4b" outcome="Passed" testListId="8c84fa94-04c1-424b-9868-57a2d4851a1d" relativeResultsDirectory="5f909b79-35b6-4b36-8125-4445e8a0a447" />
    <UnitTestResult executionId="a5d39e3d-d102-4aec-9a08-78c365b50301" testId="d8d2cde0-4f8e-675b-d2b9-f7a5b0da7d45" testName="FluxVault.Windows.Tests.WindowsCallerSourceTests.Parent_is_pinned_before_the_source_file_is_opened" computerName="OS008-HOME" duration="00:00:00.0470863" startTime="2026-10-04T09:30:48.5748423+03:00" endTime="2026-10-04T09:30:48.6344784+03:00" testType="13cdc9d9-ddb5-4fa4-a97d-d965ccfc6d4b" outcome="Passed" testListId="8c84fa94-04c1-424b-9868-57a2d4851a1d" relativeResultsDirectory="a5d39e3d-d102-4aec-9a08-78c365b50301" />
    <UnitTestResult executionId="9d427e6b-13ce-4a0b-8295-f7f039a7bfe4" testId="828c9442-07c4-e380-3ba9-ee497ddb319e" testName="FluxVault.Windows.Tests.WindowsProtectionSourceTests.Metadata_is_read_from_a_caller_opened_handle_and_has_no_data_read_requirement" computerName="OS008-HOME" duration="00:00:00.0102179" startTime="2026-10-04T09:30:49.1821236+03:00" endTime="2026-10-04T09:30:49.1925074+03:00" testType="13cdc9d9-ddb5-4fa4-a97d-d965ccfc6d4b" outcome="Passed" testListId="8c84fa94-04c1-424b-9868-57a2d4851a1d" relativeResultsDirectory="9d427e6b-13ce-4a0b-8295-f7f039a7bfe4" />
    <UnitTestResult executionId="28a2ffe8-52d2-4d0e-8de7-7702a854f761" testId="a8763f67-fa4f-dfb2-6717-731f4550d770" testName="FluxVault.Windows.Tests.WindowsCallerSourceTests.In_place_junction_mutation_cannot_redirect_source_bytes" computerName="OS008-HOME" duration="00:00:00.0076841" startTime="2026-10-04T09:30:48.6857581+03:00" endTime="2026-10-04T09:30:48.6858355+03:00" testType="13cdc9d9-ddb5-4fa4-a97d-d965ccfc6d4b" outcome="Passed" testListId="8c84fa94-04c1-424b-9868-57a2d4851a1d" relativeResultsDirectory="28a2ffe8-52d2-4d0e-8de7-7702a854f761" />
    <UnitTestResult executionId="c4c6f6af-9ed7-4cf4-a89a-964bfec5f285" testId="1bef19cf-b192-895c-3188-136d4f100c33" testName="FluxVault.Windows.Tests.WindowsProtectionSourceTests.Multiple_native_batches_preserve_every_unicode_candidate_and_child_kind" computerName="OS008-HOME" duration="00:00:00.5301979" startTime="2026-10-04T09:30:48.6514608+03:00" endTime="2026-10-04T09:30:49.1818862+03:00" testType="13cdc9d9-ddb5-4fa4-a97d-d965ccfc6d4b" outcome="Passed" testListId="8c84fa94-04c1-424b-9868-57a2d4851a1d" relativeResultsDirectory="c4c6f6af-9ed7-4cf4-a89a-964bfec5f285" />
    <UnitTestResult executionId="8f94cc8d-7cc4-4c3c-b511-4a4ed580eab4" testId="2a524a7f-d3d0-92e7-e5d3-5842da449d78" testName="FluxVault.Windows.Tests.WindowsCallerSourceTests.Case_distinct_requested_root_is_denied_before_source_bytes(blindAncestor: False)" computerName="OS008-HOME" duration="00:00:00.0104671" startTime="2026-10-04T09:30:48.6865388+03:00" endTime="2026-10-04T09:30:48.6971587+03:00" testType="13cdc9d9-ddb5-4fa4-a97d-d965ccfc6d4b" outcome="Passed" testListId="8c84fa94-04c1-424b-9868-57a2d4851a1d" relativeResultsDirectory="8f94cc8d-7cc4-4c3c-b511-4a4ed580eab4" />
    <UnitTestResult executionId="1246ae14-cc51-42a5-859f-23270aefb8dd" testId="c882a0e6-1992-e8d9-387a-f36d9f9cfabe" testName="FluxVault.Windows.Tests.WindowsCallerSourceTests.Ordinary_case_variant_resolves_the_same_selected_root" computerName="OS008-HOME" duration="00:00:00.0065341" startTime="2026-10-04T09:30:48.6864057+03:00" endTime="2026-10-04T09:30:48.6864437+03:00" testType="13cdc9d9-ddb5-4fa4-a97d-d965ccfc6d4b" outcome="Passed" testListId="8c84fa94-04c1-424b-9868-57a2d4851a1d" relativeResultsDirectory="1246ae14-cc51-42a5-859f-23270aefb8dd" />
    <UnitTestResult executionId="69f5a52e-277e-48c0-80f7-21b2cf47ce5c" testId="9340eb76-917f-9d51-7352-c35530c6bfa6" testName="FluxVault.Windows.Tests.WindowsCallerSourceTests.Cancelled_open_does_not_acquire_handles" computerName="OS008-HOME" duration="00:00:00.0041838" startTime="2026-10-04T09:30:48.6421871+03:00" endTime="2026-10-04T09:30:48.6462004+03:00" testType="13cdc9d9-ddb5-4fa4-a97d-d965ccfc6d4b" outcome="Passed" testListId="8c84fa94-04c1-424b-9868-57a2d4851a1d" relativeResultsDirectory="69f5a52e-277e-48c0-80f7-21b2cf47ce5c" />
    <UnitTestResult executionId="1df33d6d-b1e9-4dfd-ade0-f84fa725d7cc" testId="22a38260-3163-91d8-b119-9eb7b4f6a492" testName="FluxVault.Windows.Tests.WindowsProtectionSourceTests.Confirmed_missing_leaf_and_component_are_distinct_from_denied_parent" computerName="OS008-HOME" duration="00:00:00.0131541" startTime="2026-10-04T09:30:48.6417900+03:00" endTime="2026-10-04T09:30:48.6458899+03:00" testType="13cdc9d9-ddb5-4fa4-a97d-d965ccfc6d4b" outcome="Passed" testListId="8c84fa94-04c1-424b-9868-57a2d4851a1d" relativeResultsDirectory="1df33d6d-b1e9-4dfd-ade0-f84fa725d7cc" />
    <UnitTestResult executionId="096a76e9-113e-49ba-be2e-3a244487cf03" testId="16235f98-8543-1d46-dc4d-4cbf550b8068" testName="FluxVault.Windows.Tests.WindowsCallerSourceTests.Leaf_or_parent_reparse_point_is_rejected(parent: True)" computerName="OS008-HOME" duration="00:00:00.0057413" startTime="2026-10-04T09:30:48.6861386+03:00" endTime="2026-10-04T09:30:48.6861781+03:00" testType="13cdc9d9-ddb5-4fa4-a97d-d965ccfc6d4b" outcome="Passed" testListId="8c84fa94-04c1-424b-9868-57a2d4851a1d" relativeResultsDirectory="096a76e9-113e-49ba-be2e-3a244487cf03" />
    <UnitTestResult executionId="e925715d-1169-4d32-b9ee-ab367a874ef2" testId="ecb6ec27-6914-aee7-5899-18905500d175" testName="FluxVault.Windows.Tests.WindowsProtectionSourceTests.Denied_metadata_is_unavailable_and_not_missing" computerName="OS008-HOME" duration="00:00:00.0047235" startTime="2026-10-04T09:30:49.1975149+03:00" endTime="2026-10-04T09:30:49.2023525+03:00" testType="13cdc9d9-ddb5-4fa4-a97d-d965ccfc6d4b" outcome="Passed" testListId="8c84fa94-04c1-424b-9868-57a2d4851a1d" relativeResultsDirectory="e925715d-1169-4d32-b9ee-ab367a874ef2" />
  </Results>
  <TestDefinitions>
    <UnitTest name="FluxVault.Windows.Tests.WindowsProtectionSourceTests.Confirmed_missing_leaf_and_component_are_distinct_from_denied_parent" storage="c:\users\os008\.codex\worktrees\fluxvault-next002-plan\fluxvault\tests\fluxvault.windows.tests\bin\release\net10.0\fluxvault.windows.tests.dll" id="22a38260-3163-91d8-b119-9eb7b4f6a492">
      <Execution id="1df33d6d-b1e9-4dfd-ade0-f84fa725d7cc" />
      <TestMethod codeBase="C:\Users\os008\.codex\worktrees\fluxvault-next002-plan\FluxVault\tests\FluxVault.Windows.Tests\bin\Release\net10.0\FluxVault.Windows.Tests.dll" adapterTypeName="executor://xunit/VsTestRunner3/netcore/" className="FluxVault.Windows.Tests.WindowsProtectionSourceTests" name="Confirmed_missing_leaf_and_component_are_distinct_from_denied_parent" />
    </UnitTest>
    <UnitTest name="FluxVault.Windows.Tests.WindowsCallerSourceTests.Parent_is_pinned_before_the_source_file_is_opened" storage="c:\users\os008\.codex\worktrees\fluxvault-next002-plan\fluxvault\tests\fluxvault.windows.tests\bin\release\net10.0\fluxvault.windows.tests.dll" id="d8d2cde0-4f8e-675b-d2b9-f7a5b0da7d45">
      <Execution id="a5d39e3d-d102-4aec-9a08-78c365b50301" />
      <TestMethod codeBase="C:\Users\os008\.codex\worktrees\fluxvault-next002-plan\FluxVault\tests\FluxVault.Windows.Tests\bin\Release\net10.0\FluxVault.Windows.Tests.dll" adapterTypeName="executor://xunit/VsTestRunner3/netcore/" className="FluxVault.Windows.Tests.WindowsCallerSourceTests" name="Parent_is_pinned_before_the_source_file_is_opened" />
    </UnitTest>
    <UnitTest name="FluxVault.Windows.Tests.WindowsCallerSourceTests.In_place_junction_mutation_cannot_redirect_source_bytes" storage="c:\users\os008\.codex\worktrees\fluxvault-next002-plan\fluxvault\tests\fluxvault.windows.tests\bin\release\net10.0\fluxvault.windows.tests.dll" id="a8763f67-fa4f-dfb2-6717-731f4550d770">
      <Execution id="28a2ffe8-52d2-4d0e-8de7-7702a854f761" />
      <TestMethod codeBase="C:\Users\os008\.codex\worktrees\fluxvault-next002-plan\FluxVault\tests\FluxVault.Windows.Tests\bin\Release\net10.0\FluxVault.Windows.Tests.dll" adapterTypeName="executor://xunit/VsTestRunner3/netcore/" className="FluxVault.Windows.Tests.WindowsCallerSourceTests" name="In_place_junction_mutation_cannot_redirect_source_bytes" />
    </UnitTest>
    <UnitTest name="FluxVault.Windows.Tests.WindowsCallerSourceTests.Outside_selection_is_rejected_before_reading_bytes" storage="c:\users\os008\.codex\worktrees\fluxvault-next002-plan\fluxvault\tests\fluxvault.windows.tests\bin\release\net10.0\fluxvault.windows.tests.dll" id="9aab339d-5d25-98d1-412e-ad23392a96e0">
      <Execution id="2de0362f-ea87-4e0b-a24c-5e5ea3ce1306" />
      <TestMethod codeBase="C:\Users\os008\.codex\worktrees\fluxvault-next002-plan\FluxVault\tests\FluxVault.Windows.Tests\bin\Release\net10.0\FluxVault.Windows.Tests.dll" adapterTypeName="executor://xunit/VsTestRunner3/netcore/" className="FluxVault.Windows.Tests.WindowsCallerSourceTests" name="Outside_selection_is_rejected_before_reading_bytes" />
    </UnitTest>
    <UnitTest name="FluxVault.Windows.Tests.WindowsCallerSourceTests.Traversal_only_ancestor_allows_root_bound_source_reads" storage="c:\users\os008\.codex\worktrees\fluxvault-next002-plan\fluxvault\tests\fluxvault.windows.tests\bin\release\net10.0\fluxvault.windows.tests.dll" id="16955b6e-2edc-a855-a385-7ea4a6ba79a7">
      <Execution id="1fbe5d09-d5f3-4f75-a6ff-d1401fbc4ae9" />
      <TestMethod codeBase="C:\Users\os008\.codex\worktrees\fluxvault-next002-plan\FluxVault\tests\FluxVault.Windows.Tests\bin\Release\net10.0\FluxVault.Windows.Tests.dll" adapterTypeName="executor://xunit/VsTestRunner3/netcore/" className="FluxVault.Windows.Tests.WindowsCallerSourceTests" name="Traversal_only_ancestor_allows_root_bound_source_reads" />
    </UnitTest>
    <UnitTest name="FluxVault.Windows.Tests.WindowsProtectionSourceTests.Denied_directory_listing_throws_instead_of_returning_an_empty_scan" storage="c:\users\os008\.codex\worktrees\fluxvault-next002-plan\fluxvault\tests\fluxvault.windows.tests\bin\release\net10.0\fluxvault.windows.tests.dll" id="7bb29203-22d9-49d9-7c67-c734370e1442">
      <Execution id="929c509f-6c22-405c-889c-a32bd1d0a58e" />
      <TestMethod codeBase="C:\Users\os008\.codex\worktrees\fluxvault-next002-plan\FluxVault\tests\FluxVault.Windows.Tests\bin\Release\net10.0\FluxVault.Windows.Tests.dll" adapterTypeName="executor://xunit/VsTestRunner3/netcore/" className="FluxVault.Windows.Tests.WindowsProtectionSourceTests" name="Denied_directory_listing_throws_instead_of_returning_an_empty_scan" />
    </UnitTest>
    <UnitTest name="FluxVault.Windows.Tests.WindowsCallerSourceTests.Case_distinct_requested_root_is_denied_before_source_bytes(blindAncestor: False)" storage="c:\users\os008\.codex\worktrees\fluxvault-next002-plan\fluxvault\tests\fluxvault.windows.tests\bin\release\net10.0\fluxvault.windows.tests.dll" id="2a524a7f-d3d0-92e7-e5d3-5842da449d78">
      <Execution id="8f94cc8d-7cc4-4c3c-b511-4a4ed580eab4" />
      <TestMethod codeBase="C:\Users\os008\.codex\worktrees\fluxvault-next002-plan\FluxVault\tests\FluxVault.Windows.Tests\bin\Release\net10.0\FluxVault.Windows.Tests.dll" adapterTypeName="executor://xunit/VsTestRunner3/netcore/" className="FluxVault.Windows.Tests.WindowsCallerSourceTests" name="Case_distinct_requested_root_is_denied_before_source_bytes" />
    </UnitTest>
    <UnitTest name="FluxVault.Windows.Tests.WindowsCallerSourceTests.Leaf_or_parent_reparse_point_is_rejected(parent: False)" storage="c:\users\os008\.codex\worktrees\fluxvault-next002-plan\fluxvault\tests\fluxvault.windows.tests\bin\release\net10.0\fluxvault.windows.tests.dll" id="017d0956-2ceb-83ee-88cc-4f873f3e6769">
      <Execution id="e62cf58e-a43c-43dc-b563-c5f32c3ee796" />
      <TestMethod codeBase="C:\Users\os008\.codex\worktrees\fluxvault-next002-plan\FluxVault\tests\FluxVault.Windows.Tests\bin\Release\net10.0\FluxVault.Windows.Tests.dll" adapterTypeName="executor://xunit/VsTestRunner3/netcore/" className="FluxVault.Windows.Tests.WindowsCallerSourceTests" name="Leaf_or_parent_reparse_point_is_rejected" />
    </UnitTest>
    <UnitTest name="FluxVault.Windows.Tests.WindowsCallerSourceTests.Replaced_leaf_is_opened_without_following_its_new_reparse_target" storage="c:\users\os008\.codex\worktrees\fluxvault-next002-plan\fluxvault\tests\fluxvault.windows.tests\bin\release\net10.0\fluxvault.windows.tests.dll" id="9b4e830e-becc-d56b-8505-d32a42a741bc">
      <Execution id="1719df12-fa7e-4828-add9-2bccd35a9b2a" />
      <TestMethod codeBase="C:\Users\os008\.codex\worktrees\fluxvault-next002-plan\FluxVault\tests\FluxVault.Windows.Tests\bin\Release\net10.0\FluxVault.Windows.Tests.dll" adapterTypeName="executor://xunit/VsTestRunner3/netcore/" className="FluxVault.Windows.Tests.WindowsCallerSourceTests" name="Replaced_leaf_is_opened_without_following_its_new_reparse_target" />
    </UnitTest>
    <UnitTest name="FluxVault.Windows.Tests.WindowsCallerSourceTests.Case_distinct_requested_root_is_denied_before_source_bytes(blindAncestor: True)" storage="c:\users\os008\.codex\worktrees\fluxvault-next002-plan\fluxvault\tests\fluxvault.windows.tests\bin\release\net10.0\fluxvault.windows.tests.dll" id="22c4ce63-7a12-b093-f52e-c3e26fca9203">
      <Execution id="5f909b79-35b6-4b36-8125-4445e8a0a447" />
      <TestMethod codeBase="C:\Users\os008\.codex\worktrees\fluxvault-next002-plan\FluxVault\tests\FluxVault.Windows.Tests\bin\Release\net10.0\FluxVault.Windows.Tests.dll" adapterTypeName="executor://xunit/VsTestRunner3/netcore/" className="FluxVault.Windows.Tests.WindowsCallerSourceTests" name="Case_distinct_requested_root_is_denied_before_source_bytes" />
    </UnitTest>
    <UnitTest name="FluxVault.Windows.Tests.WindowsCallerSourceTests.Source_handle_retains_parent_identity_until_disposed" storage="c:\users\os008\.codex\worktrees\fluxvault-next002-plan\fluxvault\tests\fluxvault.windows.tests\bin\release\net10.0\fluxvault.windows.tests.dll" id="f2366844-9ccc-0211-9d33-2de08034b71a">
      <Execution id="9bdd1efd-bc0b-4fda-bd79-84e9e6a9cdeb" />
      <TestMethod codeBase="C:\Users\os008\.codex\worktrees\fluxvault-next002-plan\FluxVault\tests\FluxVault.Windows.Tests\bin\Release\net10.0\FluxVault.Windows.Tests.dll" adapterTypeName="executor://xunit/VsTestRunner3/netcore/" className="FluxVault.Windows.Tests.WindowsCallerSourceTests" name="Source_handle_retains_parent_identity_until_disposed" />
    </UnitTest>
    <UnitTest name="FluxVault.Windows.Tests.WindowsProtectionSourceTests.Multiple_native_batches_preserve_every_unicode_candidate_and_child_kind" storage="c:\users\os008\.codex\worktrees\fluxvault-next002-plan\fluxvault\tests\fluxvault.windows.tests\bin\release\net10.0\fluxvault.windows.tests.dll" id="1bef19cf-b192-895c-3188-136d4f100c33">
      <Execution id="c4c6f6af-9ed7-4cf4-a89a-964bfec5f285" />
      <TestMethod codeBase="C:\Users\os008\.codex\worktrees\fluxvault-next002-plan\FluxVault\tests\FluxVault.Windows.Tests\bin\Release\net10.0\FluxVault.Windows.Tests.dll" adapterTypeName="executor://xunit/VsTestRunner3/netcore/" className="FluxVault.Windows.Tests.WindowsProtectionSourceTests" name="Multiple_native_batches_preserve_every_unicode_candidate_and_child_kind" />
    </UnitTest>
    <UnitTest name="FluxVault.Windows.Tests.WindowsCallerSourceTests.Cancelled_open_does_not_acquire_handles" storage="c:\users\os008\.codex\worktrees\fluxvault-next002-plan\fluxvault\tests\fluxvault.windows.tests\bin\release\net10.0\fluxvault.windows.tests.dll" id="9340eb76-917f-9d51-7352-c35530c6bfa6">
      <Execution id="69f5a52e-277e-48c0-80f7-21b2cf47ce5c" />
      <TestMethod codeBase="C:\Users\os008\.codex\worktrees\fluxvault-next002-plan\FluxVault\tests\FluxVault.Windows.Tests\bin\Release\net10.0\FluxVault.Windows.Tests.dll" adapterTypeName="executor://xunit/VsTestRunner3/netcore/" className="FluxVault.Windows.Tests.WindowsCallerSourceTests" name="Cancelled_open_does_not_acquire_handles" />
    </UnitTest>
    <UnitTest name="FluxVault.Windows.Tests.WindowsProtectionSourceTests.Denied_metadata_is_unavailable_and_not_missing" storage="c:\users\os008\.codex\worktrees\fluxvault-next002-plan\fluxvault\tests\fluxvault.windows.tests\bin\release\net10.0\fluxvault.windows.tests.dll" id="ecb6ec27-6914-aee7-5899-18905500d175">
      <Execution id="e925715d-1169-4d32-b9ee-ab367a874ef2" />
      <TestMethod codeBase="C:\Users\os008\.codex\worktrees\fluxvault-next002-plan\FluxVault\tests\FluxVault.Windows.Tests\bin\Release\net10.0\FluxVault.Windows.Tests.dll" adapterTypeName="executor://xunit/VsTestRunner3/netcore/" className="FluxVault.Windows.Tests.WindowsProtectionSourceTests" name="Denied_metadata_is_unavailable_and_not_missing" />
    </UnitTest>
    <UnitTest name="FluxVault.Windows.Tests.WindowsCallerSourceTests.Hard_linked_source_is_rejected" storage="c:\users\os008\.codex\worktrees\fluxvault-next002-plan\fluxvault\tests\fluxvault.windows.tests\bin\release\net10.0\fluxvault.windows.tests.dll" id="fe792ecf-f403-bc97-d1fe-bc6b062dad22">
      <Execution id="2f5ea213-6044-4119-8727-def8c6bb3640" />
      <TestMethod codeBase="C:\Users\os008\.codex\worktrees\fluxvault-next002-plan\FluxVault\tests\FluxVault.Windows.Tests\bin\Release\net10.0\FluxVault.Windows.Tests.dll" adapterTypeName="executor://xunit/VsTestRunner3/netcore/" className="FluxVault.Windows.Tests.WindowsCallerSourceTests" name="Hard_linked_source_is_rejected" />
    </UnitTest>
    <UnitTest name="FluxVault.Windows.Tests.WindowsCallerSourceTests.Leaf_or_parent_reparse_point_is_rejected(parent: True)" storage="c:\users\os008\.codex\worktrees\fluxvault-next002-plan\fluxvault\tests\fluxvault.windows.tests\bin\release\net10.0\fluxvault.windows.tests.dll" id="16235f98-8543-1d46-dc4d-4cbf550b8068">
      <Execution id="096a76e9-113e-49ba-be2e-3a244487cf03" />
      <TestMethod codeBase="C:\Users\os008\.codex\worktrees\fluxvault-next002-plan\FluxVault\tests\FluxVault.Windows.Tests\bin\Release\net10.0\FluxVault.Windows.Tests.dll" adapterTypeName="executor://xunit/VsTestRunner3/netcore/" className="FluxVault.Windows.Tests.WindowsCallerSourceTests" name="Leaf_or_parent_reparse_point_is_rejected" />
    </UnitTest>
    <UnitTest name="FluxVault.Windows.Tests.WindowsCallerSourceTests.Ambiguous_path_forms_are_rejected(relative: &quot;sub\\..\\document.txt&quot;)" storage="c:\users\os008\.codex\worktrees\fluxvault-next002-plan\fluxvault\tests\fluxvault.windows.tests\bin\release\net10.0\fluxvault.windows.tests.dll" id="ca09fe18-0357-d215-ef37-7b0896a54ee7">
      <Execution id="6a04781c-f40f-4f0b-aa38-8afacd7714ee" />
      <TestMethod codeBase="C:\Users\os008\.codex\worktrees\fluxvault-next002-plan\FluxVault\tests\FluxVault.Windows.Tests\bin\Release\net10.0\FluxVault.Windows.Tests.dll" adapterTypeName="executor://xunit/VsTestRunner3/netcore/" className="FluxVault.Windows.Tests.WindowsCallerSourceTests" name="Ambiguous_path_forms_are_rejected" />
    </UnitTest>
    <UnitTest name="FluxVault.Windows.Tests.WindowsProtectionSourceTests.Metadata_is_read_from_a_caller_opened_handle_and_has_no_data_read_requirement" storage="c:\users\os008\.codex\worktrees\fluxvault-next002-plan\fluxvault\tests\fluxvault.windows.tests\bin\release\net10.0\fluxvault.windows.tests.dll" id="828c9442-07c4-e380-3ba9-ee497ddb319e">
      <Execution id="9d427e6b-13ce-4a0b-8295-f7f039a7bfe4" />
      <TestMethod codeBase="C:\Users\os008\.codex\worktrees\fluxvault-next002-plan\FluxVault\tests\FluxVault.Windows.Tests\bin\Release\net10.0\FluxVault.Windows.Tests.dll" adapterTypeName="executor://xunit/VsTestRunner3/netcore/" className="FluxVault.Windows.Tests.WindowsProtectionSourceTests" name="Metadata_is_read_from_a_caller_opened_handle_and_has_no_data_read_requirement" />
    </UnitTest>
    <UnitTest name="FluxVault.Windows.Tests.WindowsCallerSourceTests.A_child_restricted_after_parent_admission_is_denied_by_native_open" storage="c:\users\os008\.codex\worktrees\fluxvault-next002-plan\fluxvault\tests\fluxvault.windows.tests\bin\release\net10.0\fluxvault.windows.tests.dll" id="8f20478f-59c0-459a-6542-4629b29f63cc">
      <Execution id="88e54889-9921-41ab-94f6-93ba13780ac8" />
      <TestMethod codeBase="C:\Users\os008\.codex\worktrees\fluxvault-next002-plan\FluxVault\tests\FluxVault.Windows.Tests\bin\Release\net10.0\FluxVault.Windows.Tests.dll" adapterTypeName="executor://xunit/VsTestRunner3/netcore/" className="FluxVault.Windows.Tests.WindowsCallerSourceTests" name="A_child_restricted_after_parent_admission_is_denied_by_native_open" />
    </UnitTest>
    <UnitTest name="FluxVault.Windows.Tests.WindowsProtectionSourceTests.Lazy_scan_pins_the_directory_until_disposal_and_releases_it_after_cancellation" storage="c:\users\os008\.codex\worktrees\fluxvault-next002-plan\fluxvault\tests\fluxvault.windows.tests\bin\release\net10.0\fluxvault.windows.tests.dll" id="11d5a462-c6c2-e385-da0c-d11a649beb76">
      <Execution id="cee2a19e-e4a0-43ee-b850-8d43b17626ea" />
      <TestMethod codeBase="C:\Users\os008\.codex\worktrees\fluxvault-next002-plan\FluxVault\tests\FluxVault.Windows.Tests\bin\Release\net10.0\FluxVault.Windows.Tests.dll" adapterTypeName="executor://xunit/VsTestRunner3/netcore/" className="FluxVault.Windows.Tests.WindowsProtectionSourceTests" name="Lazy_scan_pins_the_directory_until_disposal_and_releases_it_after_cancellation" />
    </UnitTest>
    <UnitTest name="FluxVault.Windows.Tests.WindowsCallerSourceTests.Ambiguous_path_forms_are_rejected(relative: &quot;document.txt:stream&quot;)" storage="c:\users\os008\.codex\worktrees\fluxvault-next002-plan\fluxvault\tests\fluxvault.windows.tests\bin\release\net10.0\fluxvault.windows.tests.dll" id="a51865f6-52a9-ae56-b04f-01f8cd4ab03d">
      <Execution id="d1f56466-0779-4b68-9a3a-87aadbd07387" />
      <TestMethod codeBase="C:\Users\os008\.codex\worktrees\fluxvault-next002-plan\FluxVault\tests\FluxVault.Windows.Tests\bin\Release\net10.0\FluxVault.Windows.Tests.dll" adapterTypeName="executor://xunit/VsTestRunner3/netcore/" className="FluxVault.Windows.Tests.WindowsCallerSourceTests" name="Ambiguous_path_forms_are_rejected" />
    </UnitTest>
    <UnitTest name="FluxVault.Windows.Tests.WindowsCallerSourceTests.Ordinary_case_variant_resolves_the_same_selected_root" storage="c:\users\os008\.codex\worktrees\fluxvault-next002-plan\fluxvault\tests\fluxvault.windows.tests\bin\release\net10.0\fluxvault.windows.tests.dll" id="c882a0e6-1992-e8d9-387a-f36d9f9cfabe">
      <Execution id="1246ae14-cc51-42a5-859f-23270aefb8dd" />
      <TestMethod codeBase="C:\Users\os008\.codex\worktrees\fluxvault-next002-plan\FluxVault\tests\FluxVault.Windows.Tests\bin\Release\net10.0\FluxVault.Windows.Tests.dll" adapterTypeName="executor://xunit/VsTestRunner3/netcore/" className="FluxVault.Windows.Tests.WindowsCallerSourceTests" name="Ordinary_case_variant_resolves_the_same_selected_root" />
    </UnitTest>
    <UnitTest name="FluxVault.Windows.Tests.WindowsProtectionSourceTests.Reparse_and_outside_roots_are_unavailable_even_if_the_leaf_is_missing" storage="c:\users\os008\.codex\worktrees\fluxvault-next002-plan\fluxvault\tests\fluxvault.windows.tests\bin\release\net10.0\fluxvault.windows.tests.dll" id="448b9fa2-82e9-6a5f-2b53-c005fb2e5465">
      <Execution id="be03507f-6931-4e03-89d6-d12421d5326d" />
      <TestMethod codeBase="C:\Users\os008\.codex\worktrees\fluxvault-next002-plan\FluxVault\tests\FluxVault.Windows.Tests\bin\Release\net10.0\FluxVault.Windows.Tests.dll" adapterTypeName="executor://xunit/VsTestRunner3/netcore/" className="FluxVault.Windows.Tests.WindowsProtectionSourceTests" name="Reparse_and_outside_roots_are_unavailable_even_if_the_leaf_is_missing" />
    </UnitTest>
  </TestDefinitions>
  <TestEntries>
    <TestEntry testId="11d5a462-c6c2-e385-da0c-d11a649beb76" executionId="cee2a19e-e4a0-43ee-b850-8d43b17626ea" testListId="8c84fa94-04c1-424b-9868-57a2d4851a1d" />
    <TestEntry testId="a51865f6-52a9-ae56-b04f-01f8cd4ab03d" executionId="d1f56466-0779-4b68-9a3a-87aadbd07387" testListId="8c84fa94-04c1-424b-9868-57a2d4851a1d" />
    <TestEntry testId="017d0956-2ceb-83ee-88cc-4f873f3e6769" executionId="e62cf58e-a43c-43dc-b563-c5f32c3ee796" testListId="8c84fa94-04c1-424b-9868-57a2d4851a1d" />
    <TestEntry testId="fe792ecf-f403-bc97-d1fe-bc6b062dad22" executionId="2f5ea213-6044-4119-8727-def8c6bb3640" testListId="8c84fa94-04c1-424b-9868-57a2d4851a1d" />
    <TestEntry testId="7bb29203-22d9-49d9-7c67-c734370e1442" executionId="929c509f-6c22-405c-889c-a32bd1d0a58e" testListId="8c84fa94-04c1-424b-9868-57a2d4851a1d" />
    <TestEntry testId="448b9fa2-82e9-6a5f-2b53-c005fb2e5465" executionId="be03507f-6931-4e03-89d6-d12421d5326d" testListId="8c84fa94-04c1-424b-9868-57a2d4851a1d" />
    <TestEntry testId="9b4e830e-becc-d56b-8505-d32a42a741bc" executionId="1719df12-fa7e-4828-add9-2bccd35a9b2a" testListId="8c84fa94-04c1-424b-9868-57a2d4851a1d" />
    <TestEntry testId="8f20478f-59c0-459a-6542-4629b29f63cc" executionId="88e54889-9921-41ab-94f6-93ba13780ac8" testListId="8c84fa94-04c1-424b-9868-57a2d4851a1d" />
    <TestEntry testId="f2366844-9ccc-0211-9d33-2de08034b71a" executionId="9bdd1efd-bc0b-4fda-bd79-84e9e6a9cdeb" testListId="8c84fa94-04c1-424b-9868-57a2d4851a1d" />
    <TestEntry testId="ca09fe18-0357-d215-ef37-7b0896a54ee7" executionId="6a04781c-f40f-4f0b-aa38-8afacd7714ee" testListId="8c84fa94-04c1-424b-9868-57a2d4851a1d" />
    <TestEntry testId="9aab339d-5d25-98d1-412e-ad23392a96e0" executionId="2de0362f-ea87-4e0b-a24c-5e5ea3ce1306" testListId="8c84fa94-04c1-424b-9868-57a2d4851a1d" />
    <TestEntry testId="16955b6e-2edc-a855-a385-7ea4a6ba79a7" executionId="1fbe5d09-d5f3-4f75-a6ff-d1401fbc4ae9" testListId="8c84fa94-04c1-424b-9868-57a2d4851a1d" />
    <TestEntry testId="22c4ce63-7a12-b093-f52e-c3e26fca9203" executionId="5f909b79-35b6-4b36-8125-4445e8a0a447" testListId="8c84fa94-04c1-424b-9868-57a2d4851a1d" />
    <TestEntry testId="d8d2cde0-4f8e-675b-d2b9-f7a5b0da7d45" executionId="a5d39e3d-d102-4aec-9a08-78c365b50301" testListId="8c84fa94-04c1-424b-9868-57a2d4851a1d" />
    <TestEntry testId="828c9442-07c4-e380-3ba9-ee497ddb319e" executionId="9d427e6b-13ce-4a0b-8295-f7f039a7bfe4" testListId="8c84fa94-04c1-424b-9868-57a2d4851a1d" />
    <TestEntry testId="a8763f67-fa4f-dfb2-6717-731f4550d770" executionId="28a2ffe8-52d2-4d0e-8de7-7702a854f761" testListId="8c84fa94-04c1-424b-9868-57a2d4851a1d" />
    <TestEntry testId="1bef19cf-b192-895c-3188-136d4f100c33" executionId="c4c6f6af-9ed7-4cf4-a89a-964bfec5f285" testListId="8c84fa94-04c1-424b-9868-57a2d4851a1d" />
    <TestEntry testId="2a524a7f-d3d0-92e7-e5d3-5842da449d78" executionId="8f94cc8d-7cc4-4c3c-b511-4a4ed580eab4" testListId="8c84fa94-04c1-424b-9868-57a2d4851a1d" />
    <TestEntry testId="c882a0e6-1992-e8d9-387a-f36d9f9cfabe" executionId="1246ae14-cc51-42a5-859f-23270aefb8dd" testListId="8c84fa94-04c1-424b-9868-57a2d4851a1d" />
    <TestEntry testId="9340eb76-917f-9d51-7352-c35530c6bfa6" executionId="69f5a52e-277e-48c0-80f7-21b2cf47ce5c" testListId="8c84fa94-04c1-424b-9868-57a2d4851a1d" />
    <TestEntry testId="22a38260-3163-91d8-b119-9eb7b4f6a492" executionId="1df33d6d-b1e9-4dfd-ade0-f84fa725d7cc" testListId="8c84fa94-04c1-424b-9868-57a2d4851a1d" />
    <TestEntry testId="16235f98-8543-1d46-dc4d-4cbf550b8068" executionId="096a76e9-113e-49ba-be2e-3a244487cf03" testListId="8c84fa94-04c1-424b-9868-57a2d4851a1d" />
    <TestEntry testId="ecb6ec27-6914-aee7-5899-18905500d175" executionId="e925715d-1169-4d32-b9ee-ab367a874ef2" testListId="8c84fa94-04c1-424b-9868-57a2d4851a1d" />
  </TestEntries>
  <TestLists>
    <TestList name="Results Not in a List" id="8c84fa94-04c1-424b-9868-57a2d4851a1d" />
    <TestList name="All Loaded Results" id="19431567-8539-422a-85d7-44ee4e166bda" />
  </TestLists>
  <ResultSummary outcome="Completed">
    <Counters total="23" executed="23" passed="23" failed="0" error="0" timeout="0" aborted="0" inconclusive="0" passedButRunAborted="0" notRunnable="0" notExecuted="0" disconnected="0" warning="0" completed="0" inProgress="0" pending="0" />
    <Output>
      <StdOut>[xUnit.net 00:00:00.00] xUnit.net VSTest Adapter v3.1.4+50e68bbb8b (64-bit .NET 10.0.12)&#xD;
[xUnit.net 00:00:00.08]   Discovering: FluxVault.Windows.Tests&#xD;
[xUnit.net 00:00:00.13]   Discovered:  FluxVault.Windows.Tests&#xD;
[xUnit.net 00:00:00.15]   Starting:    FluxVault.Windows.Tests&#xD;
[xUnit.net 00:00:00.81]   Finished:    FluxVault.Windows.Tests&#xD;
</StdOut>
    </Output>
  </ResultSummary>
</TestRun>