[64380]  LOG:  starting PostgreSQL 18.6 on x86_64-windows, compiled by msvc-19.44.35228, 64-bit
[64380]  LOG:  listening on IPv4 address "127.0.0.1", port 62937
[64380]  LOG:  listening on IPv6 address "::1", port 62937
[63104]  LOG:  database system was shut down at 2026-10-05 10:36:40 EEST
[64380]  LOG:  database system is ready to accept connections
[25332] [unknown] LOG:  connection received: host=127.0.0.1 port=62943
[25332] [unknown] LOG:  connection authenticated: identity="fv_gate_bootstrap" method=scram-sha-256 (C:/ProgramData/FluxVault.Tests/NEXT002/f93ec07c21d344a5a49c8e99f1c522a4/data/pg_hba.conf:119)
[25332] [unknown] LOG:  connection authorized: user=fv_gate_bootstrap database=postgres application_name=psql
[25332] psql LOG:  connection ready: setup total=41.840 ms, fork=18.619 ms, authentication=10.319 ms
[25332] psql ERROR:  column "line_number" does not exist at character 85
[25332] psql HINT:  Perhaps you meant to reference the column "r.rule_number".
[25332] psql STATEMENT:  SELECT json_build_object(
	 'rules',(SELECT coalesce(json_agg(r ORDER BY rule_number,line_number),'[]'::json)
	          FROM (SELECT rule_number,type,database,user_name,address,netmask,auth_method,options,error FROM pg_hba_file_rules) r),
	 'maps',(SELECT coalesce(json_agg(m ORDER BY map_number,line_number),'[]'::json)
	         FROM (SELECT map_number,map_name,sys_name,pg_username,error FROM pg_ident_file_mappings) m));
[64380]  LOG:  received fast shutdown request
[64380]  LOG:  aborting any active transactions
[64380]  LOG:  background worker "logical replication launcher" (PID 63620) exited with exit code 1
[34616]  LOG:  shutting down
[34616]  LOG:  checkpoint starting: shutdown immediate
[34616]  LOG:  checkpoint complete: wrote 0 buffers (0.0%), wrote 3 SLRU buffers; 0 WAL file(s) added, 0 removed, 0 recycled; write=0.001 s, sync=0.002 s, total=0.011 s; sync files=2, longest=0.001 s, average=0.001 s; distance=0 kB, estimate=0 kB; lsn=0/17F3580, redo lsn=0/17F3580
[64380]  LOG:  database system is shut down
