[35856]  LOG:  starting PostgreSQL 18.6 on x86_64-windows, compiled by msvc-19.44.35228, 64-bit
[35856]  LOG:  listening on IPv4 address "127.0.0.1", port 60661
[35856]  LOG:  listening on IPv6 address "::1", port 60661
[57708]  LOG:  database system was shut down at 2026-10-04 18:47:21 EEST
[35856]  LOG:  database system is ready to accept connections
[18388] [unknown] LOG:  connection received: host=127.0.0.1 port=60670
[18388] [unknown] LOG:  connection authenticated: identity="fv_gate_bootstrap" method=scram-sha-256 (C:/ProgramData/FluxVault.Tests/NEXT002/963ff329f22848788f7ef9c7592d6293/data/pg_hba.conf:1)
[18388] [unknown] LOG:  connection authorized: user=fv_gate_bootstrap database=postgres application_name=psql
[18388] psql LOG:  connection ready: setup total=41.916 ms, fork=18.409 ms, authentication=10.427 ms
[35856]  LOG:  received SIGHUP, reloading configuration files
[60844] [unknown] LOG:  connection received: host=127.0.0.1 port=60673
[60844] [unknown] LOG:  connection authenticated: identity="NT AUTHORITY\SYSTEM" method=sspi (C:/ProgramData/FluxVault.Tests/NEXT002/963ff329f22848788f7ef9c7592d6293/data/pg_hba.conf:1)
[60844] [unknown] LOG:  no match in usermap "fv_gate_system" for user "fv_gate_service" authenticated as "SYSTEM@NT AUTHORITY"
[60844] [unknown] FATAL:  SSPI authentication failed for user "fv_gate_service"
[60844] [unknown] DETAIL:  Connection matched file "C:/ProgramData/FluxVault.Tests/NEXT002/963ff329f22848788f7ef9c7592d6293/data/pg_hba.conf" line 1: "host fv_gate_261003 fv_gate_service 127.0.0.1/32 sspi map=fv_gate_system include_realm=1"
[33420] [unknown] LOG:  connection received: host=127.0.0.1 port=60674
[33420] [unknown] LOG:  connection authenticated: identity="NT AUTHORITY\SYSTEM" method=sspi (C:/ProgramData/FluxVault.Tests/NEXT002/963ff329f22848788f7ef9c7592d6293/data/pg_hba.conf:1)
[33420] [unknown] LOG:  no match in usermap "fv_gate_system" for user "fv_gate_service" authenticated as "SYSTEM@NT AUTHORITY"
[33420] [unknown] FATAL:  SSPI authentication failed for user "fv_gate_service"
[33420] [unknown] DETAIL:  Connection matched file "C:/ProgramData/FluxVault.Tests/NEXT002/963ff329f22848788f7ef9c7592d6293/data/pg_hba.conf" line 1: "host fv_gate_261003 fv_gate_service 127.0.0.1/32 sspi map=fv_gate_system include_realm=1"
[3104] [unknown] LOG:  connection received: host=127.0.0.1 port=49550
[3104] [unknown] LOG:  connection authenticated: identity="NT AUTHORITY\SYSTEM" method=sspi (C:/ProgramData/FluxVault.Tests/NEXT002/963ff329f22848788f7ef9c7592d6293/data/pg_hba.conf:1)
[3104] [unknown] LOG:  no match in usermap "fv_gate_system" for user "fv_gate_service" authenticated as "SYSTEM@NT AUTHORITY"
[3104] [unknown] FATAL:  SSPI authentication failed for user "fv_gate_service"
[3104] [unknown] DETAIL:  Connection matched file "C:/ProgramData/FluxVault.Tests/NEXT002/963ff329f22848788f7ef9c7592d6293/data/pg_hba.conf" line 1: "host fv_gate_261003 fv_gate_service 127.0.0.1/32 sspi map=fv_gate_system include_realm=1"
[23852] [unknown] LOG:  connection received: host=::1 port=49553
[23852] [unknown] LOG:  connection authenticated: identity="NT AUTHORITY\SYSTEM" method=sspi (C:/ProgramData/FluxVault.Tests/NEXT002/963ff329f22848788f7ef9c7592d6293/data/pg_hba.conf:2)
[23852] [unknown] LOG:  no match in usermap "fv_gate_system" for user "fv_gate_service" authenticated as "SYSTEM@NT AUTHORITY"
[23852] [unknown] FATAL:  SSPI authentication failed for user "fv_gate_service"
[23852] [unknown] DETAIL:  Connection matched file "C:/ProgramData/FluxVault.Tests/NEXT002/963ff329f22848788f7ef9c7592d6293/data/pg_hba.conf" line 2: "host fv_gate_261003 fv_gate_service ::1/128 sspi map=fv_gate_system include_realm=1"
[39436] [unknown] LOG:  connection received: host=::1 port=49554
[39436] [unknown] LOG:  connection authenticated: identity="NT AUTHORITY\SYSTEM" method=sspi (C:/ProgramData/FluxVault.Tests/NEXT002/963ff329f22848788f7ef9c7592d6293/data/pg_hba.conf:2)
[39436] [unknown] LOG:  no match in usermap "fv_gate_system" for user "fv_gate_service" authenticated as "SYSTEM@NT AUTHORITY"
[39436] [unknown] FATAL:  SSPI authentication failed for user "fv_gate_service"
[39436] [unknown] DETAIL:  Connection matched file "C:/ProgramData/FluxVault.Tests/NEXT002/963ff329f22848788f7ef9c7592d6293/data/pg_hba.conf" line 2: "host fv_gate_261003 fv_gate_service ::1/128 sspi map=fv_gate_system include_realm=1"
[59020] [unknown] LOG:  connection received: host=::1 port=49559
[59020] [unknown] LOG:  connection authenticated: identity="NT AUTHORITY\SYSTEM" method=sspi (C:/ProgramData/FluxVault.Tests/NEXT002/963ff329f22848788f7ef9c7592d6293/data/pg_hba.conf:2)
[59020] [unknown] LOG:  no match in usermap "fv_gate_system" for user "fv_gate_service" authenticated as "SYSTEM@NT AUTHORITY"
[59020] [unknown] FATAL:  SSPI authentication failed for user "fv_gate_service"
[59020] [unknown] DETAIL:  Connection matched file "C:/ProgramData/FluxVault.Tests/NEXT002/963ff329f22848788f7ef9c7592d6293/data/pg_hba.conf" line 2: "host fv_gate_261003 fv_gate_service ::1/128 sspi map=fv_gate_system include_realm=1"
[35856]  LOG:  received SIGHUP, reloading configuration files
[59076] [unknown] LOG:  connection received: host=127.0.0.1 port=49562
[59076] [unknown] LOG:  connection authenticated: identity="NT AUTHORITY\SYSTEM" method=sspi (C:/ProgramData/FluxVault.Tests/NEXT002/963ff329f22848788f7ef9c7592d6293/data/pg_hba.conf:1)
[59076] [unknown] LOG:  connection authorized: user=fv_gate_service database=fv_gate_261003 application_name=FVGate.6f800ab1c89a464fbda17a11ad8463af.System
[59076] FVGate.6f800ab1c89a464fbda17a11ad8463af.System LOG:  connection ready: setup total=40.150 ms, fork=18.029 ms, authentication=7.360 ms
[30736] [unknown] LOG:  connection received: host=127.0.0.1 port=49563
[30736] [unknown] LOG:  connection authenticated: identity="NT AUTHORITY\SYSTEM" method=sspi (C:/ProgramData/FluxVault.Tests/NEXT002/963ff329f22848788f7ef9c7592d6293/data/pg_hba.conf:1)
[30736] [unknown] LOG:  connection authorized: user=fv_gate_service database=fv_gate_261003 application_name=FVGate.6f800ab1c89a464fbda17a11ad8463af.System
[30736] FVGate.6f800ab1c89a464fbda17a11ad8463af.System LOG:  connection ready: setup total=28.589 ms, fork=17.551 ms, authentication=3.100 ms
[64620] [unknown] LOG:  connection received: host=127.0.0.1 port=49564
[64620] [unknown] LOG:  connection authenticated: identity="NT AUTHORITY\SYSTEM" method=sspi (C:/ProgramData/FluxVault.Tests/NEXT002/963ff329f22848788f7ef9c7592d6293/data/pg_hba.conf:1)
[64620] [unknown] LOG:  connection authorized: user=fv_gate_service database=fv_gate_261003
[64620] [unknown] LOG:  connection ready: setup total=28.867 ms, fork=17.052 ms, authentication=3.763 ms
[52544] [unknown] LOG:  connection received: host=127.0.0.1 port=49565
[52544] [unknown] LOG:  connection authenticated: identity="NT AUTHORITY\SYSTEM" method=sspi (C:/ProgramData/FluxVault.Tests/NEXT002/963ff329f22848788f7ef9c7592d6293/data/pg_hba.conf:1)
[52544] [unknown] LOG:  connection authorized: user=fv_gate_service database=fv_gate_261003
[52544] [unknown] LOG:  connection ready: setup total=29.460 ms, fork=18.188 ms, authentication=3.329 ms
[65084] [unknown] LOG:  connection received: host=127.0.0.1 port=49566
[65084] [unknown] LOG:  connection authenticated: identity="NT AUTHORITY\SYSTEM" method=sspi (C:/ProgramData/FluxVault.Tests/NEXT002/963ff329f22848788f7ef9c7592d6293/data/pg_hba.conf:1)
[65084] [unknown] LOG:  connection authorized: user=fv_gate_service database=fv_gate_261003
[65084] [unknown] LOG:  connection ready: setup total=30.091 ms, fork=18.878 ms, authentication=3.228 ms
[63688] [unknown] LOG:  connection received: host=127.0.0.1 port=49567
[63688] [unknown] LOG:  connection authenticated: identity="NT AUTHORITY\SYSTEM" method=sspi (C:/ProgramData/FluxVault.Tests/NEXT002/963ff329f22848788f7ef9c7592d6293/data/pg_hba.conf:1)
[63688] [unknown] LOG:  connection authorized: user=fv_gate_service database=fv_gate_261003
[63688] [unknown] LOG:  connection ready: setup total=29.265 ms, fork=17.928 ms, authentication=3.250 ms
[56516] [unknown] LOG:  connection received: host=127.0.0.1 port=49568
[56516] [unknown] LOG:  connection authenticated: identity="NT AUTHORITY\SYSTEM" method=sspi (C:/ProgramData/FluxVault.Tests/NEXT002/963ff329f22848788f7ef9c7592d6293/data/pg_hba.conf:1)
[56516] [unknown] LOG:  connection authorized: user=fv_gate_service database=fv_gate_261003
[56516] [unknown] LOG:  connection ready: setup total=30.152 ms, fork=18.748 ms, authentication=3.322 ms
[21156] [unknown] LOG:  connection received: host=127.0.0.1 port=49569
[21156] [unknown] LOG:  connection authenticated: identity="NT AUTHORITY\SYSTEM" method=sspi (C:/ProgramData/FluxVault.Tests/NEXT002/963ff329f22848788f7ef9c7592d6293/data/pg_hba.conf:1)
[21156] [unknown] LOG:  connection authorized: user=fv_gate_service database=fv_gate_261003
[21156] [unknown] LOG:  connection ready: setup total=29.537 ms, fork=18.540 ms, authentication=3.294 ms
[44240] [unknown] LOG:  connection received: host=127.0.0.1 port=49572
[44240] [unknown] LOG:  connection authenticated: identity="NT AUTHORITY\SYSTEM" method=sspi (C:/ProgramData/FluxVault.Tests/NEXT002/963ff329f22848788f7ef9c7592d6293/data/pg_hba.conf:1)
[44240] [unknown] LOG:  connection authorized: user=fv_gate_service database=fv_gate_261003 application_name=FVGate.f7e229c5319e479da419fce09a857cb2.libpq
[44240] FVGate.f7e229c5319e479da419fce09a857cb2.libpq LOG:  connection ready: setup total=32.042 ms, fork=19.541 ms, authentication=4.731 ms
[49816] [unknown] LOG:  connection received: host=::1 port=49573
[49816] [unknown] LOG:  connection authenticated: identity="NT AUTHORITY\SYSTEM" method=sspi (C:/ProgramData/FluxVault.Tests/NEXT002/963ff329f22848788f7ef9c7592d6293/data/pg_hba.conf:2)
[49816] [unknown] LOG:  connection authorized: user=fv_gate_service database=fv_gate_261003 application_name=FVGate.5446dc8f54a84adfa887e74a1b1159d0.System
[49816] FVGate.5446dc8f54a84adfa887e74a1b1159d0.System LOG:  connection ready: setup total=37.049 ms, fork=18.155 ms, authentication=7.482 ms
[30796] [unknown] LOG:  connection received: host=::1 port=49574
[30796] [unknown] LOG:  connection authenticated: identity="NT AUTHORITY\SYSTEM" method=sspi (C:/ProgramData/FluxVault.Tests/NEXT002/963ff329f22848788f7ef9c7592d6293/data/pg_hba.conf:2)
[30796] [unknown] LOG:  connection authorized: user=fv_gate_service database=fv_gate_261003 application_name=FVGate.5446dc8f54a84adfa887e74a1b1159d0.System
[30796] FVGate.5446dc8f54a84adfa887e74a1b1159d0.System LOG:  connection ready: setup total=29.019 ms, fork=17.682 ms, authentication=3.545 ms
[24164] [unknown] LOG:  connection received: host=::1 port=49575
[24164] [unknown] LOG:  connection authenticated: identity="NT AUTHORITY\SYSTEM" method=sspi (C:/ProgramData/FluxVault.Tests/NEXT002/963ff329f22848788f7ef9c7592d6293/data/pg_hba.conf:2)
[24164] [unknown] LOG:  connection authorized: user=fv_gate_service database=fv_gate_261003
[24164] [unknown] LOG:  connection ready: setup total=28.863 ms, fork=17.857 ms, authentication=3.353 ms
[14660] [unknown] LOG:  connection received: host=::1 port=49578
[14660] [unknown] LOG:  connection authenticated: identity="NT AUTHORITY\SYSTEM" method=sspi (C:/ProgramData/FluxVault.Tests/NEXT002/963ff329f22848788f7ef9c7592d6293/data/pg_hba.conf:2)
[14660] [unknown] LOG:  connection authorized: user=fv_gate_service database=fv_gate_261003
[14660] [unknown] LOG:  connection ready: setup total=30.468 ms, fork=18.484 ms, authentication=3.691 ms
[20488] [unknown] LOG:  connection received: host=::1 port=49579
[20488] [unknown] LOG:  connection authenticated: identity="NT AUTHORITY\SYSTEM" method=sspi (C:/ProgramData/FluxVault.Tests/NEXT002/963ff329f22848788f7ef9c7592d6293/data/pg_hba.conf:2)
[20488] [unknown] LOG:  connection authorized: user=fv_gate_service database=fv_gate_261003
[20488] [unknown] LOG:  connection ready: setup total=30.318 ms, fork=18.649 ms, authentication=3.775 ms
[64656] [unknown] LOG:  connection received: host=::1 port=49580
[64656] [unknown] LOG:  connection authenticated: identity="NT AUTHORITY\SYSTEM" method=sspi (C:/ProgramData/FluxVault.Tests/NEXT002/963ff329f22848788f7ef9c7592d6293/data/pg_hba.conf:2)
[64656] [unknown] LOG:  connection authorized: user=fv_gate_service database=fv_gate_261003
[64656] [unknown] LOG:  connection ready: setup total=29.859 ms, fork=18.931 ms, authentication=3.130 ms
[64564] [unknown] LOG:  connection received: host=::1 port=49581
[64564] [unknown] LOG:  connection authenticated: identity="NT AUTHORITY\SYSTEM" method=sspi (C:/ProgramData/FluxVault.Tests/NEXT002/963ff329f22848788f7ef9c7592d6293/data/pg_hba.conf:2)
[64564] [unknown] LOG:  connection authorized: user=fv_gate_service database=fv_gate_261003
[64564] [unknown] LOG:  connection ready: setup total=29.133 ms, fork=18.071 ms, authentication=3.316 ms
[57068] [unknown] LOG:  connection received: host=::1 port=49582
[57068] [unknown] LOG:  connection authenticated: identity="NT AUTHORITY\SYSTEM" method=sspi (C:/ProgramData/FluxVault.Tests/NEXT002/963ff329f22848788f7ef9c7592d6293/data/pg_hba.conf:2)
[57068] [unknown] LOG:  connection authorized: user=fv_gate_service database=fv_gate_261003
[57068] [unknown] LOG:  connection ready: setup total=29.162 ms, fork=18.123 ms, authentication=3.307 ms
[64744] [unknown] LOG:  connection received: host=::1 port=49583
[64744] [unknown] LOG:  connection authenticated: identity="NT AUTHORITY\SYSTEM" method=sspi (C:/ProgramData/FluxVault.Tests/NEXT002/963ff329f22848788f7ef9c7592d6293/data/pg_hba.conf:2)
[64744] [unknown] LOG:  connection authorized: user=fv_gate_service database=fv_gate_261003 application_name=FVGate.83b0b1aee1fa4ed3b7022cdf175b6069.libpq
[64744] FVGate.83b0b1aee1fa4ed3b7022cdf175b6069.libpq LOG:  connection ready: setup total=29.217 ms, fork=16.873 ms, authentication=4.560 ms
[28836] [unknown] LOG:  connection received: host=127.0.0.1 port=57731
[28836] [unknown] LOG:  connection authenticated: identity="OS008-HOME\FVGateA_261003" method=sspi (C:/ProgramData/FluxVault.Tests/NEXT002/963ff329f22848788f7ef9c7592d6293/data/pg_hba.conf:1)
[28836] [unknown] LOG:  no match in usermap "fv_gate_system" for user "fv_gate_service" authenticated as "FVGateA_261003@OS008-HOME"
[28836] [unknown] FATAL:  SSPI authentication failed for user "fv_gate_service"
[28836] [unknown] DETAIL:  Connection matched file "C:/ProgramData/FluxVault.Tests/NEXT002/963ff329f22848788f7ef9c7592d6293/data/pg_hba.conf" line 1: "host fv_gate_261003 fv_gate_service 127.0.0.1/32 sspi map=fv_gate_system include_realm=1"
[64412] [unknown] LOG:  connection received: host=127.0.0.1 port=57732
[64412] [unknown] LOG:  connection authenticated: identity="OS008-HOME\FVGateA_261003" method=sspi (C:/ProgramData/FluxVault.Tests/NEXT002/963ff329f22848788f7ef9c7592d6293/data/pg_hba.conf:1)
[64412] [unknown] LOG:  no match in usermap "fv_gate_system" for user "fv_gate_service" authenticated as "FVGateA_261003@OS008-HOME"
[64412] [unknown] FATAL:  SSPI authentication failed for user "fv_gate_service"
[64412] [unknown] DETAIL:  Connection matched file "C:/ProgramData/FluxVault.Tests/NEXT002/963ff329f22848788f7ef9c7592d6293/data/pg_hba.conf" line 1: "host fv_gate_261003 fv_gate_service 127.0.0.1/32 sspi map=fv_gate_system include_realm=1"
[62080] [unknown] LOG:  connection received: host=127.0.0.1 port=57735
[62080] [unknown] LOG:  connection authenticated: identity="OS008-HOME\FVGateA_261003" method=sspi (C:/ProgramData/FluxVault.Tests/NEXT002/963ff329f22848788f7ef9c7592d6293/data/pg_hba.conf:1)
[62080] [unknown] LOG:  no match in usermap "fv_gate_system" for user "fv_gate_service" authenticated as "FVGateA_261003@OS008-HOME"
[62080] [unknown] FATAL:  SSPI authentication failed for user "fv_gate_service"
[62080] [unknown] DETAIL:  Connection matched file "C:/ProgramData/FluxVault.Tests/NEXT002/963ff329f22848788f7ef9c7592d6293/data/pg_hba.conf" line 1: "host fv_gate_261003 fv_gate_service 127.0.0.1/32 sspi map=fv_gate_system include_realm=1"
[62168] [unknown] LOG:  connection received: host=::1 port=57736
[62168] [unknown] LOG:  connection authenticated: identity="OS008-HOME\FVGateA_261003" method=sspi (C:/ProgramData/FluxVault.Tests/NEXT002/963ff329f22848788f7ef9c7592d6293/data/pg_hba.conf:2)
[62168] [unknown] LOG:  no match in usermap "fv_gate_system" for user "fv_gate_service" authenticated as "FVGateA_261003@OS008-HOME"
[62168] [unknown] FATAL:  SSPI authentication failed for user "fv_gate_service"
[62168] [unknown] DETAIL:  Connection matched file "C:/ProgramData/FluxVault.Tests/NEXT002/963ff329f22848788f7ef9c7592d6293/data/pg_hba.conf" line 2: "host fv_gate_261003 fv_gate_service ::1/128 sspi map=fv_gate_system include_realm=1"
[61132] [unknown] LOG:  connection received: host=::1 port=57737
[61132] [unknown] LOG:  connection authenticated: identity="OS008-HOME\FVGateA_261003" method=sspi (C:/ProgramData/FluxVault.Tests/NEXT002/963ff329f22848788f7ef9c7592d6293/data/pg_hba.conf:2)
[61132] [unknown] LOG:  no match in usermap "fv_gate_system" for user "fv_gate_service" authenticated as "FVGateA_261003@OS008-HOME"
[61132] [unknown] FATAL:  SSPI authentication failed for user "fv_gate_service"
[61132] [unknown] DETAIL:  Connection matched file "C:/ProgramData/FluxVault.Tests/NEXT002/963ff329f22848788f7ef9c7592d6293/data/pg_hba.conf" line 2: "host fv_gate_261003 fv_gate_service ::1/128 sspi map=fv_gate_system include_realm=1"
[57916] [unknown] LOG:  connection received: host=::1 port=57741
[57916] [unknown] LOG:  connection authenticated: identity="OS008-HOME\FVGateA_261003" method=sspi (C:/ProgramData/FluxVault.Tests/NEXT002/963ff329f22848788f7ef9c7592d6293/data/pg_hba.conf:2)
[57916] [unknown] LOG:  no match in usermap "fv_gate_system" for user "fv_gate_service" authenticated as "FVGateA_261003@OS008-HOME"
[57916] [unknown] FATAL:  SSPI authentication failed for user "fv_gate_service"
[57916] [unknown] DETAIL:  Connection matched file "C:/ProgramData/FluxVault.Tests/NEXT002/963ff329f22848788f7ef9c7592d6293/data/pg_hba.conf" line 2: "host fv_gate_261003 fv_gate_service ::1/128 sspi map=fv_gate_system include_realm=1"
[64080] [unknown] LOG:  connection received: host=127.0.0.1 port=57745
[64080] [unknown] LOG:  connection authenticated: identity="OS008-HOME\FVGateB_261003" method=sspi (C:/ProgramData/FluxVault.Tests/NEXT002/963ff329f22848788f7ef9c7592d6293/data/pg_hba.conf:1)
[64080] [unknown] LOG:  no match in usermap "fv_gate_system" for user "fv_gate_service" authenticated as "FVGateB_261003@OS008-HOME"
[64080] [unknown] FATAL:  SSPI authentication failed for user "fv_gate_service"
[64080] [unknown] DETAIL:  Connection matched file "C:/ProgramData/FluxVault.Tests/NEXT002/963ff329f22848788f7ef9c7592d6293/data/pg_hba.conf" line 1: "host fv_gate_261003 fv_gate_service 127.0.0.1/32 sspi map=fv_gate_system include_realm=1"
[61136] [unknown] LOG:  connection received: host=127.0.0.1 port=57746
[61136] [unknown] LOG:  connection authenticated: identity="OS008-HOME\FVGateB_261003" method=sspi (C:/ProgramData/FluxVault.Tests/NEXT002/963ff329f22848788f7ef9c7592d6293/data/pg_hba.conf:1)
[61136] [unknown] LOG:  no match in usermap "fv_gate_system" for user "fv_gate_service" authenticated as "FVGateB_261003@OS008-HOME"
[61136] [unknown] FATAL:  SSPI authentication failed for user "fv_gate_service"
[61136] [unknown] DETAIL:  Connection matched file "C:/ProgramData/FluxVault.Tests/NEXT002/963ff329f22848788f7ef9c7592d6293/data/pg_hba.conf" line 1: "host fv_gate_261003 fv_gate_service 127.0.0.1/32 sspi map=fv_gate_system include_realm=1"
[38948] [unknown] LOG:  connection received: host=127.0.0.1 port=57747
[38948] [unknown] LOG:  connection authenticated: identity="OS008-HOME\FVGateB_261003" method=sspi (C:/ProgramData/FluxVault.Tests/NEXT002/963ff329f22848788f7ef9c7592d6293/data/pg_hba.conf:1)
[38948] [unknown] LOG:  no match in usermap "fv_gate_system" for user "fv_gate_service" authenticated as "FVGateB_261003@OS008-HOME"
[38948] [unknown] FATAL:  SSPI authentication failed for user "fv_gate_service"
[38948] [unknown] DETAIL:  Connection matched file "C:/ProgramData/FluxVault.Tests/NEXT002/963ff329f22848788f7ef9c7592d6293/data/pg_hba.conf" line 1: "host fv_gate_261003 fv_gate_service 127.0.0.1/32 sspi map=fv_gate_system include_realm=1"
[44932] [unknown] LOG:  connection received: host=::1 port=57750
[44932] [unknown] LOG:  connection authenticated: identity="OS008-HOME\FVGateB_261003" method=sspi (C:/ProgramData/FluxVault.Tests/NEXT002/963ff329f22848788f7ef9c7592d6293/data/pg_hba.conf:2)
[44932] [unknown] LOG:  no match in usermap "fv_gate_system" for user "fv_gate_service" authenticated as "FVGateB_261003@OS008-HOME"
[44932] [unknown] FATAL:  SSPI authentication failed for user "fv_gate_service"
[44932] [unknown] DETAIL:  Connection matched file "C:/ProgramData/FluxVault.Tests/NEXT002/963ff329f22848788f7ef9c7592d6293/data/pg_hba.conf" line 2: "host fv_gate_261003 fv_gate_service ::1/128 sspi map=fv_gate_system include_realm=1"
[31488] [unknown] LOG:  connection received: host=::1 port=57751
[31488] [unknown] LOG:  connection authenticated: identity="OS008-HOME\FVGateB_261003" method=sspi (C:/ProgramData/FluxVault.Tests/NEXT002/963ff329f22848788f7ef9c7592d6293/data/pg_hba.conf:2)
[31488] [unknown] LOG:  no match in usermap "fv_gate_system" for user "fv_gate_service" authenticated as "FVGateB_261003@OS008-HOME"
[31488] [unknown] FATAL:  SSPI authentication failed for user "fv_gate_service"
[31488] [unknown] DETAIL:  Connection matched file "C:/ProgramData/FluxVault.Tests/NEXT002/963ff329f22848788f7ef9c7592d6293/data/pg_hba.conf" line 2: "host fv_gate_261003 fv_gate_service ::1/128 sspi map=fv_gate_system include_realm=1"
[43116] [unknown] LOG:  connection received: host=::1 port=57752
[43116] [unknown] LOG:  connection authenticated: identity="OS008-HOME\FVGateB_261003" method=sspi (C:/ProgramData/FluxVault.Tests/NEXT002/963ff329f22848788f7ef9c7592d6293/data/pg_hba.conf:2)
[43116] [unknown] LOG:  no match in usermap "fv_gate_system" for user "fv_gate_service" authenticated as "FVGateB_261003@OS008-HOME"
[43116] [unknown] FATAL:  SSPI authentication failed for user "fv_gate_service"
[43116] [unknown] DETAIL:  Connection matched file "C:/ProgramData/FluxVault.Tests/NEXT002/963ff329f22848788f7ef9c7592d6293/data/pg_hba.conf" line 2: "host fv_gate_261003 fv_gate_service ::1/128 sspi map=fv_gate_system include_realm=1"
[57216] [unknown] LOG:  connection received: host=127.0.0.1 port=57755
[57216] [unknown] LOG:  connection authenticated: identity="NT AUTHORITY\SYSTEM" method=sspi (C:/ProgramData/FluxVault.Tests/NEXT002/963ff329f22848788f7ef9c7592d6293/data/pg_hba.conf:1)
[57216] [unknown] LOG:  connection authorized: user=fv_gate_service database=fv_gate_261003 application_name=FVGate.9bbc1e6b453b4bdc9d46924870a04441.System
[57216] FVGate.9bbc1e6b453b4bdc9d46924870a04441.System LOG:  connection ready: setup total=36.514 ms, fork=17.892 ms, authentication=6.938 ms
[60800] [unknown] LOG:  connection received: host=127.0.0.1 port=57756
[60800] [unknown] LOG:  connection authenticated: identity="NT AUTHORITY\SYSTEM" method=sspi (C:/ProgramData/FluxVault.Tests/NEXT002/963ff329f22848788f7ef9c7592d6293/data/pg_hba.conf:1)
[60800] [unknown] LOG:  connection authorized: user=fv_gate_service database=fv_gate_261003
[60800] [unknown] LOG:  connection ready: setup total=28.584 ms, fork=17.267 ms, authentication=3.440 ms
[63528] [unknown] LOG:  connection received: host=127.0.0.1 port=57757
[63528] [unknown] LOG:  connection authenticated: identity="NT AUTHORITY\SYSTEM" method=sspi (C:/ProgramData/FluxVault.Tests/NEXT002/963ff329f22848788f7ef9c7592d6293/data/pg_hba.conf:1)
[63528] [unknown] LOG:  connection authorized: user=fv_gate_service database=fv_gate_261003
[63528] [unknown] LOG:  connection ready: setup total=28.545 ms, fork=17.519 ms, authentication=3.296 ms
[43480] [unknown] LOG:  connection received: host=127.0.0.1 port=57758
[43480] [unknown] LOG:  connection authenticated: identity="NT AUTHORITY\SYSTEM" method=sspi (C:/ProgramData/FluxVault.Tests/NEXT002/963ff329f22848788f7ef9c7592d6293/data/pg_hba.conf:1)
[43480] [unknown] LOG:  connection authorized: user=fv_gate_service database=fv_gate_261003
[43480] [unknown] LOG:  connection ready: setup total=29.716 ms, fork=18.121 ms, authentication=3.408 ms
[64464] [unknown] LOG:  connection received: host=127.0.0.1 port=57759
[64464] [unknown] LOG:  connection authenticated: identity="NT AUTHORITY\SYSTEM" method=sspi (C:/ProgramData/FluxVault.Tests/NEXT002/963ff329f22848788f7ef9c7592d6293/data/pg_hba.conf:1)
[64464] [unknown] LOG:  connection authorized: user=fv_gate_service database=fv_gate_261003
[64464] [unknown] LOG:  connection ready: setup total=29.427 ms, fork=17.869 ms, authentication=3.465 ms
[33972] [unknown] LOG:  connection received: host=127.0.0.1 port=53895
[33972] [unknown] LOG:  connection authenticated: identity="NT AUTHORITY\SYSTEM" method=sspi (C:/ProgramData/FluxVault.Tests/NEXT002/963ff329f22848788f7ef9c7592d6293/data/pg_hba.conf:1)
[33972] [unknown] LOG:  connection authorized: user=fv_gate_service database=fv_gate_261003
[33972] [unknown] LOG:  connection ready: setup total=30.708 ms, fork=19.082 ms, authentication=3.624 ms
[35856]  LOG:  received fast shutdown request
[35856]  LOG:  aborting any active transactions
[35856]  LOG:  background worker "logical replication launcher" (PID 62528) exited with exit code 1
[49192]  LOG:  shutting down
[49192]  LOG:  checkpoint starting: shutdown immediate
[49192]  LOG:  checkpoint complete: wrote 1128 buffers (27.5%), wrote 3 SLRU buffers; 0 WAL file(s) added, 0 removed, 0 recycled; write=0.034 s, sync=0.311 s, total=0.354 s; sync files=438, longest=0.004 s, average=0.001 s; distance=5921 kB, estimate=5921 kB; lsn=0/1DBBA20, redo lsn=0/1DBBA20
[35856]  LOG:  database system is shut down
