<?xml version="1.0" encoding="utf-8"?>
<TestRun id="44a92b48-6677-4665-92bf-a9fc298ff1ed" name="os008@OS008-HOME 2026-10-04 12:11:45" runUser="OS008-HOME\os008" xmlns="http://microsoft.com/schemas/VisualStudio/TeamTest/2010">
  <Times creation="2026-10-04T12:11:45.4436023+03:00" queuing="2026-10-04T12:11:45.4436024+03:00" start="2026-10-04T12:11:44.8277573+03:00" finish="2026-10-04T12:11:45.4938959+03:00" />
  <TestSettings name="default" id="60e38852-8d97-4007-a094-828c20d7cd15">
    <Deployment runDeploymentRoot="os008_OS008-HOME_2026-10-04_12_11_45" />
  </TestSettings>
  <Results>
    <UnitTestResult executionId="da01de43-6aa4-4f3f-9f68-c398ec64ea66" testId="d091cda8-3269-0e36-defc-47b54a51f5ba" testName="FluxVault.Windows.Tests.WindowsVaultStorageTests.Untrusted_access_that_exposes_or_replaces_storage_is_denied(root: True, rights: 1)" computerName="OS008-HOME" duration="00:00:00.0000078" startTime="2026-10-04T12:11:45.4216965+03:00" endTime="2026-10-04T12:11:45.4217353+03:00" testType="13cdc9d9-ddb5-4fa4-a97d-d965ccfc6d4b" outcome="Passed" testListId="8c84fa94-04c1-424b-9868-57a2d4851a1d" relativeResultsDirectory="da01de43-6aa4-4f3f-9f68-c398ec64ea66" />
    <UnitTestResult executionId="d17d9bdc-dffc-4dc1-a8df-53da99db2ee2" testId="95f03782-f057-85aa-a1c6-db47cb8d944b" testName="FluxVault.Windows.Tests.WindowsVaultStorageTests.Untrusted_access_that_exposes_or_replaces_storage_is_denied(root: False, rights: 268435456)" computerName="OS008-HOME" duration="00:00:00.0000089" startTime="2026-10-04T12:11:45.3993395+03:00" endTime="2026-10-04T12:11:45.3993719+03:00" testType="13cdc9d9-ddb5-4fa4-a97d-d965ccfc6d4b" outcome="Passed" testListId="8c84fa94-04c1-424b-9868-57a2d4851a1d" relativeResultsDirectory="d17d9bdc-dffc-4dc1-a8df-53da99db2ee2" />
    <UnitTestResult executionId="3cb95fb0-d48c-4c6d-a5e6-2e2258ae3eb8" testId="6651f00f-9057-06a0-dbdc-7cd0e72f5610" testName="FluxVault.Windows.Tests.WindowsVaultStorageTests.Untrusted_access_that_exposes_or_replaces_storage_is_denied(root: False, rights: 65536)" computerName="OS008-HOME" duration="00:00:00.0000141" startTime="2026-10-04T12:11:45.3991461+03:00" endTime="2026-10-04T12:11:45.3991790+03:00" testType="13cdc9d9-ddb5-4fa4-a97d-d965ccfc6d4b" outcome="Passed" testListId="8c84fa94-04c1-424b-9868-57a2d4851a1d" relativeResultsDirectory="3cb95fb0-d48c-4c6d-a5e6-2e2258ae3eb8" />
    <UnitTestResult executionId="d543d3df-c9ad-4d83-863d-1e23f174a210" testId="84d0d967-8c61-d3cf-c813-02ff5ef08be2" testName="FluxVault.Windows.Tests.WindowsVaultStorageTests.Untrusted_access_that_exposes_or_replaces_storage_is_denied(root: True, rights: 2)" computerName="OS008-HOME" duration="00:00:00.0000092" startTime="2026-10-04T12:11:45.4219003+03:00" endTime="2026-10-04T12:11:45.4219337+03:00" testType="13cdc9d9-ddb5-4fa4-a97d-d965ccfc6d4b" outcome="Passed" testListId="8c84fa94-04c1-424b-9868-57a2d4851a1d" relativeResultsDirectory="d543d3df-c9ad-4d83-863d-1e23f174a210" />
    <UnitTestResult executionId="76358e27-4aa8-4ac2-9727-190d30a1e6f9" testId="38385bea-e53c-c708-e567-801bc2752ee1" testName="FluxVault.Windows.Tests.WindowsVaultStorageTests.Trusted_ancestor_principals_do_not_receive_private_root_access(principal: &quot;S-1-5-80-956008885-3418522649-1831038044-185329263&quot;···)" computerName="OS008-HOME" duration="00:00:00.0045866" startTime="2026-10-04T12:11:45.3787285+03:00" endTime="2026-10-04T12:11:45.3891108+03:00" testType="13cdc9d9-ddb5-4fa4-a97d-d965ccfc6d4b" outcome="Passed" testListId="8c84fa94-04c1-424b-9868-57a2d4851a1d" relativeResultsDirectory="76358e27-4aa8-4ac2-9727-190d30a1e6f9" />
    <UnitTestResult executionId="e86c3437-1a13-458d-9bc5-05157d0339be" testId="4bf96c30-3028-4af9-7a6a-0c138ef9d56e" testName="FluxVault.Windows.Tests.WindowsVaultStorageTests.Physical_untrusted_read_grant_and_reparse_component_are_denied" computerName="OS008-HOME" duration="00:00:00.0207765" startTime="2026-10-04T12:11:45.4223222+03:00" endTime="2026-10-04T12:11:45.4223515+03:00" testType="13cdc9d9-ddb5-4fa4-a97d-d965ccfc6d4b" outcome="Passed" testListId="8c84fa94-04c1-424b-9868-57a2d4851a1d" relativeResultsDirectory="e86c3437-1a13-458d-9bc5-05157d0339be" />
    <UnitTestResult executionId="84c30114-05dd-45a8-957a-d8f5727eb24c" testId="7f6b3eec-7a7b-af17-317f-66b0fc6c87ed" testName="FluxVault.Windows.Tests.WindowsVaultStorageTests.Untrusted_access_that_exposes_or_replaces_storage_is_denied(root: True, rights: 1073741824)" computerName="OS008-HOME" duration="00:00:00.0000106" startTime="2026-10-04T12:11:45.3994383+03:00" endTime="2026-10-04T12:11:45.3994717+03:00" testType="13cdc9d9-ddb5-4fa4-a97d-d965ccfc6d4b" outcome="Passed" testListId="8c84fa94-04c1-424b-9868-57a2d4851a1d" relativeResultsDirectory="84c30114-05dd-45a8-957a-d8f5727eb24c" />
    <UnitTestResult executionId="f91ca02f-4647-454c-a2c8-ef6a65bd04ca" testId="dd718ebb-f1a9-f24c-3feb-3185d1106a0b" testName="FluxVault.Windows.Tests.WindowsVaultStorageTests.Untrusted_access_that_exposes_or_replaces_storage_is_denied(root: True, rights: -2147483648)" computerName="OS008-HOME" duration="00:00:00.0000097" startTime="2026-10-04T12:11:45.4218059+03:00" endTime="2026-10-04T12:11:45.4218412+03:00" testType="13cdc9d9-ddb5-4fa4-a97d-d965ccfc6d4b" outcome="Passed" testListId="8c84fa94-04c1-424b-9868-57a2d4851a1d" relativeResultsDirectory="f91ca02f-4647-454c-a2c8-ef6a65bd04ca" />
    <UnitTestResult executionId="50834991-27ff-48dd-9382-8b392914da96" testId="f2b6fec3-8687-2d3b-4e39-58dd458f1b5c" testName="FluxVault.Windows.Tests.WindowsVaultStorageTests.Trusted_ancestor_principals_do_not_receive_private_root_access(principal: &quot;S-1-5-21-1-2-3-1002&quot;)" computerName="OS008-HOME" duration="00:00:00.0001346" startTime="2026-10-04T12:11:45.3975687+03:00" endTime="2026-10-04T12:11:45.3976319+03:00" testType="13cdc9d9-ddb5-4fa4-a97d-d965ccfc6d4b" outcome="Passed" testListId="8c84fa94-04c1-424b-9868-57a2d4851a1d" relativeResultsDirectory="50834991-27ff-48dd-9382-8b392914da96" />
    <UnitTestResult executionId="7ebd6d89-a606-4e12-a9a1-31b7ed23e504" testId="314652ef-f873-596e-8077-56223e16a52e" testName="FluxVault.Windows.Tests.WindowsVaultStorageTests.Physical_directory_chain_stays_pinned_until_scope_disposal" computerName="OS008-HOME" duration="00:00:00.0042454" startTime="2026-10-04T12:11:45.4276874+03:00" endTime="2026-10-04T12:11:45.4318739+03:00" testType="13cdc9d9-ddb5-4fa4-a97d-d965ccfc6d4b" outcome="Passed" testListId="8c84fa94-04c1-424b-9868-57a2d4851a1d" relativeResultsDirectory="7ebd6d89-a606-4e12-a9a1-31b7ed23e504" />
    <UnitTestResult executionId="f644ad66-0beb-42c7-915d-a463ca4c9988" testId="46542ce5-a8e5-c771-b152-41a47391edb2" testName="FluxVault.Windows.Tests.WindowsVaultStorageTests.Untrusted_access_that_exposes_or_replaces_storage_is_denied(root: True, rights: 4)" computerName="OS008-HOME" duration="00:00:00.0000134" startTime="2026-10-04T12:11:45.3992395+03:00" endTime="2026-10-04T12:11:45.3992707+03:00" testType="13cdc9d9-ddb5-4fa4-a97d-d965ccfc6d4b" outcome="Passed" testListId="8c84fa94-04c1-424b-9868-57a2d4851a1d" relativeResultsDirectory="f644ad66-0beb-42c7-915d-a463ca4c9988" />
    <UnitTestResult executionId="7f58a976-0e2c-4af0-895f-0cd37cd6216b" testId="0b16f076-25a8-d629-78fa-0a644b5cf093" testName="FluxVault.Windows.Tests.WindowsVaultStorageTests.Physical_root_is_denied_when_a_service_created_child_would_inherit_untrusted_write_access" computerName="OS008-HOME" duration="00:00:00.0059236" startTime="2026-10-04T12:11:45.4238152+03:00" endTime="2026-10-04T12:11:45.4238602+03:00" testType="13cdc9d9-ddb5-4fa4-a97d-d965ccfc6d4b" outcome="Passed" testListId="8c84fa94-04c1-424b-9868-57a2d4851a1d" relativeResultsDirectory="7f58a976-0e2c-4af0-895f-0cd37cd6216b" />
    <UnitTestResult executionId="2505a82d-c107-4d78-b877-7a079f01a711" testId="02b362c0-d602-b197-fae5-5bfeca4e8e2c" testName="FluxVault.Windows.Tests.WindowsVaultStorageTests.Private_root_rejects_untrusted_rights_that_only_apply_to_future_children(flags: ObjectInherit | InheritOnly, rights: 2)" computerName="OS008-HOME" duration="00:00:00.0001596" startTime="2026-10-04T12:11:45.4221211+03:00" endTime="2026-10-04T12:11:45.4221509+03:00" testType="13cdc9d9-ddb5-4fa4-a97d-d965ccfc6d4b" outcome="Passed" testListId="8c84fa94-04c1-424b-9868-57a2d4851a1d" relativeResultsDirectory="2505a82d-c107-4d78-b877-7a079f01a711" />
    <UnitTestResult executionId="6615373c-ada5-4cca-9328-f9a577731936" testId="8e424901-4aa9-9ecf-2520-672427bfcdb8" testName="FluxVault.Windows.Tests.WindowsVaultStorageTests.Untrusted_access_that_exposes_or_replaces_storage_is_denied(root: False, rights: 64)" computerName="OS008-HOME" duration="00:00:00.0001705" startTime="2026-10-04T12:11:45.3990525+03:00" endTime="2026-10-04T12:11:45.3990859+03:00" testType="13cdc9d9-ddb5-4fa4-a97d-d965ccfc6d4b" outcome="Passed" testListId="8c84fa94-04c1-424b-9868-57a2d4851a1d" relativeResultsDirectory="6615373c-ada5-4cca-9328-f9a577731936" />
    <UnitTestResult executionId="5e2dd092-0183-4e60-a51b-9c464fb767b9" testId="82894574-3752-8a44-672b-1a9c964bf674" testName="FluxVault.Windows.Tests.WindowsVaultStorageTests.Untrusted_access_that_exposes_or_replaces_storage_is_denied(root: False, rights: 524288)" computerName="OS008-HOME" duration="00:00:00.0001957" startTime="2026-10-04T12:11:45.3989525+03:00" endTime="2026-10-04T12:11:45.3989870+03:00" testType="13cdc9d9-ddb5-4fa4-a97d-d965ccfc6d4b" outcome="Passed" testListId="8c84fa94-04c1-424b-9868-57a2d4851a1d" relativeResultsDirectory="5e2dd092-0183-4e60-a51b-9c464fb767b9" />
    <UnitTestResult executionId="db5733b9-8910-404a-9689-9f33262cd377" testId="5cc838c1-071d-bd64-48ba-ffcb41913589" testName="FluxVault.Windows.Tests.WindowsVaultStorageTests.Untrusted_access_that_exposes_or_replaces_storage_is_denied(root: False, rights: 262144)" computerName="OS008-HOME" duration="00:00:00.0000089" startTime="2026-10-04T12:11:45.4214143+03:00" endTime="2026-10-04T12:11:45.4214672+03:00" testType="13cdc9d9-ddb5-4fa4-a97d-d965ccfc6d4b" outcome="Passed" testListId="8c84fa94-04c1-424b-9868-57a2d4851a1d" relativeResultsDirectory="db5733b9-8910-404a-9689-9f33262cd377" />
    <UnitTestResult executionId="4c8ce02b-0b11-493b-8855-4fa1df2700f9" testId="8e67272a-30f8-409c-c175-39eda04089cf" testName="FluxVault.Windows.Tests.WindowsVaultStorageTests.Private_root_rejects_untrusted_rights_that_only_apply_to_future_children(flags: ContainerInherit | InheritOnly, rights: 4)" computerName="OS008-HOME" duration="00:00:00.0000167" startTime="2026-10-04T12:11:45.4222047+03:00" endTime="2026-10-04T12:11:45.4222374+03:00" testType="13cdc9d9-ddb5-4fa4-a97d-d965ccfc6d4b" outcome="Passed" testListId="8c84fa94-04c1-424b-9868-57a2d4851a1d" relativeResultsDirectory="4c8ce02b-0b11-493b-8855-4fa1df2700f9" />
    <UnitTestResult executionId="2ee48d65-cdee-4e26-946e-c330c4aad8ba" testId="1002597c-3ef2-f8b7-cec1-27d60310daaf" testName="FluxVault.Windows.Tests.WindowsVaultStorageTests.Protected_file_read_pins_file_and_parent_until_disposal" computerName="OS008-HOME" duration="00:00:00.0036718" startTime="2026-10-04T12:11:45.4319848+03:00" endTime="2026-10-04T12:11:45.4408143+03:00" testType="13cdc9d9-ddb5-4fa4-a97d-d965ccfc6d4b" outcome="Failed" testListId="8c84fa94-04c1-424b-9868-57a2d4851a1d" relativeResultsDirectory="2ee48d65-cdee-4e26-946e-c330c4aad8ba">
      <Output>
        <ErrorInfo>
          <Message>System.UnauthorizedAccessException : Storage ownership or its access policy is untrusted.</Message>
          <StackTrace>   at FluxVault.Windows.Security.WindowsVaultStorageGuard.ValidateDescriptor(RawSecurityDescriptor descriptor, String expectedOwner, IReadOnlySet`1 trusted, Boolean storageRoot) in C:\Users\os008\.codex\worktrees\fluxvault-next002-plan\FluxVault\src\FluxVault.Windows\Security\WindowsVaultStorageGuard.cs:line 106&#xD;
   at FluxVault.Windows.Security.WindowsVaultStorageGuard.CheckDescriptor(SafeFileHandle handle, String expectedOwner, IReadOnlySet`1 trusted, Boolean storageRoot) in C:\Users\os008\.codex\worktrees\fluxvault-next002-plan\FluxVault\src\FluxVault.Windows\Security\WindowsVaultStorageGuard.cs:line 97&#xD;
   at FluxVault.Windows.Security.WindowsVaultStorageGuard.OpenProtectedFile(String path, String expectedOwner, IReadOnlySet`1 trusted) in C:\Users\os008\.codex\worktrees\fluxvault-next002-plan\FluxVault\src\FluxVault.Windows\Security\WindowsVaultStorageGuard.cs:line 82&#xD;
   at FluxVault.Windows.Tests.WindowsVaultStorageTests.Protected_file_read_pins_file_and_parent_until_disposal() in C:\Users\os008\.codex\worktrees\fluxvault-next002-plan\FluxVault\tests\FluxVault.Windows.Tests\WindowsVaultStorageTests.cs:line 117&#xD;
   at System.Reflection.MethodBaseInvoker.InterpretedInvoke_Method(Object obj, IntPtr* args)&#xD;
   at System.Reflection.MethodBaseInvoker.InvokeWithNoArgs(Object obj, BindingFlags invokeAttr)</StackTrace>
        </ErrorInfo>
      </Output>
    </UnitTestResult>
    <UnitTestResult executionId="4186a59f-0844-45d9-916d-4577596829e8" testId="f327e022-d980-612b-1e44-946123269507" testName="FluxVault.Windows.Tests.WindowsVaultStorageTests.Ancestors_allow_sibling_creation_but_private_roots_only_allow_traversal" computerName="OS008-HOME" duration="00:00:00.0003574" startTime="2026-10-04T12:11:45.4224318+03:00" endTime="2026-10-04T12:11:45.4224635+03:00" testType="13cdc9d9-ddb5-4fa4-a97d-d965ccfc6d4b" outcome="Passed" testListId="8c84fa94-04c1-424b-9868-57a2d4851a1d" relativeResultsDirectory="4186a59f-0844-45d9-916d-4577596829e8" />
    <UnitTestResult executionId="6d7861df-0fd7-4ce6-8005-491554074b5c" testId="c36ca7f8-38d2-0c58-ea9e-ed6362e8b99c" testName="FluxVault.Windows.Tests.WindowsVaultStorageTests.Null_acl_and_conditional_unknown_policies_are_denied" computerName="OS008-HOME" duration="00:00:00.0002943" startTime="2026-10-04T12:11:45.3987930+03:00" endTime="2026-10-04T12:11:45.3988346+03:00" testType="13cdc9d9-ddb5-4fa4-a97d-d965ccfc6d4b" outcome="Passed" testListId="8c84fa94-04c1-424b-9868-57a2d4851a1d" relativeResultsDirectory="6d7861df-0fd7-4ce6-8005-491554074b5c" />
    <UnitTestResult executionId="07292839-f588-4bfd-bd9d-2e293a5ba839" testId="721f7266-7d2f-0f91-e984-932ab7b9ead1" testName="FluxVault.Windows.Tests.WindowsVaultStorageTests.Protected_file_rejects_untrusted_file_acl_and_nonfollowing_links" computerName="OS008-HOME" duration="00:00:00.0093396" startTime="2026-10-04T12:11:45.4239508+03:00" endTime="2026-10-04T12:11:45.4275858+03:00" testType="13cdc9d9-ddb5-4fa4-a97d-d965ccfc6d4b" outcome="Passed" testListId="8c84fa94-04c1-424b-9868-57a2d4851a1d" relativeResultsDirectory="07292839-f588-4bfd-bd9d-2e293a5ba839" />
    <UnitTestResult executionId="514fee6c-6db7-44f6-9094-5c5770a5386b" testId="27fe54c1-5b62-c805-9e6f-6b1254d01f61" testName="FluxVault.Windows.Tests.WindowsVaultStorageTests.Private_root_rejects_untrusted_rights_that_only_apply_to_future_children(flags: ObjectInherit | ContainerInherit | InheritOnly, rights: 268435456)" computerName="OS008-HOME" duration="00:00:00.0001920" startTime="2026-10-04T12:11:45.4220248+03:00" endTime="2026-10-04T12:11:45.4220549+03:00" testType="13cdc9d9-ddb5-4fa4-a97d-d965ccfc6d4b" outcome="Passed" testListId="8c84fa94-04c1-424b-9868-57a2d4851a1d" relativeResultsDirectory="514fee6c-6db7-44f6-9094-5c5770a5386b" />
  </Results>
  <TestDefinitions>
    <UnitTest name="FluxVault.Windows.Tests.WindowsVaultStorageTests.Untrusted_access_that_exposes_or_replaces_storage_is_denied(root: True, rights: 1073741824)" storage="c:\users\os008\.codex\worktrees\fluxvault-next002-plan\fluxvault\tests\fluxvault.windows.tests\bin\release\net10.0\fluxvault.windows.tests.dll" id="7f6b3eec-7a7b-af17-317f-66b0fc6c87ed">
      <Execution id="84c30114-05dd-45a8-957a-d8f5727eb24c" />
      <TestMethod codeBase="C:\Users\os008\.codex\worktrees\fluxvault-next002-plan\FluxVault\tests\FluxVault.Windows.Tests\bin\Release\net10.0\FluxVault.Windows.Tests.dll" adapterTypeName="executor://xunit/VsTestRunner3/netcore/" className="FluxVault.Windows.Tests.WindowsVaultStorageTests" name="Untrusted_access_that_exposes_or_replaces_storage_is_denied" />
    </UnitTest>
    <UnitTest name="FluxVault.Windows.Tests.WindowsVaultStorageTests.Untrusted_access_that_exposes_or_replaces_storage_is_denied(root: False, rights: 524288)" storage="c:\users\os008\.codex\worktrees\fluxvault-next002-plan\fluxvault\tests\fluxvault.windows.tests\bin\release\net10.0\fluxvault.windows.tests.dll" id="82894574-3752-8a44-672b-1a9c964bf674">
      <Execution id="5e2dd092-0183-4e60-a51b-9c464fb767b9" />
      <TestMethod codeBase="C:\Users\os008\.codex\worktrees\fluxvault-next002-plan\FluxVault\tests\FluxVault.Windows.Tests\bin\Release\net10.0\FluxVault.Windows.Tests.dll" adapterTypeName="executor://xunit/VsTestRunner3/netcore/" className="FluxVault.Windows.Tests.WindowsVaultStorageTests" name="Untrusted_access_that_exposes_or_replaces_storage_is_denied" />
    </UnitTest>
    <UnitTest name="FluxVault.Windows.Tests.WindowsVaultStorageTests.Physical_root_is_denied_when_a_service_created_child_would_inherit_untrusted_write_access" storage="c:\users\os008\.codex\worktrees\fluxvault-next002-plan\fluxvault\tests\fluxvault.windows.tests\bin\release\net10.0\fluxvault.windows.tests.dll" id="0b16f076-25a8-d629-78fa-0a644b5cf093">
      <Execution id="7f58a976-0e2c-4af0-895f-0cd37cd6216b" />
      <TestMethod codeBase="C:\Users\os008\.codex\worktrees\fluxvault-next002-plan\FluxVault\tests\FluxVault.Windows.Tests\bin\Release\net10.0\FluxVault.Windows.Tests.dll" adapterTypeName="executor://xunit/VsTestRunner3/netcore/" className="FluxVault.Windows.Tests.WindowsVaultStorageTests" name="Physical_root_is_denied_when_a_service_created_child_would_inherit_untrusted_write_access" />
    </UnitTest>
    <UnitTest name="FluxVault.Windows.Tests.WindowsVaultStorageTests.Ancestors_allow_sibling_creation_but_private_roots_only_allow_traversal" storage="c:\users\os008\.codex\worktrees\fluxvault-next002-plan\fluxvault\tests\fluxvault.windows.tests\bin\release\net10.0\fluxvault.windows.tests.dll" id="f327e022-d980-612b-1e44-946123269507">
      <Execution id="4186a59f-0844-45d9-916d-4577596829e8" />
      <TestMethod codeBase="C:\Users\os008\.codex\worktrees\fluxvault-next002-plan\FluxVault\tests\FluxVault.Windows.Tests\bin\Release\net10.0\FluxVault.Windows.Tests.dll" adapterTypeName="executor://xunit/VsTestRunner3/netcore/" className="FluxVault.Windows.Tests.WindowsVaultStorageTests" name="Ancestors_allow_sibling_creation_but_private_roots_only_allow_traversal" />
    </UnitTest>
    <UnitTest name="FluxVault.Windows.Tests.WindowsVaultStorageTests.Untrusted_access_that_exposes_or_replaces_storage_is_denied(root: True, rights: 2)" storage="c:\users\os008\.codex\worktrees\fluxvault-next002-plan\fluxvault\tests\fluxvault.windows.tests\bin\release\net10.0\fluxvault.windows.tests.dll" id="84d0d967-8c61-d3cf-c813-02ff5ef08be2">
      <Execution id="d543d3df-c9ad-4d83-863d-1e23f174a210" />
      <TestMethod codeBase="C:\Users\os008\.codex\worktrees\fluxvault-next002-plan\FluxVault\tests\FluxVault.Windows.Tests\bin\Release\net10.0\FluxVault.Windows.Tests.dll" adapterTypeName="executor://xunit/VsTestRunner3/netcore/" className="FluxVault.Windows.Tests.WindowsVaultStorageTests" name="Untrusted_access_that_exposes_or_replaces_storage_is_denied" />
    </UnitTest>
    <UnitTest name="FluxVault.Windows.Tests.WindowsVaultStorageTests.Private_root_rejects_untrusted_rights_that_only_apply_to_future_children(flags: ContainerInherit | InheritOnly, rights: 4)" storage="c:\users\os008\.codex\worktrees\fluxvault-next002-plan\fluxvault\tests\fluxvault.windows.tests\bin\release\net10.0\fluxvault.windows.tests.dll" id="8e67272a-30f8-409c-c175-39eda04089cf">
      <Execution id="4c8ce02b-0b11-493b-8855-4fa1df2700f9" />
      <TestMethod codeBase="C:\Users\os008\.codex\worktrees\fluxvault-next002-plan\FluxVault\tests\FluxVault.Windows.Tests\bin\Release\net10.0\FluxVault.Windows.Tests.dll" adapterTypeName="executor://xunit/VsTestRunner3/netcore/" className="FluxVault.Windows.Tests.WindowsVaultStorageTests" name="Private_root_rejects_untrusted_rights_that_only_apply_to_future_children" />
    </UnitTest>
    <UnitTest name="FluxVault.Windows.Tests.WindowsVaultStorageTests.Untrusted_access_that_exposes_or_replaces_storage_is_denied(root: True, rights: -2147483648)" storage="c:\users\os008\.codex\worktrees\fluxvault-next002-plan\fluxvault\tests\fluxvault.windows.tests\bin\release\net10.0\fluxvault.windows.tests.dll" id="dd718ebb-f1a9-f24c-3feb-3185d1106a0b">
      <Execution id="f91ca02f-4647-454c-a2c8-ef6a65bd04ca" />
      <TestMethod codeBase="C:\Users\os008\.codex\worktrees\fluxvault-next002-plan\FluxVault\tests\FluxVault.Windows.Tests\bin\Release\net10.0\FluxVault.Windows.Tests.dll" adapterTypeName="executor://xunit/VsTestRunner3/netcore/" className="FluxVault.Windows.Tests.WindowsVaultStorageTests" name="Untrusted_access_that_exposes_or_replaces_storage_is_denied" />
    </UnitTest>
    <UnitTest name="FluxVault.Windows.Tests.WindowsVaultStorageTests.Untrusted_access_that_exposes_or_replaces_storage_is_denied(root: True, rights: 4)" storage="c:\users\os008\.codex\worktrees\fluxvault-next002-plan\fluxvault\tests\fluxvault.windows.tests\bin\release\net10.0\fluxvault.windows.tests.dll" id="46542ce5-a8e5-c771-b152-41a47391edb2">
      <Execution id="f644ad66-0beb-42c7-915d-a463ca4c9988" />
      <TestMethod codeBase="C:\Users\os008\.codex\worktrees\fluxvault-next002-plan\FluxVault\tests\FluxVault.Windows.Tests\bin\Release\net10.0\FluxVault.Windows.Tests.dll" adapterTypeName="executor://xunit/VsTestRunner3/netcore/" className="FluxVault.Windows.Tests.WindowsVaultStorageTests" name="Untrusted_access_that_exposes_or_replaces_storage_is_denied" />
    </UnitTest>
    <UnitTest name="FluxVault.Windows.Tests.WindowsVaultStorageTests.Trusted_ancestor_principals_do_not_receive_private_root_access(principal: &quot;S-1-5-80-956008885-3418522649-1831038044-185329263&quot;···)" storage="c:\users\os008\.codex\worktrees\fluxvault-next002-plan\fluxvault\tests\fluxvault.windows.tests\bin\release\net10.0\fluxvault.windows.tests.dll" id="38385bea-e53c-c708-e567-801bc2752ee1">
      <Execution id="76358e27-4aa8-4ac2-9727-190d30a1e6f9" />
      <TestMethod codeBase="C:\Users\os008\.codex\worktrees\fluxvault-next002-plan\FluxVault\tests\FluxVault.Windows.Tests\bin\Release\net10.0\FluxVault.Windows.Tests.dll" adapterTypeName="executor://xunit/VsTestRunner3/netcore/" className="FluxVault.Windows.Tests.WindowsVaultStorageTests" name="Trusted_ancestor_principals_do_not_receive_private_root_access" />
    </UnitTest>
    <UnitTest name="FluxVault.Windows.Tests.WindowsVaultStorageTests.Physical_directory_chain_stays_pinned_until_scope_disposal" storage="c:\users\os008\.codex\worktrees\fluxvault-next002-plan\fluxvault\tests\fluxvault.windows.tests\bin\release\net10.0\fluxvault.windows.tests.dll" id="314652ef-f873-596e-8077-56223e16a52e">
      <Execution id="7ebd6d89-a606-4e12-a9a1-31b7ed23e504" />
      <TestMethod codeBase="C:\Users\os008\.codex\worktrees\fluxvault-next002-plan\FluxVault\tests\FluxVault.Windows.Tests\bin\Release\net10.0\FluxVault.Windows.Tests.dll" adapterTypeName="executor://xunit/VsTestRunner3/netcore/" className="FluxVault.Windows.Tests.WindowsVaultStorageTests" name="Physical_directory_chain_stays_pinned_until_scope_disposal" />
    </UnitTest>
    <UnitTest name="FluxVault.Windows.Tests.WindowsVaultStorageTests.Untrusted_access_that_exposes_or_replaces_storage_is_denied(root: False, rights: 268435456)" storage="c:\users\os008\.codex\worktrees\fluxvault-next002-plan\fluxvault\tests\fluxvault.windows.tests\bin\release\net10.0\fluxvault.windows.tests.dll" id="95f03782-f057-85aa-a1c6-db47cb8d944b">
      <Execution id="d17d9bdc-dffc-4dc1-a8df-53da99db2ee2" />
      <TestMethod codeBase="C:\Users\os008\.codex\worktrees\fluxvault-next002-plan\FluxVault\tests\FluxVault.Windows.Tests\bin\Release\net10.0\FluxVault.Windows.Tests.dll" adapterTypeName="executor://xunit/VsTestRunner3/netcore/" className="FluxVault.Windows.Tests.WindowsVaultStorageTests" name="Untrusted_access_that_exposes_or_replaces_storage_is_denied" />
    </UnitTest>
    <UnitTest name="FluxVault.Windows.Tests.WindowsVaultStorageTests.Physical_untrusted_read_grant_and_reparse_component_are_denied" storage="c:\users\os008\.codex\worktrees\fluxvault-next002-plan\fluxvault\tests\fluxvault.windows.tests\bin\release\net10.0\fluxvault.windows.tests.dll" id="4bf96c30-3028-4af9-7a6a-0c138ef9d56e">
      <Execution id="e86c3437-1a13-458d-9bc5-05157d0339be" />
      <TestMethod codeBase="C:\Users\os008\.codex\worktrees\fluxvault-next002-plan\FluxVault\tests\FluxVault.Windows.Tests\bin\Release\net10.0\FluxVault.Windows.Tests.dll" adapterTypeName="executor://xunit/VsTestRunner3/netcore/" className="FluxVault.Windows.Tests.WindowsVaultStorageTests" name="Physical_untrusted_read_grant_and_reparse_component_are_denied" />
    </UnitTest>
    <UnitTest name="FluxVault.Windows.Tests.WindowsVaultStorageTests.Protected_file_read_pins_file_and_parent_until_disposal" storage="c:\users\os008\.codex\worktrees\fluxvault-next002-plan\fluxvault\tests\fluxvault.windows.tests\bin\release\net10.0\fluxvault.windows.tests.dll" id="1002597c-3ef2-f8b7-cec1-27d60310daaf">
      <Execution id="2ee48d65-cdee-4e26-946e-c330c4aad8ba" />
      <TestMethod codeBase="C:\Users\os008\.codex\worktrees\fluxvault-next002-plan\FluxVault\tests\FluxVault.Windows.Tests\bin\Release\net10.0\FluxVault.Windows.Tests.dll" adapterTypeName="executor://xunit/VsTestRunner3/netcore/" className="FluxVault.Windows.Tests.WindowsVaultStorageTests" name="Protected_file_read_pins_file_and_parent_until_disposal" />
    </UnitTest>
    <UnitTest name="FluxVault.Windows.Tests.WindowsVaultStorageTests.Null_acl_and_conditional_unknown_policies_are_denied" storage="c:\users\os008\.codex\worktrees\fluxvault-next002-plan\fluxvault\tests\fluxvault.windows.tests\bin\release\net10.0\fluxvault.windows.tests.dll" id="c36ca7f8-38d2-0c58-ea9e-ed6362e8b99c">
      <Execution id="6d7861df-0fd7-4ce6-8005-491554074b5c" />
      <TestMethod codeBase="C:\Users\os008\.codex\worktrees\fluxvault-next002-plan\FluxVault\tests\FluxVault.Windows.Tests\bin\Release\net10.0\FluxVault.Windows.Tests.dll" adapterTypeName="executor://xunit/VsTestRunner3/netcore/" className="FluxVault.Windows.Tests.WindowsVaultStorageTests" name="Null_acl_and_conditional_unknown_policies_are_denied" />
    </UnitTest>
    <UnitTest name="FluxVault.Windows.Tests.WindowsVaultStorageTests.Trusted_ancestor_principals_do_not_receive_private_root_access(principal: &quot;S-1-5-21-1-2-3-1002&quot;)" storage="c:\users\os008\.codex\worktrees\fluxvault-next002-plan\fluxvault\tests\fluxvault.windows.tests\bin\release\net10.0\fluxvault.windows.tests.dll" id="f2b6fec3-8687-2d3b-4e39-58dd458f1b5c">
      <Execution id="50834991-27ff-48dd-9382-8b392914da96" />
      <TestMethod codeBase="C:\Users\os008\.codex\worktrees\fluxvault-next002-plan\FluxVault\tests\FluxVault.Windows.Tests\bin\Release\net10.0\FluxVault.Windows.Tests.dll" adapterTypeName="executor://xunit/VsTestRunner3/netcore/" className="FluxVault.Windows.Tests.WindowsVaultStorageTests" name="Trusted_ancestor_principals_do_not_receive_private_root_access" />
    </UnitTest>
    <UnitTest name="FluxVault.Windows.Tests.WindowsVaultStorageTests.Untrusted_access_that_exposes_or_replaces_storage_is_denied(root: True, rights: 1)" storage="c:\users\os008\.codex\worktrees\fluxvault-next002-plan\fluxvault\tests\fluxvault.windows.tests\bin\release\net10.0\fluxvault.windows.tests.dll" id="d091cda8-3269-0e36-defc-47b54a51f5ba">
      <Execution id="da01de43-6aa4-4f3f-9f68-c398ec64ea66" />
      <TestMethod codeBase="C:\Users\os008\.codex\worktrees\fluxvault-next002-plan\FluxVault\tests\FluxVault.Windows.Tests\bin\Release\net10.0\FluxVault.Windows.Tests.dll" adapterTypeName="executor://xunit/VsTestRunner3/netcore/" className="FluxVault.Windows.Tests.WindowsVaultStorageTests" name="Untrusted_access_that_exposes_or_replaces_storage_is_denied" />
    </UnitTest>
    <UnitTest name="FluxVault.Windows.Tests.WindowsVaultStorageTests.Private_root_rejects_untrusted_rights_that_only_apply_to_future_children(flags: ObjectInherit | ContainerInherit | InheritOnly, rights: 268435456)" storage="c:\users\os008\.codex\worktrees\fluxvault-next002-plan\fluxvault\tests\fluxvault.windows.tests\bin\release\net10.0\fluxvault.windows.tests.dll" id="27fe54c1-5b62-c805-9e6f-6b1254d01f61">
      <Execution id="514fee6c-6db7-44f6-9094-5c5770a5386b" />
      <TestMethod codeBase="C:\Users\os008\.codex\worktrees\fluxvault-next002-plan\FluxVault\tests\FluxVault.Windows.Tests\bin\Release\net10.0\FluxVault.Windows.Tests.dll" adapterTypeName="executor://xunit/VsTestRunner3/netcore/" className="FluxVault.Windows.Tests.WindowsVaultStorageTests" name="Private_root_rejects_untrusted_rights_that_only_apply_to_future_children" />
    </UnitTest>
    <UnitTest name="FluxVault.Windows.Tests.WindowsVaultStorageTests.Untrusted_access_that_exposes_or_replaces_storage_is_denied(root: False, rights: 65536)" storage="c:\users\os008\.codex\worktrees\fluxvault-next002-plan\fluxvault\tests\fluxvault.windows.tests\bin\release\net10.0\fluxvault.windows.tests.dll" id="6651f00f-9057-06a0-dbdc-7cd0e72f5610">
      <Execution id="3cb95fb0-d48c-4c6d-a5e6-2e2258ae3eb8" />
      <TestMethod codeBase="C:\Users\os008\.codex\worktrees\fluxvault-next002-plan\FluxVault\tests\FluxVault.Windows.Tests\bin\Release\net10.0\FluxVault.Windows.Tests.dll" adapterTypeName="executor://xunit/VsTestRunner3/netcore/" className="FluxVault.Windows.Tests.WindowsVaultStorageTests" name="Untrusted_access_that_exposes_or_replaces_storage_is_denied" />
    </UnitTest>
    <UnitTest name="FluxVault.Windows.Tests.WindowsVaultStorageTests.Private_root_rejects_untrusted_rights_that_only_apply_to_future_children(flags: ObjectInherit | InheritOnly, rights: 2)" storage="c:\users\os008\.codex\worktrees\fluxvault-next002-plan\fluxvault\tests\fluxvault.windows.tests\bin\release\net10.0\fluxvault.windows.tests.dll" id="02b362c0-d602-b197-fae5-5bfeca4e8e2c">
      <Execution id="2505a82d-c107-4d78-b877-7a079f01a711" />
      <TestMethod codeBase="C:\Users\os008\.codex\worktrees\fluxvault-next002-plan\FluxVault\tests\FluxVault.Windows.Tests\bin\Release\net10.0\FluxVault.Windows.Tests.dll" adapterTypeName="executor://xunit/VsTestRunner3/netcore/" className="FluxVault.Windows.Tests.WindowsVaultStorageTests" name="Private_root_rejects_untrusted_rights_that_only_apply_to_future_children" />
    </UnitTest>
    <UnitTest name="FluxVault.Windows.Tests.WindowsVaultStorageTests.Protected_file_rejects_untrusted_file_acl_and_nonfollowing_links" storage="c:\users\os008\.codex\worktrees\fluxvault-next002-plan\fluxvault\tests\fluxvault.windows.tests\bin\release\net10.0\fluxvault.windows.tests.dll" id="721f7266-7d2f-0f91-e984-932ab7b9ead1">
      <Execution id="07292839-f588-4bfd-bd9d-2e293a5ba839" />
      <TestMethod codeBase="C:\Users\os008\.codex\worktrees\fluxvault-next002-plan\FluxVault\tests\FluxVault.Windows.Tests\bin\Release\net10.0\FluxVault.Windows.Tests.dll" adapterTypeName="executor://xunit/VsTestRunner3/netcore/" className="FluxVault.Windows.Tests.WindowsVaultStorageTests" name="Protected_file_rejects_untrusted_file_acl_and_nonfollowing_links" />
    </UnitTest>
    <UnitTest name="FluxVault.Windows.Tests.WindowsVaultStorageTests.Untrusted_access_that_exposes_or_replaces_storage_is_denied(root: False, rights: 262144)" storage="c:\users\os008\.codex\worktrees\fluxvault-next002-plan\fluxvault\tests\fluxvault.windows.tests\bin\release\net10.0\fluxvault.windows.tests.dll" id="5cc838c1-071d-bd64-48ba-ffcb41913589">
      <Execution id="db5733b9-8910-404a-9689-9f33262cd377" />
      <TestMethod codeBase="C:\Users\os008\.codex\worktrees\fluxvault-next002-plan\FluxVault\tests\FluxVault.Windows.Tests\bin\Release\net10.0\FluxVault.Windows.Tests.dll" adapterTypeName="executor://xunit/VsTestRunner3/netcore/" className="FluxVault.Windows.Tests.WindowsVaultStorageTests" name="Untrusted_access_that_exposes_or_replaces_storage_is_denied" />
    </UnitTest>
    <UnitTest name="FluxVault.Windows.Tests.WindowsVaultStorageTests.Untrusted_access_that_exposes_or_replaces_storage_is_denied(root: False, rights: 64)" storage="c:\users\os008\.codex\worktrees\fluxvault-next002-plan\fluxvault\tests\fluxvault.windows.tests\bin\release\net10.0\fluxvault.windows.tests.dll" id="8e424901-4aa9-9ecf-2520-672427bfcdb8">
      <Execution id="6615373c-ada5-4cca-9328-f9a577731936" />
      <TestMethod codeBase="C:\Users\os008\.codex\worktrees\fluxvault-next002-plan\FluxVault\tests\FluxVault.Windows.Tests\bin\Release\net10.0\FluxVault.Windows.Tests.dll" adapterTypeName="executor://xunit/VsTestRunner3/netcore/" className="FluxVault.Windows.Tests.WindowsVaultStorageTests" name="Untrusted_access_that_exposes_or_replaces_storage_is_denied" />
    </UnitTest>
  </TestDefinitions>
  <TestEntries>
    <TestEntry testId="d091cda8-3269-0e36-defc-47b54a51f5ba" executionId="da01de43-6aa4-4f3f-9f68-c398ec64ea66" testListId="8c84fa94-04c1-424b-9868-57a2d4851a1d" />
    <TestEntry testId="95f03782-f057-85aa-a1c6-db47cb8d944b" executionId="d17d9bdc-dffc-4dc1-a8df-53da99db2ee2" testListId="8c84fa94-04c1-424b-9868-57a2d4851a1d" />
    <TestEntry testId="6651f00f-9057-06a0-dbdc-7cd0e72f5610" executionId="3cb95fb0-d48c-4c6d-a5e6-2e2258ae3eb8" testListId="8c84fa94-04c1-424b-9868-57a2d4851a1d" />
    <TestEntry testId="84d0d967-8c61-d3cf-c813-02ff5ef08be2" executionId="d543d3df-c9ad-4d83-863d-1e23f174a210" testListId="8c84fa94-04c1-424b-9868-57a2d4851a1d" />
    <TestEntry testId="38385bea-e53c-c708-e567-801bc2752ee1" executionId="76358e27-4aa8-4ac2-9727-190d30a1e6f9" testListId="8c84fa94-04c1-424b-9868-57a2d4851a1d" />
    <TestEntry testId="4bf96c30-3028-4af9-7a6a-0c138ef9d56e" executionId="e86c3437-1a13-458d-9bc5-05157d0339be" testListId="8c84fa94-04c1-424b-9868-57a2d4851a1d" />
    <TestEntry testId="7f6b3eec-7a7b-af17-317f-66b0fc6c87ed" executionId="84c30114-05dd-45a8-957a-d8f5727eb24c" testListId="8c84fa94-04c1-424b-9868-57a2d4851a1d" />
    <TestEntry testId="dd718ebb-f1a9-f24c-3feb-3185d1106a0b" executionId="f91ca02f-4647-454c-a2c8-ef6a65bd04ca" testListId="8c84fa94-04c1-424b-9868-57a2d4851a1d" />
    <TestEntry testId="f2b6fec3-8687-2d3b-4e39-58dd458f1b5c" executionId="50834991-27ff-48dd-9382-8b392914da96" testListId="8c84fa94-04c1-424b-9868-57a2d4851a1d" />
    <TestEntry testId="314652ef-f873-596e-8077-56223e16a52e" executionId="7ebd6d89-a606-4e12-a9a1-31b7ed23e504" testListId="8c84fa94-04c1-424b-9868-57a2d4851a1d" />
    <TestEntry testId="46542ce5-a8e5-c771-b152-41a47391edb2" executionId="f644ad66-0beb-42c7-915d-a463ca4c9988" testListId="8c84fa94-04c1-424b-9868-57a2d4851a1d" />
    <TestEntry testId="0b16f076-25a8-d629-78fa-0a644b5cf093" executionId="7f58a976-0e2c-4af0-895f-0cd37cd6216b" testListId="8c84fa94-04c1-424b-9868-57a2d4851a1d" />
    <TestEntry testId="02b362c0-d602-b197-fae5-5bfeca4e8e2c" executionId="2505a82d-c107-4d78-b877-7a079f01a711" testListId="8c84fa94-04c1-424b-9868-57a2d4851a1d" />
    <TestEntry testId="8e424901-4aa9-9ecf-2520-672427bfcdb8" executionId="6615373c-ada5-4cca-9328-f9a577731936" testListId="8c84fa94-04c1-424b-9868-57a2d4851a1d" />
    <TestEntry testId="82894574-3752-8a44-672b-1a9c964bf674" executionId="5e2dd092-0183-4e60-a51b-9c464fb767b9" testListId="8c84fa94-04c1-424b-9868-57a2d4851a1d" />
    <TestEntry testId="5cc838c1-071d-bd64-48ba-ffcb41913589" executionId="db5733b9-8910-404a-9689-9f33262cd377" testListId="8c84fa94-04c1-424b-9868-57a2d4851a1d" />
    <TestEntry testId="8e67272a-30f8-409c-c175-39eda04089cf" executionId="4c8ce02b-0b11-493b-8855-4fa1df2700f9" testListId="8c84fa94-04c1-424b-9868-57a2d4851a1d" />
    <TestEntry testId="1002597c-3ef2-f8b7-cec1-27d60310daaf" executionId="2ee48d65-cdee-4e26-946e-c330c4aad8ba" testListId="8c84fa94-04c1-424b-9868-57a2d4851a1d" />
    <TestEntry testId="f327e022-d980-612b-1e44-946123269507" executionId="4186a59f-0844-45d9-916d-4577596829e8" testListId="8c84fa94-04c1-424b-9868-57a2d4851a1d" />
    <TestEntry testId="c36ca7f8-38d2-0c58-ea9e-ed6362e8b99c" executionId="6d7861df-0fd7-4ce6-8005-491554074b5c" testListId="8c84fa94-04c1-424b-9868-57a2d4851a1d" />
    <TestEntry testId="721f7266-7d2f-0f91-e984-932ab7b9ead1" executionId="07292839-f588-4bfd-bd9d-2e293a5ba839" testListId="8c84fa94-04c1-424b-9868-57a2d4851a1d" />
    <TestEntry testId="27fe54c1-5b62-c805-9e6f-6b1254d01f61" executionId="514fee6c-6db7-44f6-9094-5c5770a5386b" testListId="8c84fa94-04c1-424b-9868-57a2d4851a1d" />
  </TestEntries>
  <TestLists>
    <TestList name="Results Not in a List" id="8c84fa94-04c1-424b-9868-57a2d4851a1d" />
    <TestList name="All Loaded Results" id="19431567-8539-422a-85d7-44ee4e166bda" />
  </TestLists>
  <ResultSummary outcome="Failed">
    <Counters total="22" executed="22" passed="21" failed="1" error="0" timeout="0" aborted="0" inconclusive="0" passedButRunAborted="0" notRunnable="0" notExecuted="0" disconnected="0" warning="0" completed="0" inProgress="0" pending="0" />
    <Output>
      <StdOut>[xUnit.net 00:00:00.00] xUnit.net VSTest Adapter v3.1.4+50e68bbb8b (64-bit .NET 10.0.12)&#xD;
[xUnit.net 00:00:00.07]   Discovering: FluxVault.Windows.Tests&#xD;
[xUnit.net 00:00:00.14]   Discovered:  FluxVault.Windows.Tests&#xD;
[xUnit.net 00:00:00.17]   Starting:    FluxVault.Windows.Tests&#xD;
[xUnit.net 00:00:00.25]       System.UnauthorizedAccessException : Storage ownership or its access policy is untrusted.&#xD;
[xUnit.net 00:00:00.25]       Stack Trace:&#xD;
[xUnit.net 00:00:00.25]         C:\Users\os008\.codex\worktrees\fluxvault-next002-plan\FluxVault\src\FluxVault.Windows\Security\WindowsVaultStorageGuard.cs(106,0): at FluxVault.Windows.Security.WindowsVaultStorageGuard.ValidateDescriptor(RawSecurityDescriptor descriptor, String expectedOwner, IReadOnlySet`1 trusted, Boolean storageRoot)&#xD;
[xUnit.net 00:00:00.25]         C:\Users\os008\.codex\worktrees\fluxvault-next002-plan\FluxVault\src\FluxVault.Windows\Security\WindowsVaultStorageGuard.cs(97,0): at FluxVault.Windows.Security.WindowsVaultStorageGuard.CheckDescriptor(SafeFileHandle handle, String expectedOwner, IReadOnlySet`1 trusted, Boolean storageRoot)&#xD;
[xUnit.net 00:00:00.25]         C:\Users\os008\.codex\worktrees\fluxvault-next002-plan\FluxVault\src\FluxVault.Windows\Security\WindowsVaultStorageGuard.cs(82,0): at FluxVault.Windows.Security.WindowsVaultStorageGuard.OpenProtectedFile(String path, String expectedOwner, IReadOnlySet`1 trusted)&#xD;
[xUnit.net 00:00:00.25]         C:\Users\os008\.codex\worktrees\fluxvault-next002-plan\FluxVault\tests\FluxVault.Windows.Tests\WindowsVaultStorageTests.cs(117,0): at FluxVault.Windows.Tests.WindowsVaultStorageTests.Protected_file_read_pins_file_and_parent_until_disposal()&#xD;
[xUnit.net 00:00:00.25]            at System.Reflection.MethodBaseInvoker.InterpretedInvoke_Method(Object obj, IntPtr* args)&#xD;
[xUnit.net 00:00:00.25]            at System.Reflection.MethodBaseInvoker.InvokeWithNoArgs(Object obj, BindingFlags invokeAttr)&#xD;
[xUnit.net 00:00:00.26]   Finished:    FluxVault.Windows.Tests&#xD;
</StdOut>
    </Output>
    <RunInfos>
      <RunInfo computerName="OS008-HOME" outcome="Error" timestamp="2026-10-04T12:11:45.4495420+03:00">
        <Text>[xUnit.net 00:00:00.25]     FluxVault.Windows.Tests.WindowsVaultStorageTests.Protected_file_read_pins_file_and_parent_until_disposal [FAIL]</Text>
      </RunInfo>
    </RunInfos>
  </ResultSummary>
</TestRun>